Component: ARM Compiler 5.06 update 3 (build 300) Tool: armlink [4d35c9]

==============================================================================

Section Cross References

    startup_stm32f427xx.o(RESET) refers to startup_stm32f427xx.o(STACK) for __initial_sp
    startup_stm32f427xx.o(RESET) refers to startup_stm32f427xx.o(.text) for Reset_Handler
    startup_stm32f427xx.o(RESET) refers to interrupt.o(i.NMI_Handler) for NMI_Handler
    startup_stm32f427xx.o(RESET) refers to interrupt.o(i.HardFault_Handler) for HardFault_Handler
    startup_stm32f427xx.o(RESET) refers to interrupt.o(i.MemManage_Handler) for MemManage_Handler
    startup_stm32f427xx.o(RESET) refers to interrupt.o(i.BusFault_Handler) for BusFault_Handler
    startup_stm32f427xx.o(RESET) refers to interrupt.o(i.UsageFault_Handler) for UsageFault_Handler
    startup_stm32f427xx.o(RESET) refers to interrupt.o(i.SVC_Handler) for SVC_Handler
    startup_stm32f427xx.o(RESET) refers to interrupt.o(i.DebugMon_Handler) for DebugMon_Handler
    startup_stm32f427xx.o(RESET) refers to interrupt.o(i.PendSV_Handler) for PendSV_Handler
    startup_stm32f427xx.o(RESET) refers to interrupt.o(i.SysTick_Handler) for SysTick_Handler
    startup_stm32f427xx.o(RESET) refers to interrupt.o(i.DMA1_Stream4_IRQHandler) for DMA1_Stream4_IRQHandler
    startup_stm32f427xx.o(RESET) refers to interrupt.o(i.DMA1_Stream5_IRQHandler) for DMA1_Stream5_IRQHandler
    startup_stm32f427xx.o(RESET) refers to interrupt.o(i.TIM3_IRQHandler) for TIM3_IRQHandler
    startup_stm32f427xx.o(RESET) refers to interrupt.o(i.DMA2_Stream1_IRQHandler) for DMA2_Stream1_IRQHandler
    startup_stm32f427xx.o(.text) refers to system_stm32f4xx.o(i.SystemInit) for SystemInit
    startup_stm32f427xx.o(.text) refers to entry.o(.ARM.Collect$$$$00000000) for __main
    main.o(i.ConfigLED) refers to stm32f4xx_hal_gpio.o(i.HAL_GPIO_Init) for HAL_GPIO_Init
    main.o(i.ConfigLED) refers to stm32f4xx_hal_gpio.o(i.HAL_GPIO_WritePin) for HAL_GPIO_WritePin
    main.o(i.ConfigTimer) refers to stm32f4xx_hal_tim.o(i.HAL_TIM_Base_Init) for HAL_TIM_Base_Init
    main.o(i.ConfigTimer) refers to stm32f4xx_hal_cortex.o(i.HAL_NVIC_SetPriority) for HAL_NVIC_SetPriority
    main.o(i.ConfigTimer) refers to stm32f4xx_hal_cortex.o(i.HAL_NVIC_EnableIRQ) for HAL_NVIC_EnableIRQ
    main.o(i.ConfigTimer) refers to stm32f4xx_hal_tim.o(i.HAL_TIM_Base_Start_IT) for HAL_TIM_Base_Start_IT
    main.o(i.ConfigTimer) refers to main.o(.bss) for .bss
    main.o(i.ConfigTimer) refers to system_stm32f4xx.o(.data) for SystemCoreClock
    main.o(i.ConfigUART) refers to stm32f4xx_hal_uart.o(i.HAL_UART_Init) for HAL_UART_Init
    main.o(i.ConfigUART) refers to main.o(.bss) for .bss
    main.o(i.HAL_TIM_PeriodElapsedCallback) refers to main.o(.data) for .data
    main.o(i.SendInt) refers to stm32f4xx_hal_uart.o(i.HAL_UART_Transmit) for HAL_UART_Transmit
    main.o(i.SendInt) refers to main.o(.bss) for .bss
    main.o(i.SendIntStr) refers to printfa.o(i.__0sprintf) for __2sprintf
    main.o(i.SendIntStr) refers to stm32f4xx_hal_uart.o(i.HAL_UART_Transmit) for HAL_UART_Transmit
    main.o(i.SendIntStr) refers to main.o(.bss) for .bss
    main.o(i.SendStr) refers to strlen.o(.text) for strlen
    main.o(i.SendStr) refers to stm32f4xx_hal_uart.o(i.HAL_UART_Transmit) for HAL_UART_Transmit
    main.o(i.SendStr) refers to main.o(.bss) for .bss
    main.o(i.SystemClockConfig) refers to stm32f4xx_hal_rcc.o(i.HAL_RCC_OscConfig) for HAL_RCC_OscConfig
    main.o(i.SystemClockConfig) refers to stm32f4xx_hal_rcc.o(i.HAL_RCC_ClockConfig) for HAL_RCC_ClockConfig
    main.o(i.decode_raw) refers to ublox.o(i.input_ubx) for input_ubx
    main.o(i.decode_raw) refers to rtksvr.o(i.updatesvr) for updatesvr
    main.o(i.main) refers to stm32f4xx_hal.o(i.HAL_Init) for HAL_Init
    main.o(i.main) refers to main.o(i.SystemClockConfig) for SystemClockConfig
    main.o(i.main) refers to main.o(i.ConfigLED) for ConfigLED
    main.o(i.main) refers to main.o(i.ConfigTimer) for ConfigTimer
    main.o(i.main) refers to rtksvr.o(i.rtksvrstart) for rtksvrstart
    main.o(i.main) refers to main.o(i.ConfigUART) for ConfigUART
    main.o(i.main) refers to stm32f4xx_hal_uart.o(i.HAL_UART_Receive_DMA) for HAL_UART_Receive_DMA
    main.o(i.main) refers to stm32f4xx_hal.o(i.HAL_Delay) for HAL_Delay
    main.o(i.main) refers to main.o(i.sendRequest) for sendRequest
    main.o(i.main) refers to main.o(i.decode_raw) for decode_raw
    main.o(i.main) refers to stm32f4xx_hal_gpio.o(i.HAL_GPIO_TogglePin) for HAL_GPIO_TogglePin
    main.o(i.main) refers to stm32f4xx_hal.o(i.HAL_GetTick) for HAL_GetTick
    main.o(i.main) refers to memcpya.o(.text) for __aeabi_memcpy4
    main.o(i.main) refers to rtkpos.o(i.rtkpos) for rtkpos
    main.o(i.main) refers to stm32f4xx_hal_uart.o(i.HAL_UART_Transmit_DMA) for HAL_UART_Transmit_DMA
    main.o(i.main) refers to solution.o(i.outsol) for outsol
    main.o(i.main) refers to main.o(i.SendStr) for SendStr
[...]
    i.eph2pos                                0x0800746c   Section        0  ephemeris.o(i.eph2pos)
    i.ephclk                                 0x08007964   Section        0  ephemeris.o(i.ephclk)
    ephclk                                   0x08007965   Thumb Code    58  ephemeris.o(i.ephclk)
    i.ephpos                                 0x080079a0   Section        0  ephemeris.o(i.ephpos)
    ephpos                                   0x080079a1   Thumb Code   228  ephemeris.o(i.ephpos)
    i.epoch2time                             0x08007a8c   Section        0  rtkcmn.o(i.epoch2time)
    i.estpos                                 0x08007bac   Section        0  pntpos.o(i.estpos)
    estpos                                   0x08007bad   Thumb Code   874  pntpos.o(i.estpos)
    i.eye                                    0x08007f88   Section        0  rtkcmn.o(i.eye)
    i.fabs                                   0x08007fbc   Section        0  fabs.o(i.fabs)
    i.filter                                 0x08007fd4   Section        0  rtkcmn.o(i.filter)
    i.filter_                                0x08008188   Section        0  rtkcmn.o(i.filter_)
    filter_                                  0x08008189   Thumb Code   344  rtkcmn.o(i.filter_)
    i.fputc                                  0x08008304   Section        0  fputc.o(i.fputc)
    i.free                                   0x08008318   Section        0  malloc.o(i.free)
    i.gauss                                  0x08008368   Section        0  lambda.o(i.gauss)
    gauss                                    0x08008369   Thumb Code   220  lambda.o(i.gauss)
    i.geodist                                0x0800844c   Section        0  rtkcmn.o(i.geodist)
    i.getbits                                0x080085d8   Section        0  rtkcmn.o(i.getbits)
    i.getbitu                                0x08008600   Section        0  rtkcmn.o(i.getbitu)
    i.gpst2time                              0x08008630   Section        0  rtkcmn.o(i.gpst2time)
    i.holdamb                                0x08008700   Section        0  rtkpos.o(i.holdamb)
    holdamb                                  0x08008701   Thumb Code   400  rtkpos.o(i.holdamb)
    i.imat                                   0x080088c0   Section        0  rtkcmn.o(i.imat)
    i.init_raw                               0x080088d4   Section        0  rcvraw.o(i.init_raw)
    i.initx                                  0x080089f0   Section        0  rtkpos.o(i.initx)
    initx                                    0x080089f1   Thumb Code    78  rtkpos.o(i.initx)
    i.input_ubx                              0x08008a48   Section        0  ublox.o(i.input_ubx)
    i.interpc                                0x08008ac0   Section        0  rtkcmn.o(i.interpc)
    interpc                                  0x08008ac1   Thumb Code   192  rtkcmn.o(i.interpc)
    i.ionmodel                               0x08008b90   Section        0  rtkcmn.o(i.ionmodel)
    i.ionocorr                               0x0800902c   Section        0  pntpos.o(i.ionocorr)
    i.lambda                                 0x08009090   Section        0  lambda.o(i.lambda)
    i.lsq                                    0x08009180   Section        0  rtkcmn.o(i.lsq)
    i.lubksb                                 0x08009260   Section        0  rtkcmn.o(i.lubksb)
    lubksb                                   0x08009261   Thumb Code   250  rtkcmn.o(i.lubksb)
    i.ludcmp                                 0x08009364   Section        0  rtkcmn.o(i.ludcmp)
    ludcmp                                   0x08009365   Thumb Code   632  rtkcmn.o(i.ludcmp)
    i.main                                   0x080095ec   Section        0  main.o(i.main)
    i.malloc                                 0x080097e4   Section        0  malloc.o(i.malloc)
    i.mapf                                   0x08009850   Section        0  rtkcmn.o(i.mapf)
    mapf                                     0x08009851   Thumb Code   188  rtkcmn.o(i.mapf)
    i.mat                                    0x08009914   Section        0  rtkcmn.o(i.mat)
    i.matcpy                                 0x08009928   Section        0  rtkcmn.o(i.matcpy)
    i.matinv                                 0x08009930   Section        0  rtkcmn.o(i.matinv)
    i.matmul                                 0x080099f0   Section        0  rtkcmn.o(i.matmul)
    i.nmf                                    0x08009be4   Section        0  rtkcmn.o(i.nmf)
    nmf                                      0x08009be5   Thumb Code   512  rtkcmn.o(i.nmf)
    i.norm                                   0x08009e2c   Section        0  rtkcmn.o(i.norm)
    i.outsol                                 0x08009e40   Section        0  solution.o(i.outsol)
    i.perm                                   0x0800a060   Section        0  lambda.o(i.perm)
    perm                                     0x0800a061   Thumb Code   328  lambda.o(i.perm)
    i.pntpos                                 0x0800a1a8   Section        0  pntpos.o(i.pntpos)
    i.pos2ecef                               0x0800a2f8   Section        0  rtkcmn.o(i.pos2ecef)
    i.reduction                              0x0800a418   Section        0  lambda.o(i.reduction)
    reduction                                0x0800a419   Thumb Code   208  lambda.o(i.reduction)
    i.relpos                                 0x0800a4f0   Section        0  rtkpos.o(i.relpos)
    relpos                                   0x0800a4f1   Thumb Code  2216  rtkpos.o(i.relpos)
    i.resamb_LAMBDA                          0x0800ada0   Section        0  rtkpos.o(i.resamb_LAMBDA)
    resamb_LAMBDA                            0x0800ada1   Thumb Code  1208  rtkpos.o(i.resamb_LAMBDA)
    i.rescode                                0x0800b294   Section        0  pntpos.o(i.rescode)
    rescode                                  0x0800b295   Thumb Code   682  pntpos.o(i.rescode)
    i.restamb                                0x0800b560   Section        0  rtkpos.o(i.restamb)
    restamb                                  0x0800b561   Thumb Code   220  rtkpos.o(i.restamb)
    i.rtkinit                                0x0800b63c   Section        0  rtkpos.o(i.rtkinit)
    i.rtkpos                                 0x0800b82c   Section        0  rtkpos.o(i.rtkpos)
    i.rtksvrstart                            0x0800b9f4   Section        0  rtksvr.o(i.rtksvrstart)
    i.satazel                                0x0800bad8   Section        0  rtkcmn.o(i.satazel)
    i.satno                                  0x0800bbe4   Section        0  rtkcmn.o(i.satno)
    i.satpos                                 0x0800bc44   Section        0  ephemeris.o(i.satpos)
    i.satposs                                0x0800bc84   Section        0  ephemeris.o(i.satposs)
    i.sdobs                                  0x0800be38   Section        0  rtkpos.o(i.sdobs)
    sdobs                                    0x0800be39   Thumb Code   112  rtkpos.o(i.sdobs)
    i.search                                 0x0800beb0   Section        0  lambda.o(i.search)
    search                                   0x0800beb1   Thumb Code  1282  lambda.o(i.search)
    i.seleph                                 0x0800c3e8   Section        0  ephemeris.o(i.seleph)
    i.selsat                                 0x0800c4c0   Section        0  rtkpos.o(i.selsat)
    selsat                                   0x0800c4c1   Thumb Code   126  rtkpos.o(i.selsat)
    i.sendRequest                            0x0800c540   Section        0  main.o(i.sendRequest)
    i.setbit                                 0x0800c57c   Section        0  rtkcmn.o(i.setbit)
    i.solval                                 0x0800c5dc   Section        0  pntpos.o(i.solval)
    solval                                   0x0800c5dd   Thumb Code   240  pntpos.o(i.solval)
    i.solve                                  0x0800c708   Section        0  rtkcmn.o(i.solve)
    i.sqrt                                   0x0800c78c   Section        0  sqrt.o(i.sqrt)
    i.sqvar                                  0x0800c7fc   Section        0  solution.o(i.sqvar)
    sqvar                                    0x0800c7fd   Thumb Code    86  solution.o(i.sqvar)
    i.sync_ubx                               0x0800c85c   Section        0  ublox.o(i.sync_ubx)
    sync_ubx                                 0x0800c85d   Thumb Code    22  ublox.o(i.sync_ubx)
    i.testsnr                                0x0800c874   Section        0  rtkcmn.o(i.testsnr)
    i.time2doy                               0x0800c980   Section        0  rtkcmn.o(i.time2doy)
    i.time2epoch                             0x0800ca04   Section        0  rtkcmn.o(i.time2epoch)
    i.time2gpst                              0x0800cad8   Section        0  rtkcmn.o(i.time2gpst)
    i.timeadd                                0x0800cb2c   Section        0  rtkcmn.o(i.timeadd)
    i.timediff                               0x0800cb96   Section        0  rtkcmn.o(i.timediff)
    i.tropcorr                               0x0800cbc4   Section        0  pntpos.o(i.tropcorr)
    i.tropmapf                               0x0800cc60   Section        0  rtkcmn.o(i.tropmapf)
    i.tropmodel                              0x0800ccd0   Section        0  rtkcmn.o(i.tropmodel)
    i.ubx_sys                                0x0800cfe0   Section        0  ublox.o(i.ubx_sys)
    ubx_sys                                  0x0800cfe1   Thumb Code    44  ublox.o(i.ubx_sys)
    i.udbias                                 0x0800d00c   Section        0  rtkpos.o(i.udbias)
    udbias                                   0x0800d00d   Thumb Code  1016  rtkpos.o(i.udbias)
    i.udpos                                  0x0800d41c   Section        0  rtkpos.o(i.udpos)
    udpos                                    0x0800d41d   Thumb Code    50  rtkpos.o(i.udpos)
    i.udstate                                0x0800d458   Section        0  rtkpos.o(i.udstate)
    udstate                                  0x0800d459   Thumb Code    94  rtkpos.o(i.udstate)
    i.updatesvr                              0x0800d4b8   Section        0  rtksvr.o(i.updatesvr)
    i.validobs                               0x0800d580   Section        0  rtkpos.o(i.validobs)
    validobs                                 0x0800d581   Thumb Code   152  rtkpos.o(i.validobs)
    i.valpos                                 0x0800d620   Section        0  rtkpos.o(i.valpos)
    valpos                                   0x0800d621   Thumb Code   256  rtkpos.o(i.valpos)
    i.var_uraeph                             0x0800d764   Section        0  ephemeris.o(i.var_uraeph)
    i.varerr                                 0x0800d798   Section        0  pntpos.o(i.varerr)
    varerr                                   0x0800d799   Thumb Code   130  pntpos.o(i.varerr)
    i.varerr                                 0x0800d824   Section        0  rtkpos.o(i.varerr)
    varerr                                   0x0800d825   Thumb Code   306  rtkpos.o(i.varerr)
    i.xyz2enu                                0x0800d980   Section        0  rtkcmn.o(i.xyz2enu)
    i.zdres                                  0x0800da44   Section        0  rtkpos.o(i.zdres)
    zdres                                    0x0800da45   Thumb Code   430  rtkpos.o(i.zdres)
    i.zdres_sat                              0x0800dc08   Section        0  rtkpos.o(i.zdres_sat)
    zdres_sat                                0x0800dc09   Thumb Code   178  rtkpos.o(i.zdres_sat)
    i.zeros                                  0x0800dcdc   Section        0  rtkcmn.o(i.zeros)
    .constdata                               0x0800dcf8   Section      120  ephemeris.o(.constdata)
    .constdata                               0x0800dd70   Section      376  rcvraw.o(.constdata)
    .constdata                               0x0800dee8   Section      440  rtkcmn.o(.constdata)
    .constdata                               0x0800e0a0   Section      736  rtkcmn.o(.constdata)
    gpst0                                    0x0800e0a0   Data          48  rtkcmn.o(.constdata)
    .constdata                               0x0800e380   Section      800  rtkcmn.o(.constdata)
    .constdata                               0x0800e6a0   Section       16  rtkpos.o(.constdata)
    .constdata                               0x0800e6b0   Section      264  rtksvr.o(.constdata)
    .constdata                               0x0800e7b8   Section        8  stm32f4xx_hal_dma.o(.constdata)
    flagBitshiftOffset                       0x0800e7b8   Data           8  stm32f4xx_hal_dma.o(.constdata)
    .constdata                               0x0800e7c0   Section       16  stm32f4xx_hal_rcc.o(.constdata)
    .constdata                               0x0800e7d0   Section       80  asin.o(.constdata)
    pS                                       0x0800e7d0   Data          48  asin.o(.constdata)
    qS                                       0x0800e800   Data          32  asin.o(.constdata)
    .constdata                               0x0800e820   Section      152  atan.o(.constdata)
    atanhi                                   0x0800e820   Data          32  atan.o(.constdata)
    atanlo                                   0x0800e840   Data          32  atan.o(.constdata)
    aTodd                                    0x0800e860   Data          40  atan.o(.constdata)
    aTeven                                   0x0800e888   Data          48  atan.o(.constdata)
    .constdata                               0x0800e8b8   Section       88  exp.o(.constdata)
    halF                                     0x0800e8b8   Data          16  exp.o(.constdata)
    ln2HI                                    0x0800e8c8   Data          16  exp.o(.constdata)
    ln2LO                                    0x0800e8d8   Data          16  exp.o(.constdata)
    P                                        0x0800e8e8   Data          40  exp.o(.constdata)
    .constdata                               0x0800e910   Section      136  pow.o(.constdata)
    bp                                       0x0800e910   Data          16  pow.o(.constdata)
    dp_h                                     0x0800e920   Data          16  pow.o(.constdata)
    dp_l                                     0x0800e930   Data          16  pow.o(.constdata)
    L                                        0x0800e940   Data          48  pow.o(.constdata)
    P                                        0x0800e970   Data          40  pow.o(.constdata)
    .constdata                               0x0800e998   Section       48  cos_i.o(.constdata)
    C                                        0x0800e998   Data          48  cos_i.o(.constdata)
    .constdata                               0x0800e9c8   Section        8  qnan.o(.constdata)
    .constdata                               0x0800e9d0   Section      200  rred.o(.constdata)
    pio2s                                    0x0800e9d0   Data          48  rred.o(.constdata)
    twooverpi                                0x0800ea00   Data         152  rred.o(.constdata)
    .constdata                               0x0800ea98   Section       40  sin_i.o(.constdata)
    S                                        0x0800ea98   Data          40  sin_i.o(.constdata)
    .conststring                             0x0800eac0   Section      119  solution.o(.conststring)
    .data                                    0x10000000   Section       20  main.o(.data)
    flagTimeout                              0x10000000   Data           1  main.o(.data)
    t                                        0x10000004   Data           4  main.o(.data)
    start                                    0x10000008   Data           4  main.o(.data)
    fobs                                     0x1000000c   Data           8  main.o(.data)
    .data                                    0x10000014   Section        4  stm32f4xx_hal.o(.data)
    .data                                    0x10000018   Section        4  system_stm32f4xx.o(.data)
    .data                                    0x1000001c   Section        4  stderr.o(.data)
    .data                                    0x10000020   Section        4  mvars.o(.data)
    .data                                    0x10000024   Section        4  mvars.o(.data)
    .data                                    0x10000028   Section        4  errno.o(.data)
    _errno                                   0x10000028   Data           4  errno.o(.data)
    .bss                                     0x10000030   Section     3328  main.o(.bss)
    obsd                                     0x10000130   Data        3072  main.o(.bss)
    .bss                                     0x10000d30   Section      464  stm32f4xx_hal_msp.o(.bss)
    GPIOInitStruct                           0x10000d30   Data          20  stm32f4xx_hal_msp.o(.bss)
    hdma_tx                                  0x10000d44   Data          96  stm32f4xx_hal_msp.o(.bss)
    GPIOInitStruct                           0x10000da4   Data          20  stm32f4xx_hal_msp.o(.bss)
    hdma_rx                                  0x10000db8   Data          96  stm32f4xx_hal_msp.o(.bss)
    GPIOInitStruct                           0x10000e18   Data          20  stm32f4xx_hal_msp.o(.bss)
    hdma_rx                                  0x10000e2c   Data          96  stm32f4xx_hal_msp.o(.bss)
    GPIOInitStruct                           0x10000e8c   Data          20  stm32f4xx_hal_msp.o(.bss)
    hdma_rx2                                 0x10000ea0   Data          96  stm32f4xx_hal_msp.o(.bss)
    STACK                                    0x10000f00   Section    24576  startup_stm32f427xx.o(STACK)
    IRAM1                                    0x20000000   Section    56464  main.o(IRAM1)
    result                                   0x20000000   Data         160  main.o(IRAM1)
    svr                                      0x200000a0   Data       56304  main.o(IRAM1)
    .bss                                     0x2000dc90   Section    40960  rtksvr.o(.bss)
    eph                                      0x2000dc90   Data       16896  rtksvr.o(.bss)
    REph                                     0x20011e90   Data        8448  rtksvr.o(.bss)
    BEph                                     0x20013f90   Data        8448  rtksvr.o(.bss)
    Ralm                                     0x20016090   Data        3584  rtksvr.o(.bss)
    Balm                                     0x20016e90   Data        3584  rtksvr.o(.bss)
    HEAP                                     0x20017c90   Section    65536  startup_stm32f427xx.o(HEAP)

    Global Symbols

    Symbol Name                              Value     Ov Type        Size  Object(Section)

    BuildAttributes$$THM_ISAv4$E$P$D$K$B$S$7EM$VFPi3$EXTD16$VFPS$VFMA$PE$A:L22UL41UL21$X:L11$S22US41US21$IEEE1$IW$USESV6$~STKCKD$USESV7$~SHL$OTIME$ROPI$IEEEX$EBA8$MICROLIB$REQ8$PRES8$EABIv2 0x00000000   Number         0  anon$$obj.o ABSOLUTE
    __ARM_use_no_argv                        0x00000000   Number         0  main.o ABSOLUTE
    _printf_a                                0x00000000   Number         0  stubs.o ABSOLUTE
    _printf_c                                0x00000000   Number         0  stubs.o ABSOLUTE
    _printf_charcount                        0x00000000   Number         0  stubs.o ABSOLUTE
    _printf_d                                0x00000000   Number         0  stubs.o ABSOLUTE
    _printf_e                                0x00000000   Number         0  stubs.o ABSOLUTE
    _printf_f                                0x00000000   Number         0  stubs.o ABSOLUTE
    _printf_flags                            0x00000000   Number         0  stubs.o ABSOLUTE
    _printf_fp_dec                           0x00000000   Number         0  stubs.o ABSOLUTE
    _printf_fp_hex                           0x00000000   Number         0  stubs.o ABSOLUTE
    _printf_g                                0x00000000   Number         0  stubs.o ABSOLUTE
    _printf_i                                0x00000000   Number         0  stubs.o ABSOLUTE
    _printf_int_dec                          0x00000000   Number         0  stubs.o ABSOLUTE
    _printf_l                                0x00000000   Number         0  stubs.o ABSOLUTE
    _printf_lc                               0x00000000   Number         0  stubs.o ABSOLUTE
    _printf_ll                               0x00000000   Number         0  stubs.o ABSOLUTE
    _printf_lld                              0x00000000   Number         0  stubs.o ABSOLUTE
    _printf_lli                              0x00000000   Number         0  stubs.o ABSOLUTE
    _printf_llo                              0x00000000   Number         0  stubs.o ABSOLUTE
    _printf_llu                              0x00000000   Number         0  stubs.o ABSOLUTE
    _printf_llx                              0x00000000   Number         0  stubs.o ABSOLUTE
    _printf_longlong_dec                     0x00000000   Number         0  stubs.o ABSOLUTE
    _printf_longlong_hex                     0x00000000   Number         0  stubs.o ABSOLUTE
    _printf_longlong_oct                     0x00000000   Number         0  stubs.o ABSOLUTE
    _printf_ls                               0x00000000   Number         0  stubs.o ABSOLUTE
    _printf_mbtowc                           0x00000000   Number         0  stubs.o ABSOLUTE
    _printf_n                                0x00000000   Number         0  stubs.o ABSOLUTE
    _printf_o                                0x00000000   Number         0  stubs.o ABSOLUTE
    _printf_p                                0x00000000   Number         0  stubs.o ABSOLUTE
    _printf_percent                          0x00000000   Number         0  stubs.o ABSOLUTE
    _printf_pre_padding                      0x00000000   Number         0  stubs.o ABSOLUTE
    _printf_return_value                     0x00000000   Number         0  stubs.o ABSOLUTE
    _printf_s                                0x00000000   Number         0  stubs.o ABSOLUTE
    _printf_sizespec                         0x00000000   Number         0  stubs.o ABSOLUTE
    _printf_str                              0x00000000   Number         0  stubs.o ABSOLUTE
    _printf_truncate_signed                  0x00000000   Number         0  stubs.o ABSOLUTE
    _printf_truncate_unsigned                0x00000000   Number         0  stubs.o ABSOLUTE
    _printf_u                                0x00000000   Number         0  stubs.o ABSOLUTE
    _printf_wc                               0x00000000   Number         0  stubs.o ABSOLUTE
    _printf_wctomb                           0x00000000   Number         0  stubs.o ABSOLUTE
    _printf_widthprec                        0x00000000   Number         0  stubs.o ABSOLUTE
    _printf_x                                0x00000000   Number         0  stubs.o ABSOLUTE
    __cpp_initialize__aeabi_                  - Undefined Weak Reference
    __cxa_finalize                            - Undefined Weak Reference
    _clock_init                               - Undefined Weak Reference
    _microlib_exit                            - Undefined Weak Reference
    __Vectors_Size                           0x000001ac   Number         0  startup_stm32f427xx.o ABSOLUTE
    __Vectors                                0x08000000   Data           4  startup_stm32f427xx.o(RESET)
    __Vectors_End                            0x080001ac   Data           0  startup_stm32f427xx.o(RESET)
    __main                                   0x080001ad   Thumb Code     0  entry.o(.ARM.Collect$$$$00000000)
    _main_stk                                0x080001ad   Thumb Code     0  entry2.o(.ARM.Collect$$$$00000001)
    _main_scatterload                        0x080001b1   Thumb Code     0  entry5.o(.ARM.Collect$$$$00000004)
    __main_after_scatterload                 0x080001b5   Thumb Code     0  entry5.o(.ARM.Collect$$$$00000004)
    _main_clock                              0x080001b5   Thumb Code     0  entry7b.o(.ARM.Collect$$$$00000008)
    _main_cpp_init                           0x080001b5   Thumb Code     0  entry8b.o(.ARM.Collect$$$$0000000A)
    _main_init                               0x080001b5   Thumb Code     0  entry9a.o(.ARM.Collect$$$$0000000B)
    __rt_final_cpp                           0x080001bd   Thumb Code     0  entry10a.o(.ARM.Collect$$$$0000000D)
    __rt_final_exit                          0x080001bd   Thumb Code     0  entry11a.o(.ARM.Collect$$$$0000000F)
    Reset_Handler                            0x080001c1   Thumb Code     8  startup_stm32f427xx.o(.text)
    ADC_IRQHandler                           0x080001db   Thumb Code     0  startup_stm32f427xx.o(.text)
    CAN1_RX0_IRQHandler                      0x080001db   Thumb Code     0  startup_stm32f427xx.o(.text)
    CAN1_RX1_IRQHandler                      0x080001db   Thumb Code     0  startup_stm32f427xx.o(.text)
    CAN1_SCE_IRQHandler                      0x080001db   Thumb Code     0  startup_stm32f427xx.o(.text)
    CAN1_TX_IRQHandler                       0x080001db   Thumb Code     0  startup_stm32f427xx.o(.text)
    CAN2_RX0_IRQHandler                      0x080001db   Thumb Code     0  startup_stm32f427xx.o(.text)
    CAN2_RX1_IRQHandler                      0x080001db   Thumb Code     0  startup_stm32f427xx.o(.text)
    CAN2_SCE_IRQHandler                      0x080001db   Thumb Code     0  startup_stm32f427xx.o(.text)
    CAN2_TX_IRQHandler                       0x080001db   Thumb Code     0  startup_stm32f427xx.o(.text)
    DCMI_IRQHandler                          0x080001db   Thumb Code     0  startup_stm32f427xx.o(.text)
    DMA1_Stream0_IRQHandler                  0x080001db   Thumb Code     0  startup_stm32f427xx.o(.text)
    DMA1_Stream1_IRQHandler                  0x080001db   Thumb Code     0  startup_stm32f427xx.o(.text)
    DMA1_Stream2_IRQHandler                  0x080001db   Thumb Code     0  startup_stm32f427xx.o(.text)
    DMA1_Stream3_IRQHandler                  0x080001db   Thumb Code     0  startup_stm32f427xx.o(.text)
    DMA1_Stream6_IRQHandler                  0x080001db   Thumb Code     0  startup_stm32f427xx.o(.text)
    DMA1_Stream7_IRQHandler                  0x080001db   Thumb Code     0  startup_stm32f427xx.o(.text)
    DMA2D_IRQHandler                         0x080001db   Thumb Code     0  startup_stm32f427xx.o(.text)
    DMA2_Stream0_IRQHandler                  0x080001db   Thumb Code     0  startup_stm32f427xx.o(.text)
    DMA2_Stream2_IRQHandler                  0x080001db   Thumb Code     0  startup_stm32f427xx.o(.text)
    DMA2_Stream3_IRQHandler                  0x080001db   Thumb Code     0  startup_stm32f427xx.o(.text)
    DMA2_Stream4_IRQHandler                  0x080001db   Thumb Code     0  startup_stm32f427xx.o(.text)
    DMA2_Stream5_IRQHandler                  0x080001db   Thumb Code     0  startup_stm32f427xx.o(.text)
    DMA2_Stream6_IRQHandler                  0x080001db   Thumb Code     0  startup_stm32f427xx.o(.text)
    DMA2_Stream7_IRQHandler                  0x080001db   Thumb Code     0  startup_stm32f427xx.o(.text)
    ETH_IRQHandler                           0x080001db   Thumb Code     0  startup_stm32f427xx.o(.text)
    ETH_WKUP_IRQHandler                      0x080001db   Thumb Code     0  startup_stm32f427xx.o(.text)
    EXTI0_IRQHandler                         0x080001db   Thumb Code     0  startup_stm32f427xx.o(.text)
    EXTI15_10_IRQHandler                     0x080001db   Thumb Code     0  startup_stm32f427xx.o(.text)
    EXTI1_IRQHandler                         0x080001db   Thumb Code     0  startup_stm32f427xx.o(.text)
    EXTI2_IRQHandler                         0x080001db   Thumb Code     0  startup_stm32f427xx.o(.text)
    EXTI3_IRQHandler                         0x080001db   Thumb Code     0  startup_stm32f427xx.o(.text)
    EXTI4_IRQHandler                         0x080001db   Thumb Code     0  startup_stm32f427xx.o(.text)
    EXTI9_5_IRQHandler                       0x080001db   Thumb Code     0  startup_stm32f427xx.o(.text)
    FLASH_IRQHandler                         0x080001db   Thumb Code     0  startup_stm32f427xx.o(.text)
    FMC_IRQHandler                           0x080001db   Thumb Code     0  startup_stm32f427xx.o(.text)
    FPU_IRQHandler                           0x080001db   Thumb Code     0  startup_stm32f427xx.o(.text)
    HASH_RNG_IRQHandler                      0x080001db   Thumb Code     0  startup_stm32f427xx.o(.text)
    I2C1_ER_IRQHandler                       0x080001db   Thumb Code     0  startup_stm32f427xx.o(.text)
    I2C1_EV_IRQHandler                       0x080001db   Thumb Code     0  startup_stm32f427xx.o(.text)
    I2C2_ER_IRQHandler                       0x080001db   Thumb Code     0  startup_stm32f427xx.o(.text)
    I2C2_EV_IRQHandler                       0x080001db   Thumb Code     0  startup_stm32f427xx.o(.text)
    I2C3_ER_IRQHandler                       0x080001db   Thumb Code     0  startup_stm32f427xx.o(.text)
    I2C3_EV_IRQHandler                       0x080001db   Thumb Code     0  startup_stm32f427xx.o(.text)
    OTG_FS_IRQHandler                        0x080001db   Thumb Code     0  startup_stm32f427xx.o(.text)
    OTG_FS_WKUP_IRQHandler                   0x080001db   Thumb Code     0  startup_stm32f427xx.o(.text)
    OTG_HS_EP1_IN_IRQHandler                 0x080001db   Thumb Code     0  startup_stm32f427xx.o(.text)
    OTG_HS_EP1_OUT_IRQHandler                0x080001db   Thumb Code     0  startup_stm32f427xx.o(.text)
    OTG_HS_IRQHandler                        0x080001db   Thumb Code     0  startup_stm32f427xx.o(.text)
    OTG_HS_WKUP_IRQHandler                   0x080001db   Thumb Code     0  startup_stm32f427xx.o(.text)
    PVD_IRQHandler                           0x080001db   Thumb Code     0  startup_stm32f427xx.o(.text)
    RCC_IRQHandler                           0x080001db   Thumb Code     0  startup_stm32f427xx.o(.text)
    RTC_Alarm_IRQHandler                     0x080001db   Thumb Code     0  startup_stm32f427xx.o(.text)
    RTC_WKUP_IRQHandler                      0x080001db   Thumb Code     0  startup_stm32f427xx.o(.text)
    SAI1_IRQHandler                          0x080001db   Thumb Code     0  startup_stm32f427xx.o(.text)
    SDIO_IRQHandler                          0x080001db   Thumb Code     0  startup_stm32f427xx.o(.text)
    SPI1_IRQHandler                          0x080001db   Thumb Code     0  startup_stm32f427xx.o(.text)
    SPI2_IRQHandler                          0x080001db   Thumb Code     0  startup_stm32f427xx.o(.text)
    SPI3_IRQHandler                          0x080001db   Thumb Code     0  startup_stm32f427xx.o(.text)
    SPI4_IRQHandler                          0x080001db   Thumb Code     0  startup_stm32f427xx.o(.text)
    SPI5_IRQHandler                          0x080001db   Thumb Code     0  startup_stm32f427xx.o(.text)
    SPI6_IRQHandler                          0x080001db   Thumb Code     0  startup_stm32f427xx.o(.text)
    TAMP_STAMP_IRQHandler                    0x080001db   Thumb Code     0  startup_stm32f427xx.o(.text)
    TIM1_BRK_TIM9_IRQHandler                 0x080001db   Thumb Code     0  startup_stm32f427xx.o(.text)
    TIM1_CC_IRQHandler                       0x080001db   Thumb Code     0  startup_stm32f427xx.o(.text)
    TIM1_TRG_COM_TIM11_IRQHandler            0x080001db   Thumb Code     0  startup_stm32f427xx.o(.text)
    TIM1_UP_TIM10_IRQHandler                 0x080001db   Thumb Code     0  startup_stm32f427xx.o(.text)
    TIM2_IRQHandler                          0x080001db   Thumb Code     0  startup_stm32f427xx.o(.text)
    TIM4_IRQHandler                          0x080001db   Thumb Code     0  startup_stm32f427xx.o(.text)
    TIM5_IRQHandler                          0x080001db   Thumb Code     0  startup_stm32f427xx.o(.text)
    TIM6_DAC_IRQHandler                      0x080001db   Thumb Code     0  startup_stm32f427xx.o(.text)
    TIM7_IRQHandler                          0x080001db   Thumb Code     0  startup_stm32f427xx.o(.text)
    TIM8_BRK_TIM12_IRQHandler                0x080001db   Thumb Code     0  startup_stm32f427xx.o(.text)
    TIM8_CC_IRQHandler                       0x080001db   Thumb Code     0  startup_stm32f427xx.o(.text)
    TIM8_TRG_COM_TIM14_IRQHandler            0x080001db   Thumb Code     0  startup_stm32f427xx.o(.text)
    TIM8_UP_TIM13_IRQHandler                 0x080001db   Thumb Code     0  startup_stm32f427xx.o(.text)
    UART4_IRQHandler                         0x080001db   Thumb Code     0  startup_stm32f427xx.o(.text)
    UART5_IRQHandler                         0x080001db   Thumb Code     0  startup_stm32f427xx.o(.text)
    UART7_IRQHandler                         0x080001db   Thumb Code     0  startup_stm32f427xx.o(.text)
    UART8_IRQHandler                         0x080001db   Thumb Code     0  startup_stm32f427xx.o(.text)
    USART1_IRQHandler                        0x080001db   Thumb Code     0  startup_stm32f427xx.o(.text)
    USART2_IRQHandler                        0x080001db   Thumb Code     0  startup_stm32f427xx.o(.text)
    USART3_IRQHandler                        0x080001db   Thumb Code     0  startup_stm32f427xx.o(.text)
    USART6_IRQHandler                        0x080001db   Thumb Code     0  startup_stm32f427xx.o(.text)
    WWDG_IRQHandler                          0x080001db   Thumb Code     0  startup_stm32f427xx.o(.text)
    __aeabi_memcpy                           0x080001e5   Thumb Code    36  memcpya.o(.text)
    __aeabi_memcpy4                          0x080001e5   Thumb Code     0  memcpya.o(.text)
    __aeabi_memcpy8                          0x080001e5   Thumb Code     0  memcpya.o(.text)
    __aeabi_memset                           0x08000209   Thumb Code    14  memseta.o(.text)
    __aeabi_memset4                          0x08000209   Thumb Code     0  memseta.o(.text)
    __aeabi_memset8                          0x08000209   Thumb Code     0  memseta.o(.text)
    __aeabi_memclr                           0x08000217   Thumb Code     4  memseta.o(.text)
    __aeabi_memclr4                          0x08000217   Thumb Code     0  memseta.o(.text)
    __aeabi_memclr8                          0x08000217   Thumb Code     0  memseta.o(.text)
    _memset$wrapper                          0x0800021b   Thumb Code    18  memseta.o(.text)
    strlen                                   0x0800022d   Thumb Code    14  strlen.o(.text)
    strcpy                                   0x0800023b   Thumb Code    18  strcpy.o(.text)
    calloc                                   0x0800024d   Thumb Code    28  calloc.o(.text)
    __aeabi_dadd                             0x08000269   Thumb Code   322  dadd.o(.text)
    __aeabi_dsub                             0x080003ab   Thumb Code     6  dadd.o(.text)
    __aeabi_drsub                            0x080003b1   Thumb Code     6  dadd.o(.text)
    __aeabi_dmul                             0x080003b7   Thumb Code   228  dmul.o(.text)
    __aeabi_ddiv                             0x0800049b   Thumb Code   222  ddiv.o(.text)
    __aeabi_i2d                              0x08000579   Thumb Code    34  dflti.o(.text)
    __aeabi_ui2d                             0x0800059b   Thumb Code    26  dfltui.o(.text)
    __aeabi_d2iz                             0x080005b5   Thumb Code    62  dfixi.o(.text)
    __aeabi_d2uiz                            0x080005f3   Thumb Code    50  dfixui.o(.text)
    __aeabi_f2d                              0x08000625   Thumb Code    38  f2d.o(.text)
    __aeabi_cdcmpeq                          0x0800064d   Thumb Code     0  cdcmple.o(.text)
    __aeabi_cdcmple                          0x0800064d   Thumb Code    48  cdcmple.o(.text)
    __aeabi_cdrcmple                         0x0800067d   Thumb Code    48  cdrcmple.o(.text)
    __aeabi_d2f                              0x080006ad   Thumb Code    56  d2f.o(.text)
    __aeabi_uidiv                            0x080006e5   Thumb Code     0  uidiv.o(.text)
    __aeabi_uidivmod                         0x080006e5   Thumb Code    44  uidiv.o(.text)
    __aeabi_uldivmod                         0x08000711   Thumb Code    98  uldiv.o(.text)
    __aeabi_llsl                             0x08000773   Thumb Code    30  llshl.o(.text)
    _ll_shift_l                              0x08000773   Thumb Code     0  llshl.o(.text)
    __aeabi_llsr                             0x08000791   Thumb Code    32  llushr.o(.text)
    _ll_ushift_r                             0x08000791   Thumb Code     0  llushr.o(.text)
    __aeabi_lasr                             0x080007b1   Thumb Code    36  llsshr.o(.text)
    _ll_sshift_r                             0x080007b1   Thumb Code     0  llsshr.o(.text)
    __I$use$fp                               0x080007d5   Thumb Code     0  iusefp.o(.text)
    _float_round                             0x080007d5   Thumb Code    18  fepilogue.o(.text)
    _float_epilogue                          0x080007e7   Thumb Code    92  fepilogue.o(.text)
    _double_round                            0x08000843   Thumb Code    30  depilogue.o(.text)
    _double_epilogue                         0x08000861   Thumb Code   156  depilogue.o(.text)
    __ARM_scalbn                             0x080008fd   Thumb Code    46  dscalb.o(.text)
    scalbn                                   0x080008fd   Thumb Code     0  dscalb.o(.text)
    _dsqrt                                   0x0800092b   Thumb Code   162  dsqrt.o(.text)
    __aeabi_d2ulz                            0x080009cd   Thumb Code    48  dfixul.o(.text)
    __scatterload                            0x080009fd   Thumb Code    28  init.o(.text)
    __scatterload_rt2                        0x080009fd   Thumb Code     0  init.o(.text)
    __I$use$semihosting$fputc                0x08000a21   Thumb Code     0  iusesemip.o(.text)
    __decompress                             0x08000a21   Thumb Code     0  __dczerorl2.o(.text)
    __decompress1                            0x08000a21   Thumb Code    86  __dczerorl2.o(.text)
    __semihosting_library_function           0x08000a21   Thumb Code     0  semi.o(.text)
    BusFault_Handler                         0x08000a77   Thumb Code     2  interrupt.o(i.BusFault_Handler)
    ConfigLED                                0x08000a79   Thumb Code   128  main.o(i.ConfigLED)
    ConfigTimer                              0x08000b01   Thumb Code    86  main.o(i.ConfigTimer)
    ConfigUART                               0x08000b69   Thumb Code   112  main.o(i.ConfigUART)
    DMA1_Stream4_IRQHandler                  0x08000be9   Thumb Code     8  interrupt.o(i.DMA1_Stream4_IRQHandler)
    DMA1_Stream5_IRQHandler                  0x08000bf5   Thumb Code     8  interrupt.o(i.DMA1_Stream5_IRQHandler)
    DMA2_Stream1_IRQHandler                  0x08000c01   Thumb Code     8  interrupt.o(i.DMA2_Stream1_IRQHandler)
    DebugMon_Handler                         0x08000ceb   Thumb Code     2  interrupt.o(i.DebugMon_Handler)
    HAL_DMA_IRQHandler                       0x08000ced   Thumb Code   462  stm32f4xx_hal_dma.o(i.HAL_DMA_IRQHandler)
    HAL_DMA_Init                             0x08000ec5   Thumb Code   204  stm32f4xx_hal_dma.o(i.HAL_DMA_Init)
    HAL_DMA_Start_IT                         0x08000f95   Thumb Code   120  stm32f4xx_hal_dma.o(i.HAL_DMA_Start_IT)
    HAL_Delay                                0x0800100d   Thumb Code    22  stm32f4xx_hal.o(i.HAL_Delay)
    HAL_GPIO_Init                            0x08001025   Thumb Code   426  stm32f4xx_hal_gpio.o(i.HAL_GPIO_Init)
    HAL_GPIO_TogglePin                       0x08001205   Thumb Code     8  stm32f4xx_hal_gpio.o(i.HAL_GPIO_TogglePin)
    HAL_GPIO_WritePin                        0x0800120d   Thumb Code    14  stm32f4xx_hal_gpio.o(i.HAL_GPIO_WritePin)
    HAL_GetTick                              0x0800121d   Thumb Code     6  stm32f4xx_hal.o(i.HAL_GetTick)
    HAL_IncTick                              0x08001229   Thumb Code    10  stm32f4xx_hal.o(i.HAL_IncTick)
    HAL_Init                                 0x08001239   Thumb Code    48  stm32f4xx_hal.o(i.HAL_Init)
    HAL_InitTick                             0x0800126d   Thumb Code    34  stm32f4xx_hal.o(i.HAL_InitTick)
    HAL_MspInit                              0x08001295   Thumb Code     2  stm32f4xx_hal.o(i.HAL_MspInit)
    HAL_NVIC_EnableIRQ                       0x08001297   Thumb Code    22  stm32f4xx_hal_cortex.o(i.HAL_NVIC_EnableIRQ)
    HAL_NVIC_SetPriority                     0x080012ad   Thumb Code    60  stm32f4xx_hal_cortex.o(i.HAL_NVIC_SetPriority)
    HAL_NVIC_SetPriorityGrouping             0x080012ed   Thumb Code    26  stm32f4xx_hal_cortex.o(i.HAL_NVIC_SetPriorityGrouping)
    HAL_RCC_ClockConfig                      0x08001311   Thumb Code   372  stm32f4xx_hal_rcc.o(i.HAL_RCC_ClockConfig)
    HAL_RCC_GetHCLKFreq                      0x08001495   Thumb Code     6  stm32f4xx_hal_rcc.o(i.HAL_RCC_GetHCLKFreq)
    HAL_RCC_GetPCLK1Freq                     0x080014a1   Thumb Code    36  stm32f4xx_hal_rcc.o(i.HAL_RCC_GetPCLK1Freq)
    HAL_RCC_GetPCLK2Freq                     0x080014cd   Thumb Code    36  stm32f4xx_hal_rcc.o(i.HAL_RCC_GetPCLK2Freq)
    HAL_RCC_GetSysClockFreq                  0x080014f9   Thumb Code   120  stm32f4xx_hal_rcc.o(i.HAL_RCC_GetSysClockFreq)
    HAL_RCC_OscConfig                        0x0800157d   Thumb Code   890  stm32f4xx_hal_rcc.o(i.HAL_RCC_OscConfig)
    HAL_SYSTICK_Config                       0x08001909   Thumb Code    40  stm32f4xx_hal_cortex.o(i.HAL_SYSTICK_Config)
    HAL_TIMEx_BreakCallback                  0x08001931   Thumb Code     2  stm32f4xx_hal_tim_ex.o(i.HAL_TIMEx_BreakCallback)
    HAL_TIMEx_CommutationCallback            0x08001933   Thumb Code     2  stm32f4xx_hal_tim_ex.o(i.HAL_TIMEx_CommutationCallback)
    HAL_TIM_Base_Init                        0x08001935   Thumb Code    56  stm32f4xx_hal_tim.o(i.HAL_TIM_Base_Init)
    HAL_TIM_Base_MspInit                     0x0800196d   Thumb Code     2  stm32f4xx_hal_tim.o(i.HAL_TIM_Base_MspInit)
    HAL_TIM_Base_Start_IT                    0x0800196f   Thumb Code    24  stm32f4xx_hal_tim.o(i.HAL_TIM_Base_Start_IT)
    HAL_TIM_IC_CaptureCallback               0x08001987   Thumb Code     2  stm32f4xx_hal_tim.o(i.HAL_TIM_IC_CaptureCallback)
    HAL_TIM_IRQHandler                       0x08001989   Thumb Code   366  stm32f4xx_hal_tim.o(i.HAL_TIM_IRQHandler)
    HAL_TIM_OC_DelayElapsedCallback          0x08001af7   Thumb Code     2  stm32f4xx_hal_tim.o(i.HAL_TIM_OC_DelayElapsedCallback)
    HAL_TIM_PWM_PulseFinishedCallback        0x08001af9   Thumb Code     2  stm32f4xx_hal_tim.o(i.HAL_TIM_PWM_PulseFinishedCallback)
    HAL_TIM_PeriodElapsedCallback            0x08001afd   Thumb Code     8  main.o(i.HAL_TIM_PeriodElapsedCallback)
    HAL_TIM_TriggerCallback                  0x08001b09   Thumb Code     2  stm32f4xx_hal_tim.o(i.HAL_TIM_TriggerCallback)
    HAL_UART_ErrorCallback                   0x08001b0b   Thumb Code     2  stm32f4xx_hal_uart.o(i.HAL_UART_ErrorCallback)
    HAL_UART_Init                            0x08001b0d   Thumb Code   100  stm32f4xx_hal_uart.o(i.HAL_UART_Init)
    HAL_UART_MspInit                         0x08001b71   Thumb Code   802  stm32f4xx_hal_msp.o(i.HAL_UART_MspInit)
    HAL_UART_Receive_DMA                     0x08001ec5   Thumb Code   132  stm32f4xx_hal_uart.o(i.HAL_UART_Receive_DMA)
    HAL_UART_RxCpltCallback                  0x08001f55   Thumb Code     2  main.o(i.HAL_UART_RxCpltCallback)
    HAL_UART_RxHalfCpltCallback              0x08001f57   Thumb Code     2  stm32f4xx_hal_uart.o(i.HAL_UART_RxHalfCpltCallback)
    HAL_UART_Transmit                        0x08001f59   Thumb Code   204  stm32f4xx_hal_uart.o(i.HAL_UART_Transmit)
    HAL_UART_Transmit_DMA                    0x08002025   Thumb Code   126  stm32f4xx_hal_uart.o(i.HAL_UART_Transmit_DMA)
    HAL_UART_TxCpltCallback                  0x080020b1   Thumb Code     2  main.o(i.HAL_UART_TxCpltCallback)
    HAL_UART_TxHalfCpltCallback              0x080020b3   Thumb Code     2  stm32f4xx_hal_uart.o(i.HAL_UART_TxHalfCpltCallback)
    HardFault_Handler                        0x080020b5   Thumb Code     2  interrupt.o(i.HardFault_Handler)
    MemManage_Handler                        0x08002289   Thumb Code     2  interrupt.o(i.MemManage_Handler)
    NMI_Handler                              0x0800228b   Thumb Code     2  interrupt.o(i.NMI_Handler)
    PendSV_Handler                           0x080022ad   Thumb Code     2  interrupt.o(i.PendSV_Handler)
    SVC_Handler                              0x080022af   Thumb Code     2  interrupt.o(i.SVC_Handler)
    SendStr                                  0x080022b1   Thumb Code    26  main.o(i.SendStr)
    SysTick_Handler                          0x080022d1   Thumb Code     4  interrupt.o(i.SysTick_Handler)
    SystemClockConfig                        0x080022d5   Thumb Code   110  main.o(i.SystemClockConfig)
    SystemInit                               0x0800234d   Thumb Code    66  system_stm32f4xx.o(i.SystemInit)
    TIM3_IRQHandler                          0x080023a1   Thumb Code     6  interrupt.o(i.TIM3_IRQHandler)
    TIM_Base_SetConfig                       0x080023ad   Thumb Code   152  stm32f4xx_hal_tim.o(i.TIM_Base_SetConfig)
    UsageFault_Handler                       0x080028f1   Thumb Code     2  interrupt.o(i.UsageFault_Handler)
    __0fprintf                               0x080028f5   Thumb Code    22  printfa.o(i.__0fprintf)
    __1fprintf                               0x080028f5   Thumb Code     0  printfa.o(i.__0fprintf)
    __2fprintf                               0x080028f5   Thumb Code     0  printfa.o(i.__0fprintf)
    __c89fprintf                             0x080028f5   Thumb Code     0  printfa.o(i.__0fprintf)
    fprintf                                  0x080028f5   Thumb Code     0  printfa.o(i.__0fprintf)
    __0sprintf                               0x08002911   Thumb Code    34  printfa.o(i.__0sprintf)
    __1sprintf                               0x08002911   Thumb Code     0  printfa.o(i.__0sprintf)
    __2sprintf                               0x08002911   Thumb Code     0  printfa.o(i.__0sprintf)
    __c89sprintf                             0x08002911   Thumb Code     0  printfa.o(i.__0sprintf)
    sprintf                                  0x08002911   Thumb Code     0  printfa.o(i.__0sprintf)
    __ARM_fpclassify                         0x08002939   Thumb Code    48  fpclassify.o(i.__ARM_fpclassify)
    __hardfp_asin                            0x08002969   Thumb Code   770  asin.o(i.__hardfp_asin)
    __hardfp_atan                            0x08002cc9   Thumb Code   622  atan.o(i.__hardfp_atan)
    __hardfp_atan2                           0x08002fa1   Thumb Code   432  atan2.o(i.__hardfp_atan2)
    __hardfp_cos                             0x08003191   Thumb Code   180  cos.o(i.__hardfp_cos)
    __hardfp_difftime                        0x08003259   Thumb Code    42  difftime.o(i.__hardfp_difftime)
    __hardfp_exp                             0x08003289   Thumb Code   714  exp.o(i.__hardfp_exp)
    __hardfp_fabs                            0x080035e1   Thumb Code    20  fabs.o(i.__hardfp_fabs)
    __hardfp_floor                           0x080035f9   Thumb Code   252  floor.o(i.__hardfp_floor)
    __hardfp_pow                             0x08003711   Thumb Code  3072  pow.o(i.__hardfp_pow)
    __hardfp_sin                             0x08004361   Thumb Code   180  sin.o(i.__hardfp_sin)
    __hardfp_sqrt                            0x08004429   Thumb Code   122  sqrt.o(i.__hardfp_sqrt)
    __ieee754_rem_pio2                       0x080044a9   Thumb Code   938  rred.o(i.__ieee754_rem_pio2)
    __kernel_cos                             0x080048e1   Thumb Code   322  cos_i.o(i.__kernel_cos)
    __kernel_poly                            0x08004a51   Thumb Code   248  poly.o(i.__kernel_poly)
    __kernel_sin                             0x08004b49   Thumb Code   280  sin_i.o(i.__kernel_sin)
    __mathlib_dbl_divzero                    0x08004c79   Thumb Code    28  dunder.o(i.__mathlib_dbl_divzero)
    __mathlib_dbl_infnan                     0x08004ca9   Thumb Code    20  dunder.o(i.__mathlib_dbl_infnan)
    __mathlib_dbl_infnan2                    0x08004cbd   Thumb Code    20  dunder.o(i.__mathlib_dbl_infnan2)
    __mathlib_dbl_invalid                    0x08004cd1   Thumb Code    24  dunder.o(i.__mathlib_dbl_invalid)
    __mathlib_dbl_overflow                   0x08004cf1   Thumb Code    24  dunder.o(i.__mathlib_dbl_overflow)
    __mathlib_dbl_underflow                  0x08004d11   Thumb Code    24  dunder.o(i.__mathlib_dbl_underflow)
    __scatterload_copy                       0x08004d31   Thumb Code    14  handlers.o(i.__scatterload_copy)
    __scatterload_null                       0x08004d3f   Thumb Code     2  handlers.o(i.__scatterload_null)
    __scatterload_zeroinit                   0x08004d41   Thumb Code    14  handlers.o(i.__scatterload_zeroinit)
    __set_errno                              0x08004d51   Thumb Code     6  errno.o(i.__set_errno)
    atan                                     0x08005619   Thumb Code    16  atan.o(i.atan)
    covenu                                   0x080056a1   Thumb Code   104  rtkcmn.o(i.covenu)
    decode_raw                               0x08006279   Thumb Code   290  main.o(i.decode_raw)
    decode_subfrm1                           0x0800639d   Thumb Code   322  rcvraw.o(i.decode_subfrm1)
    decode_subfrm2                           0x08006509   Thumb Code   352  rcvraw.o(i.decode_subfrm2)
    decode_subfrm3                           0x080066b9   Thumb Code   566  rcvraw.o(i.decode_subfrm3)
    decode_trksfrbx                          0x08006d5d   Thumb Code    60  ublox.o(i.decode_trksfrbx)
    dops                                     0x08006e85   Thumb Code   644  rtkcmn.o(i.dops)
    dot                                      0x0800711d   Thumb Code    76  rtkcmn.o(i.dot)
    ecef2enu                                 0x08007171   Thumb Code    46  rtkcmn.o(i.ecef2enu)
    ecef2pos                                 0x080071b5   Thumb Code   446  rtkcmn.o(i.ecef2pos)
    eph2clk                                  0x080073b5   Thumb Code   184  ephemeris.o(i.eph2clk)
    eph2pos                                  0x0800746d   Thumb Code  1262  ephemeris.o(i.eph2pos)
    epoch2time                               0x08007a8d   Thumb Code   264  rtkcmn.o(i.epoch2time)
    eye                                      0x08007f89   Thumb Code    44  rtkcmn.o(i.eye)
    fabs                                     0x08007fbd   Thumb Code    24  fabs.o(i.fabs)
    filter                                   0x08007fd5   Thumb Code   428  rtkcmn.o(i.filter)
    fputc                                    0x08008305   Thumb Code    18  fputc.o(i.fputc)
    free                                     0x08008319   Thumb Code    76  malloc.o(i.free)
    geodist                                  0x0800844d   Thumb Code   364  rtkcmn.o(i.geodist)
    getbits                                  0x080085d9   Thumb Code    40  rtkcmn.o(i.getbits)
    getbitu                                  0x08008601   Thumb Code    48  rtkcmn.o(i.getbitu)
    gpst2time                                0x08008631   Thumb Code   174  rtkcmn.o(i.gpst2time)
    imat                                     0x080088c1   Thumb Code    20  rtkcmn.o(i.imat)
    init_raw                                 0x080088d5   Thumb Code   270  rcvraw.o(i.init_raw)
    input_ubx                                0x08008a49   Thumb Code   120  ublox.o(i.input_ubx)
    ionmodel                                 0x08008b91   Thumb Code  1180  rtkcmn.o(i.ionmodel)
    ionocorr                                 0x0800902d   Thumb Code    92  pntpos.o(i.ionocorr)
    lambda                                   0x08009091   Thumb Code   216  lambda.o(i.lambda)
    lsq                                      0x08009181   Thumb Code   200  rtkcmn.o(i.lsq)
    main                                     0x080095ed   Thumb Code   460  main.o(i.main)
    malloc                                   0x080097e5   Thumb Code    92  malloc.o(i.malloc)
    mat                                      0x08009915   Thumb Code    20  rtkcmn.o(i.mat)
    matcpy                                   0x08009929   Thumb Code     8  rtkcmn.o(i.matcpy)
    matinv                                   0x08009931   Thumb Code   174  rtkcmn.o(i.matinv)
    matmul                                   0x080099f1   Thumb Code   490  rtkcmn.o(i.matmul)
    norm                                     0x08009e2d   Thumb Code    18  rtkcmn.o(i.norm)
    outsol                                   0x08009e41   Thumb Code   514  solution.o(i.outsol)
    pntpos                                   0x0800a1a9   Thumb Code   290  pntpos.o(i.pntpos)
    pos2ecef                                 0x0800a2f9   Thumb Code   256  rtkcmn.o(i.pos2ecef)
    rtkinit                                  0x0800b63d   Thumb Code   480  rtkpos.o(i.rtkinit)
    rtkpos                                   0x0800b82d   Thumb Code   394  rtkpos.o(i.rtkpos)
    rtksvrstart                              0x0800b9f5   Thumb Code   206  rtksvr.o(i.rtksvrstart)
    satazel                                  0x0800bad9   Thumb Code   226  rtkcmn.o(i.satazel)
    satno                                    0x0800bbe5   Thumb Code    96  rtkcmn.o(i.satno)
    satpos                                   0x0800bc45   Thumb Code    64  ephemeris.o(i.satpos)
    satposs                                  0x0800bc85   Thumb Code   410  ephemeris.o(i.satposs)
    seleph                                   0x0800c3e9   Thumb Code   200  ephemeris.o(i.seleph)
    sendRequest                              0x0800c541   Thumb Code    36  main.o(i.sendRequest)
    setbit                                   0x0800c57d   Thumb Code    94  rtkcmn.o(i.setbit)
    solve                                    0x0800c709   Thumb Code   106  rtkcmn.o(i.solve)
    sqrt                                     0x0800c78d   Thumb Code   110  sqrt.o(i.sqrt)
    testsnr                                  0x0800c875   Thumb Code   236  rtkcmn.o(i.testsnr)
    time2doy                                 0x0800c981   Thumb Code   108  rtkcmn.o(i.time2doy)
    time2epoch                               0x0800ca05   Thumb Code   204  rtkcmn.o(i.time2epoch)
    time2gpst                                0x0800cad9   Thumb Code    76  rtkcmn.o(i.time2gpst)
    timeadd                                  0x0800cb2d   Thumb Code   106  rtkcmn.o(i.timeadd)
    timediff                                 0x0800cb97   Thumb Code    44  rtkcmn.o(i.timediff)
    tropcorr                                 0x0800cbc5   Thumb Code   132  pntpos.o(i.tropcorr)
    tropmapf                                 0x0800cc61   Thumb Code    86  rtkcmn.o(i.tropmapf)
    tropmodel                                0x0800ccd1   Thumb Code   598  rtkcmn.o(i.tropmodel)
    updatesvr                                0x0800d4b9   Thumb Code   196  rtksvr.o(i.updatesvr)
    var_uraeph                               0x0800d765   Thumb Code    46  ephemeris.o(i.var_uraeph)
    xyz2enu                                  0x0800d981   Thumb Code   188  rtkcmn.o(i.xyz2enu)
    zeros                                    0x0800dcdd   Thumb Code    24  rtkcmn.o(i.zeros)
    default_opt                              0x0800dee8   Data         440  rtkcmn.o(.constdata)
    chisqr                                   0x0800e380   Data         800  rtkcmn.o(.constdata)
    APBAHBPrescTable                         0x0800e7c0   Data          16  stm32f4xx_hal_rcc.o(.constdata)
    __mathlib_zero                           0x0800e9c8   Data           8  qnan.o(.constdata)
    Region$$Table$$Base                      0x0800eb38   Number         0  anon$$obj.o(Region$$Table)
    Region$$Table$$Limit                     0x0800eb78   Number         0  anon$$obj.o(Region$$Table)
    uwTick                                   0x10000014   Data           4  stm32f4xx_hal.o(.data)
    SystemCoreClock                          0x10000018   Data           4  system_stm32f4xx.o(.data)
    __stderr                                 0x1000001c   Data           4  stderr.o(.data)
    __microlib_freelist                      0x10000020   Data           4  mvars.o(.data)
    __microlib_freelist_initialised          0x10000024   Data           4  mvars.o(.data)
    TimerHandle                              0x10000030   Data          60  main.o(.bss)
    UartGPSHandle                            0x1000006c   Data          64  main.o(.bss)
    UartRFHandle                             0x100000ac   Data          64  main.o(.bss)
    UartResultHandle                         0x100000ec   Data          64  main.o(.bss)
    __initial_sp                             0x10006f00   Data           0  startup_stm32f427xx.o(STACK)
    __heap_base                              0x20017c90   Data           0  startup_stm32f427xx.o(HEAP)
    __heap_limit                             0x20027c90   Data           0  startup_stm32f427xx.o(HEAP)



==============================================================================

Memory Map of the image

  Image Entry point : 0x080001ad

  Load Region LR_IROM1 (Base: 0x08000000, Size: 0x0001c834, Max: 0x00200000, ABSOLUTE, COMPRESSED[0x0000ed60])

    Execution Region ER_IROM1 (Base: 0x08000000, Size: 0x0000eb78, Max: 0x00200000, ABSOLUTE)

    Base Addr    Size         Type   Attr      Idx    E Section Name        Object

    0x08000000   0x000001ac   Data   RO            3    RESET               startup_stm32f427xx.o
    0x080001ac   0x00000000   Code   RO         4249  * .ARM.Collect$$$$00000000  mc_w.l(entry.o)
    0x080001ac   0x00000004   Code   RO         4611    .ARM.Collect$$$$00000001  mc_w.l(entry2.o)
    0x080001b0   0x00000004   Code   RO         4614    .ARM.Collect$$$$00000004  mc_w.l(entry5.o)
    0x080001b4   0x00000000   Code   RO         4616    .ARM.Collect$$$$00000008  mc_w.l(entry7b.o)
    0x080001b4   0x00000000   Code   RO         4618    .ARM.Collect$$$$0000000A  mc_w.l(entry8b.o)
    0x080001b4   0x00000008   Code   RO         4619    .ARM.Collect$$$$0000000B  mc_w.l(entry9a.o)
    0x080001bc   0x00000000   Code   RO         4621    .ARM.Collect$$$$0000000D  mc_w.l(entry10a.o)
    0x080001bc   0x00000000   Code   RO         4623    .ARM.Collect$$$$0000000F  mc_w.l(entry11a.o)
    0x080001bc   0x00000004   Code   RO         4612    .ARM.Collect$$$$00002712  mc_w.l(entry2.o)
    0x080001c0   0x00000024   Code   RO            4    .text               startup_stm32f427xx.o
    0x080001e4   0x00000024   Code   RO         4253    .text               mc_w.l(memcpya.o)
    0x08000208   0x00000024   Code   RO         4255    .text               mc_w.l(memseta.o)
    0x0800022c   0x0000000e   Code   RO         4257    .text               mc_w.l(strlen.o)
    0x0800023a   0x00000012   Code   RO         4259    .text               mc_w.l(strcpy.o)
    0x0800024c   0x0000001c   Code   RO         4552    .text               mc_w.l(calloc.o)
    0x08000268   0x0000014e   Code   RO         4554    .text               mf_w.l(dadd.o)
    0x080003b6   0x000000e4   Code   RO         4556    .text               mf_w.l(dmul.o)
    0x0800049a   0x000000de   Code   RO         4558    .text               mf_w.l(ddiv.o)
    0x08000578   0x00000022   Code   RO         4562    .text               mf_w.l(dflti.o)
    0x0800059a   0x0000001a   Code   RO         4564    .text               mf_w.l(dfltui.o)
    0x080005b4   0x0000003e   Code   RO         4566    .text               mf_w.l(dfixi.o)
    0x080005f2   0x00000032   Code   RO         4568    .text               mf_w.l(dfixui.o)
    0x08000624   0x00000026   Code   RO         4570    .text               mf_w.l(f2d.o)
    0x0800064a   0x00000002   PAD
    0x0800064c   0x00000030   Code   RO         4572    .text               mf_w.l(cdcmple.o)
    0x0800067c   0x00000030   Code   RO         4574    .text               mf_w.l(cdrcmple.o)
    0x080006ac   0x00000038   Code   RO         4576    .text               mf_w.l(d2f.o)
    0x080006e4   0x0000002c   Code   RO         4628    .text               mc_w.l(uidiv.o)
    0x08000710   0x00000062   Code   RO         4630    .text               mc_w.l(uldiv.o)
    0x08000772   0x0000001e   Code   RO         4632    .text               mc_w.l(llshl.o)
    0x08000790   0x00000020   Code   RO         4634    .text               mc_w.l(llushr.o)
    0x080007b0   0x00000024   Code   RO         4636    .text               mc_w.l(llsshr.o)
    0x080007d4   0x00000000   Code   RO         4647    .text               mc_w.l(iusefp.o)
    0x080007d4   0x0000006e   Code   RO         4648    .text               mf_w.l(fepilogue.o)
    0x08000842   0x000000ba   Code   RO         4650    .text               mf_w.l(depilogue.o)
    0x080008fc   0x0000002e   Code   RO         4652    .text               mf_w.l(dscalb.o)
    0x0800092a   0x000000a2   Code   RO         4654    .text               mf_w.l(dsqrt.o)
    0x080009cc   0x00000030   Code   RO         4656    .text               mf_w.l(dfixul.o)
    0x080009fc   0x00000024   Code   RO         4658    .text               mc_w.l(init.o)
    0x08000a20   0x00000000   Code   RO         4660    .text               mc_w.l(semi.o)
    0x08000a20   0x00000000   Code   RO         4661    .text               mc_w.l(iusesemip.o)
    0x08000a20   0x00000056   Code   RO         4670    .text               mc_w.l(__dczerorl2.o)
    0x08000a76   0x00000002   Code   RO          436    i.BusFault_Handler  interrupt.o
    0x08000a78   0x00000088   Code   RO           13    i.ConfigLED         main.o
    0x08000b00   0x00000068   Code   RO           14    i.ConfigTimer       main.o
    0x08000b68   0x00000080   Code   RO           15    i.ConfigUART        main.o
    0x08000be8   0x0000000c   Code   RO          437    i.DMA1_Stream4_IRQHandler  interrupt.o
    0x08000bf4   0x0000000c   Code   RO          438    i.DMA1_Stream5_IRQHandler  interrupt.o
    0x08000c00   0x0000000c   Code   RO          439    i.DMA2_Stream1_IRQHandler  interrupt.o
    0x08000c0c   0x0000002c   Code   RO         1575    i.DMA_CalcBaseAndBitshift  stm32f4xx_hal_dma.o
    0x08000c38   0x00000088   Code   RO         1576    i.DMA_CheckFifoParam  stm32f4xx_hal_dma.o
    0x08000cc0   0x0000002a   Code   RO         1577    i.DMA_SetConfig     stm32f4xx_hal_dma.o
    0x08000cea   0x00000002   Code   RO          440    i.DebugMon_Handler  interrupt.o
    0x08000cec   0x000001d8   Code   RO         1583    i.HAL_DMA_IRQHandler  stm32f4xx_hal_dma.o
    0x08000ec4   0x000000d0   Code   RO         1584    i.HAL_DMA_Init      stm32f4xx_hal_dma.o
    0x08000f94   0x00000078   Code   RO         1588    i.HAL_DMA_Start_IT  stm32f4xx_hal_dma.o
    0x0800100c   0x00000016   Code   RO         1423    i.HAL_Delay         stm32f4xx_hal.o
    0x08001022   0x00000002   PAD
    0x08001024   0x000001e0   Code   RO         1922    i.HAL_GPIO_Init     stm32f4xx_hal_gpio.o
    0x08001204   0x00000008   Code   RO         1925    i.HAL_GPIO_TogglePin  stm32f4xx_hal_gpio.o
    0x0800120c   0x0000000e   Code   RO         1926    i.HAL_GPIO_WritePin  stm32f4xx_hal_gpio.o
    0x0800121a   0x00000002   PAD
    0x0800121c   0x0000000c   Code   RO         1431    i.HAL_GetTick       stm32f4xx_hal.o
    0x08001228   0x00000010   Code   RO         1432    i.HAL_IncTick       stm32f4xx_hal.o
    0x08001238   0x00000034   Code   RO         1433    i.HAL_Init          stm32f4xx_hal.o
    0x0800126c   0x00000028   Code   RO         1434    i.HAL_InitTick      stm32f4xx_hal.o
    0x08001294   0x00000002   Code   RO         1436    i.HAL_MspInit       stm32f4xx_hal.o
    0x08001296   0x00000016   Code   RO         3972    i.HAL_NVIC_EnableIRQ  stm32f4xx_hal_cortex.o
    0x080012ac   0x00000040   Code   RO         3978    i.HAL_NVIC_SetPriority  stm32f4xx_hal_cortex.o
    0x080012ec   0x00000024   Code   RO         3979    i.HAL_NVIC_SetPriorityGrouping  stm32f4xx_hal_cortex.o
    0x08001310   0x00000184   Code   RO         2985    i.HAL_RCC_ClockConfig  stm32f4xx_hal_rcc.o
    0x08001494   0x0000000c   Code   RO         2990    i.HAL_RCC_GetHCLKFreq  stm32f4xx_hal_rcc.o
    0x080014a0   0x0000002c   Code   RO         2992    i.HAL_RCC_GetPCLK1Freq  stm32f4xx_hal_rcc.o
    0x080014cc   0x0000002c   Code   RO         2993    i.HAL_RCC_GetPCLK2Freq  stm32f4xx_hal_rcc.o
    0x080014f8   0x00000084   Code   RO         2994    i.HAL_RCC_GetSysClockFreq  stm32f4xx_hal_rcc.o
    0x0800157c   0x0000038c   Code   RO         2997    i.HAL_RCC_OscConfig  stm32f4xx_hal_rcc.o
    0x08001908   0x00000028   Code   RO         3983    i.HAL_SYSTICK_Config  stm32f4xx_hal_cortex.o
    0x08001930   0x00000002   Code   RO         3730    i.HAL_TIMEx_BreakCallback  stm32f4xx_hal_tim_ex.o
    0x08001932   0x00000002   Code   RO         3731    i.HAL_TIMEx_CommutationCallback  stm32f4xx_hal_tim_ex.o
    0x08001934   0x00000038   Code   RO         3091    i.HAL_TIM_Base_Init  stm32f4xx_hal_tim.o
    0x0800196c   0x00000002   Code   RO         3093    i.HAL_TIM_Base_MspInit  stm32f4xx_hal_tim.o
    0x0800196e   0x00000018   Code   RO         3096    i.HAL_TIM_Base_Start_IT  stm32f4xx_hal_tim.o
    0x08001986   0x00000002   Code   RO         3120    i.HAL_TIM_IC_CaptureCallback  stm32f4xx_hal_tim.o
    0x08001988   0x0000016e   Code   RO         3133    i.HAL_TIM_IRQHandler  stm32f4xx_hal_tim.o
    0x08001af6   0x00000002   Code   RO         3136    i.HAL_TIM_OC_DelayElapsedCallback  stm32f4xx_hal_tim.o
    0x08001af8   0x00000002   Code   RO         3163    i.HAL_TIM_PWM_PulseFinishedCallback  stm32f4xx_hal_tim.o
    0x08001afa   0x00000002   PAD
    0x08001afc   0x0000000c   Code   RO           16    i.HAL_TIM_PeriodElapsedCallback  main.o
    0x08001b08   0x00000002   Code   RO         3174    i.HAL_TIM_TriggerCallback  stm32f4xx_hal_tim.o
    0x08001b0a   0x00000002   Code   RO         2408    i.HAL_UART_ErrorCallback  stm32f4xx_hal_uart.o
    0x08001b0c   0x00000064   Code   RO         2412    i.HAL_UART_Init     stm32f4xx_hal_uart.o
    0x08001b70   0x00000354   Code   RO         1226    i.HAL_UART_MspInit  stm32f4xx_hal_msp.o
    0x08001ec4   0x00000090   Code   RO         2416    i.HAL_UART_Receive_DMA  stm32f4xx_hal_uart.o
    0x08001f54   0x00000002   Code   RO           17    i.HAL_UART_RxCpltCallback  main.o
    0x08001f56   0x00000002   Code   RO         2419    i.HAL_UART_RxHalfCpltCallback  stm32f4xx_hal_uart.o
    0x08001f58   0x000000cc   Code   RO         2420    i.HAL_UART_Transmit  stm32f4xx_hal_uart.o
    0x08002024   0x0000008c   Code   RO         2421    i.HAL_UART_Transmit_DMA  stm32f4xx_hal_uart.o
    0x080020b0   0x00000002   Code   RO           18    i.HAL_UART_TxCpltCallback  main.o
    0x080020b2   0x00000002   Code   RO         2424    i.HAL_UART_TxHalfCpltCallback  stm32f4xx_hal_uart.o
    0x080020b4   0x00000002   Code   RO          441    i.HardFault_Handler  interrupt.o
    0x080020b6   0x00000004   Code   RO         1251    i.I4                ublox.o
    0x080020ba   0x00000002   PAD
    0x080020bc   0x00000048   Code   RO         1252    i.I8                ublox.o
    0x08002104   0x00000184   Code   RO          533    i.LD                lambda.o
    0x08002288   0x00000002   Code   RO          442    i.MemManage_Handler  interrupt.o
    0x0800228a   0x00000002   Code   RO          443    i.NMI_Handler       interrupt.o
    0x0800228c   0x00000020   Code   RO         3985    i.NVIC_SetPriority  stm32f4xx_hal_cortex.o
    0x080022ac   0x00000002   Code   RO          444    i.PendSV_Handler    interrupt.o
    0x080022ae   0x00000002   Code   RO          445    i.SVC_Handler       interrupt.o
    0x080022b0   0x00000020   Code   RO           21    i.SendStr           main.o
    0x080022d0   0x00000004   Code   RO          446    i.SysTick_Handler   interrupt.o
    0x080022d4   0x00000078   Code   RO           22    i.SystemClockConfig  main.o
    0x0800234c   0x00000054   Code   RO         4093    i.SystemInit        system_stm32f4xx.o
    0x080023a0   0x0000000c   Code   RO          447    i.TIM3_IRQHandler   interrupt.o
    0x080023ac   0x000000c4   Code   RO         3175    i.TIM_Base_SetConfig  stm32f4xx_hal_tim.o
    0x08002470   0x0000000c   Code   RO         1253    i.U2                ublox.o
    0x0800247c   0x00000004   Code   RO         1254    i.U4                ublox.o
    0x08002480   0x0000004a   Code   RO         2426    i.UART_DMAError     stm32f4xx_hal_uart.o
    0x080024ca   0x0000003c   Code   RO         2427    i.UART_DMAReceiveCplt  stm32f4xx_hal_uart.o
    0x08002506   0x0000000a   Code   RO         2429    i.UART_DMARxHalfCplt  stm32f4xx_hal_uart.o
    0x08002510   0x0000002e   Code   RO         2431    i.UART_DMATransmitCplt  stm32f4xx_hal_uart.o
    0x0800253e   0x0000000a   Code   RO         2433    i.UART_DMATxHalfCplt  stm32f4xx_hal_uart.o
    0x08002548   0x0000001c   Code   RO         2435    i.UART_EndRxTransfer  stm32f4xx_hal_uart.o
    0x08002564   0x00000012   Code   RO         2437    i.UART_EndTxTransfer  stm32f4xx_hal_uart.o
    0x08002576   0x00000002   PAD
    0x08002578   0x00000314   Code   RO         2439    i.UART_SetConfig    stm32f4xx_hal_uart.o
    0x0800288c   0x00000064   Code   RO         2441    i.UART_WaitOnFlagUntilTimeout  stm32f4xx_hal_uart.o
    0x080028f0   0x00000002   Code   RO          448    i.UsageFault_Handler  interrupt.o
    0x080028f2   0x00000002   PAD
    0x080028f4   0x0000001c   Code   RO         4495    i.__0fprintf        mc_w.l(printfa.o)
    0x08002910   0x00000028   Code   RO         4498    i.__0sprintf        mc_w.l(printfa.o)
    0x08002938   0x00000030   Code   RO         4595    i.__ARM_fpclassify  m_wm.l(fpclassify.o)
    0x08002968   0x00000360   Code   RO         4127    i.__hardfp_asin     m_wm.l(asin.o)
    0x08002cc8   0x000002d8   Code   RO         4141    i.__hardfp_atan     m_wm.l(atan.o)
    0x08002fa0   0x000001f0   Code   RO         4155    i.__hardfp_atan2    m_wm.l(atan2.o)
    0x08003190   0x000000c8   Code   RO         4167    i.__hardfp_cos      m_wm.l(cos.o)
    0x08003258   0x0000002a   Code   RO         4179    i.__hardfp_difftime  m_wm.l(difftime.o)
    0x08003282   0x00000006   PAD
    0x08003288   0x00000358   Code   RO         4185    i.__hardfp_exp      m_wm.l(exp.o)
    0x080035e0   0x00000014   Code   RO         4199    i.__hardfp_fabs     m_wm.l(fabs.o)
    0x080035f4   0x00000004   PAD
    0x080035f8   0x00000118   Code   RO         4205    i.__hardfp_floor    m_wm.l(floor.o)
    0x08003710   0x00000c50   Code   RO         4211    i.__hardfp_pow      m_wm.l(pow.o)
    0x08004360   0x000000c8   Code   RO         4225    i.__hardfp_sin      m_wm.l(sin.o)
    0x08004428   0x0000007a   Code   RO         4237    i.__hardfp_sqrt     m_wm.l(sqrt.o)
    0x080044a2   0x00000006   PAD
    0x080044a8   0x00000438   Code   RO         4600    i.__ieee754_rem_pio2  m_wm.l(rred.o)
    0x080048e0   0x00000170   Code   RO         4578    i.__kernel_cos      m_wm.l(cos_i.o)
    0x08004a50   0x000000f8   Code   RO         4597    i.__kernel_poly     m_wm.l(poly.o)
    0x08004b48   0x00000130   Code   RO         4605    i.__kernel_sin      m_wm.l(sin_i.o)
    0x08004c78   0x00000030   Code   RO         4581    i.__mathlib_dbl_divzero  m_wm.l(dunder.o)
    0x08004ca8   0x00000014   Code   RO         4582    i.__mathlib_dbl_infnan  m_wm.l(dunder.o)
    0x08004cbc   0x00000014   Code   RO         4583    i.__mathlib_dbl_infnan2  m_wm.l(dunder.o)
    0x08004cd0   0x00000020   Code   RO         4584    i.__mathlib_dbl_invalid  m_wm.l(dunder.o)
    0x08004cf0   0x00000020   Code   RO         4585    i.__mathlib_dbl_overflow  m_wm.l(dunder.o)
    0x08004d10   0x00000020   Code   RO         4587    i.__mathlib_dbl_underflow  m_wm.l(dunder.o)
    0x08004d30   0x0000000e   Code   RO         4664    i.__scatterload_copy  mc_w.l(handlers.o)
    0x08004d3e   0x00000002   Code   RO         4665    i.__scatterload_null  mc_w.l(handlers.o)
    0x08004d40   0x0000000e   Code   RO         4666    i.__scatterload_zeroinit  mc_w.l(handlers.o)
    0x08004d4e   0x00000002   PAD
    0x08004d50   0x0000000c   Code   RO         4642    i.__set_errno       mc_w.l(errno.o)
    0x08004d5c   0x00000184   Code   RO         4503    i._fp_digits        mc_w.l(printfa.o)
    0x08004ee0   0x000006dc   Code   RO         4504    i._printf_core      mc_w.l(printfa.o)
    0x080055bc   0x00000024   Code   RO         4505    i._printf_post_padding  mc_w.l(printfa.o)
    0x080055e0   0x0000002e   Code   RO         4506    i._printf_pre_padding  mc_w.l(printfa.o)
    0x0800560e   0x0000000a   Code   RO         4508    i._sputc            mc_w.l(printfa.o)
    0x08005618   0x00000010   Code   RO         4143    i.atan              m_wm.l(atan.o)
    0x08005628   0x00000040   Code   RO         1032    i.baseline          rtkpos.o
    0x08005668   0x00000036   Code   RO         1255    i.checksum          ublox.o
    0x0800569e   0x00000002   PAD
    0x080056a0   0x00000080   Code   RO          743    i.covenu            rtkcmn.o
    0x08005720   0x000000ac   Code   RO         1033    i.ddcov             rtkpos.o
    0x080057cc   0x000001a0   Code   RO         1034    i.ddmat             rtkpos.o
    0x0800596c   0x00000724   Code   RO         1035    i.ddres             rtkpos.o
    0x08006090   0x000000a8   Code   RO         1256    i.decode_ephem      ublox.o
    0x08006138   0x000000ac   Code   RO         1257    i.decode_nav        ublox.o
    0x080061e4   0x00000094   Code   RO         1258    i.decode_navsol     ublox.o
    0x08006278   0x00000122   Code   RO           23    i.decode_raw        main.o
    0x0800639a   0x00000002   PAD
    0x0800639c   0x0000016c   Code   RO          690    i.decode_subfrm1    rcvraw.o
    0x08006508   0x000001b0   Code   RO          691    i.decode_subfrm2    rcvraw.o
    0x080066b8   0x00000270   Code   RO          692    i.decode_subfrm3    rcvraw.o
    0x08006928   0x00000434   Code   RO         1259    i.decode_trkmeas    ublox.o
    0x08006d5c   0x0000003c   Code   RO         1260    i.decode_trksfrbx   ublox.o
    0x08006d98   0x0000005a   Code   RO         1261    i.decode_ubx        ublox.o
    0x08006df2   0x00000002   PAD
    0x08006df4   0x00000090   Code   RO         1036    i.detslp_ll         rtkpos.o
    0x08006e84   0x00000298   Code   RO          744    i.dops              rtkcmn.o
    0x0800711c   0x00000054   Code   RO          745    i.dot               rtkcmn.o
    0x08007170   0x00000044   Code   RO          746    i.ecef2enu          rtkcmn.o
    0x080071b4   0x00000200   Code   RO          747    i.ecef2pos          rtkcmn.o
    0x080073b4   0x000000b8   Code   RO          380    i.eph2clk           ephemeris.o
    0x0800746c   0x000004f8   Code   RO          381    i.eph2pos           ephemeris.o
    0x08007964   0x0000003a   Code   RO          382    i.ephclk            ephemeris.o
    0x0800799e   0x00000002   PAD
    0x080079a0   0x000000ec   Code   RO          383    i.ephpos            ephemeris.o
    0x08007a8c   0x00000120   Code   RO          748    i.epoch2time        rtkcmn.o
    0x08007bac   0x000003dc   Code   RO          619    i.estpos            pntpos.o
    0x08007f88   0x00000034   Code   RO          749    i.eye               rtkcmn.o
    0x08007fbc   0x00000018   Code   RO         4201    i.fabs              m_wm.l(fabs.o)
    0x08007fd4   0x000001b4   Code   RO          750    i.filter            rtkcmn.o
    0x08008188   0x0000017c   Code   RO          751    i.filter_           rtkcmn.o
    0x08008304   0x00000012   Code   RO         4625    i.fputc             mc_w.l(fputc.o)
    0x08008316   0x00000002   PAD
    0x08008318   0x00000050   Code   RO         4524    i.free              mc_w.l(malloc.o)
    0x08008368   0x000000e4   Code   RO          534    i.gauss             lambda.o
    0x0800844c   0x0000018c   Code   RO          752    i.geodist           rtkcmn.o
    0x080085d8   0x00000028   Code   RO          753    i.getbits           rtkcmn.o
    0x08008600   0x00000030   Code   RO          754    i.getbitu           rtkcmn.o
    0x08008630   0x000000d0   Code   RO          755    i.gpst2time         rtkcmn.o
    0x08008700   0x000001c0   Code   RO         1037    i.holdamb           rtkpos.o
    0x080088c0   0x00000014   Code   RO          757    i.imat              rtkcmn.o
    0x080088d4   0x0000011c   Code   RO          693    i.init_raw          rcvraw.o
    0x080089f0   0x00000058   Code   RO         1038    i.initx             rtkpos.o
    0x08008a48   0x00000078   Code   RO         1262    i.input_ubx         ublox.o
    0x08008ac0   0x000000d0   Code   RO          758    i.interpc           rtkcmn.o
    0x08008b90   0x0000049c   Code   RO          759    i.ionmodel          rtkcmn.o
    0x0800902c   0x00000064   Code   RO          620    i.ionocorr          pntpos.o
    0x08009090   0x000000f0   Code   RO          535    i.lambda            lambda.o
    0x08009180   0x000000e0   Code   RO          760    i.lsq               rtkcmn.o
    0x08009260   0x00000104   Code   RO          761    i.lubksb            rtkcmn.o
    0x08009364   0x00000288   Code   RO          762    i.ludcmp            rtkcmn.o
    0x080095ec   0x000001f8   Code   RO           24    i.main              main.o
    0x080097e4   0x0000006c   Code   RO         4525    i.malloc            mc_w.l(malloc.o)
    0x08009850   0x000000c4   Code   RO          763    i.mapf              rtkcmn.o
    0x08009914   0x00000014   Code   RO          764    i.mat               rtkcmn.o
    0x08009928   0x00000008   Code   RO          765    i.matcpy            rtkcmn.o
    0x08009930   0x000000c0   Code   RO          766    i.matinv            rtkcmn.o
    0x080099f0   0x000001f4   Code   RO          767    i.matmul            rtkcmn.o
    0x08009be4   0x00000248   Code   RO          768    i.nmf               rtkcmn.o
    0x08009e2c   0x00000012   Code   RO          769    i.norm              rtkcmn.o
    0x08009e3e   0x00000002   PAD
    0x08009e40   0x00000220   Code   RO         1196    i.outsol            solution.o
    0x0800a060   0x00000148   Code   RO          536    i.perm              lambda.o
    0x0800a1a8   0x00000150   Code   RO          621    i.pntpos            pntpos.o
    0x0800a2f8   0x00000120   Code   RO          770    i.pos2ecef          rtkcmn.o
    0x0800a418   0x000000d8   Code   RO          537    i.reduction         lambda.o
    0x0800a4f0   0x000008b0   Code   RO         1039    i.relpos            rtkpos.o
    0x0800ada0   0x000004f4   Code   RO         1040    i.resamb_LAMBDA     rtkpos.o
    0x0800b294   0x000002cc   Code   RO          622    i.rescode           pntpos.o
    0x0800b560   0x000000dc   Code   RO         1041    i.restamb           rtkpos.o
    0x0800b63c   0x000001f0   Code   RO         1042    i.rtkinit           rtkpos.o
    0x0800b82c   0x000001c8   Code   RO         1043    i.rtkpos            rtkpos.o
    0x0800b9f4   0x000000e4   Code   RO         1163    i.rtksvrstart       rtksvr.o
    0x0800bad8   0x0000010c   Code   RO          771    i.satazel           rtkcmn.o
    0x0800bbe4   0x00000060   Code   RO          772    i.satno             rtkcmn.o
    0x0800bc44   0x00000040   Code   RO          384    i.satpos            ephemeris.o
    0x0800bc84   0x000001b4   Code   RO          385    i.satposs           ephemeris.o
    0x0800be38   0x00000078   Code   RO         1044    i.sdobs             rtkpos.o
    0x0800beb0   0x00000538   Code   RO          538    i.search            lambda.o
    0x0800c3e8   0x000000d8   Code   RO          386    i.seleph            ephemeris.o
    0x0800c4c0   0x0000007e   Code   RO         1045    i.selsat            rtkpos.o
    0x0800c53e   0x00000002   PAD
    0x0800c540   0x0000003c   Code   RO           25    i.sendRequest       main.o
    0x0800c57c   0x0000005e   Code   RO          773    i.setbit            rtkcmn.o
    0x0800c5da   0x00000002   PAD
    0x0800c5dc   0x0000012c   Code   RO          623    i.solval            pntpos.o
    0x0800c708   0x00000084   Code   RO          774    i.solve             rtkcmn.o
    0x0800c78c   0x0000006e   Code   RO         4239    i.sqrt              m_wm.l(sqrt.o)
    0x0800c7fa   0x00000002   PAD
    0x0800c7fc   0x00000060   Code   RO         1197    i.sqvar             solution.o
    0x0800c85c   0x00000016   Code   RO         1263    i.sync_ubx          ublox.o
    0x0800c872   0x00000002   PAD
    0x0800c874   0x0000010c   Code   RO          775    i.testsnr           rtkcmn.o
    0x0800c980   0x00000084   Code   RO          776    i.time2doy          rtkcmn.o
    0x0800ca04   0x000000d4   Code   RO          777    i.time2epoch        rtkcmn.o
    0x0800cad8   0x00000054   Code   RO          778    i.time2gpst         rtkcmn.o
    0x0800cb2c   0x0000006a   Code   RO          780    i.timeadd           rtkcmn.o
    0x0800cb96   0x0000002c   Code   RO          781    i.timediff          rtkcmn.o
    0x0800cbc2   0x00000002   PAD
    0x0800cbc4   0x0000009c   Code   RO          624    i.tropcorr          pntpos.o
    0x0800cc60   0x00000070   Code   RO          782    i.tropmapf          rtkcmn.o
    0x0800ccd0   0x00000310   Code   RO          783    i.tropmodel         rtkcmn.o
    0x0800cfe0   0x0000002c   Code   RO         1264    i.ubx_sys           ublox.o
    0x0800d00c   0x00000410   Code   RO         1046    i.udbias            rtkpos.o
    0x0800d41c   0x0000003c   Code   RO         1047    i.udpos             rtkpos.o
    0x0800d458   0x0000005e   Code   RO         1048    i.udstate           rtkpos.o
    0x0800d4b6   0x00000002   PAD
    0x0800d4b8   0x000000c8   Code   RO         1164    i.updatesvr         rtksvr.o
    0x0800d580   0x000000a0   Code   RO         1049    i.validobs          rtkpos.o
    0x0800d620   0x00000144   Code   RO         1050    i.valpos            rtkpos.o
    0x0800d764   0x00000034   Code   RO          387    i.var_uraeph        ephemeris.o
    0x0800d798   0x0000008c   Code   RO          625    i.varerr            pntpos.o
    0x0800d824   0x0000015c   Code   RO         1051    i.varerr            rtkpos.o
    0x0800d980   0x000000c4   Code   RO          785    i.xyz2enu           rtkcmn.o
    0x0800da44   0x000001c4   Code   RO         1052    i.zdres             rtkpos.o
    0x0800dc08   0x000000d4   Code   RO         1053    i.zdres_sat         rtkpos.o
    0x0800dcdc   0x00000018   Code   RO          786    i.zeros             rtkcmn.o
    0x0800dcf4   0x00000004   PAD
    0x0800dcf8   0x00000078   Data   RO          388    .constdata          ephemeris.o
    0x0800dd70   0x00000178   Data   RO          694    .constdata          rcvraw.o
    0x0800dee8   0x000001b8   Data   RO          787    .constdata          rtkcmn.o
    0x0800e0a0   0x000002e0   Data   RO          788    .constdata          rtkcmn.o
    0x0800e380   0x00000320   Data   RO          790    .constdata          rtkcmn.o
    0x0800e6a0   0x00000010   Data   RO         1054    .constdata          rtkpos.o
    0x0800e6b0   0x00000108   Data   RO         1166    .constdata          rtksvr.o
    0x0800e7b8   0x00000008   Data   RO         1590    .constdata          stm32f4xx_hal_dma.o
    0x0800e7c0   0x00000010   Data   RO         2998    .constdata          stm32f4xx_hal_rcc.o
    0x0800e7d0   0x00000050   Data   RO         4130    .constdata          m_wm.l(asin.o)
    0x0800e820   0x00000098   Data   RO         4144    .constdata          m_wm.l(atan.o)
    0x0800e8b8   0x00000058   Data   RO         4188    .constdata          m_wm.l(exp.o)
    0x0800e910   0x00000088   Data   RO         4214    .constdata          m_wm.l(pow.o)
    0x0800e998   0x00000030   Data   RO         4579    .constdata          m_wm.l(cos_i.o)
    0x0800e9c8   0x00000008   Data   RO         4599    .constdata          m_wm.l(qnan.o)
    0x0800e9d0   0x000000c8   Data   RO         4602    .constdata          m_wm.l(rred.o)
    0x0800ea98   0x00000028   Data   RO         4606    .constdata          m_wm.l(sin_i.o)
    0x0800eac0   0x00000077   Data   RO         1198    .conststring        solution.o
    0x0800eb37   0x00000001   PAD
    0x0800eb38   0x00000040   Data   RO         4662    Region$$Table       anon$$obj.o


    Execution Region RW_IRAM2 (Base: 0x10000000, Size: 0x00006f00, Max: 0x00010000, ABSOLUTE)

    Base Addr    Size         Type   Attr      Idx    E Section Name        Object

    0x10000000   0x00000014   Data   RW           29    .data               main.o
    0x10000014   0x00000004   Data   RW         1439    .data               stm32f4xx_hal.o
    0x10000018   0x00000004   Data   RW         4096    .data               system_stm32f4xx.o
    0x1000001c   0x00000004   Data   RW         4252    .data               mc_w.l(stderr.o)
    0x10000020   0x00000004   Data   RW         4638    .data               mc_w.l(mvars.o)
    0x10000024   0x00000004   Data   RW         4639    .data               mc_w.l(mvars.o)
    0x10000028   0x00000004   Data   RW         4643    .data               mc_w.l(errno.o)
    0x1000002c   0x00000004   PAD
    0x10000030   0x00000d00   Zero   RW           26    .bss                main.o
    0x10000d30   0x000001d0   Zero   RW         1227    .bss                stm32f4xx_hal_msp.o
    0x10000f00   0x00006000   Zero   RW            1    STACK               startup_stm32f427xx.o


    Execution Region RW_IRAM1 (Base: 0x20000000, Size: 0x00027c90, Max: 0x00030000, ABSOLUTE, COMPRESSED[0x000001bc])

    Base Addr    Size         Type   Attr      Idx    E Section Name        Object

    0x20000000   0x0000dc90   Data   RW           30    IRAM1               main.o
    0x2000dc90   0x0000a000   Zero   RW         1165    .bss                rtksvr.o
    0x20017c90   0x00010000   Zero   RW            2    HEAP                startup_stm32f427xx.o


==============================================================================

Image component sizes


      Code (inc. data)   RO Data    RW Data    ZI Data      Debug   Object Name

      2518        116        120          0          0       8277   ephemeris.o
        68         18          0          0          0       6118   interrupt.o
      2736        190          0          0          0       7225   lambda.o
      1390        130          0      56484       3328     739867   main.o
      2736        296          0          0          0      17344   pntpos.o
      1704        194        376          0          0      12203   rcvraw.o
     10202       1046       1976          0          0      44537   rtkcmn.o
     10760        862         16          0          0      27847   rtkpos.o
       428         26        264          0      40960       2306   rtksvr.o
       640         40        119          0          0       2001   solution.o
        36          8        428          0      90112        888   startup_stm32f427xx.o
       144         22          0          4          0       4789   stm32f4xx_hal.o
       194         14          0          0          0      30419   stm32f4xx_hal_cortex.o
      1022         20          8          0          0       6011   stm32f4xx_hal_dma.o
       502         54          0          0          0       3149   stm32f4xx_hal_gpio.o
       852         50          0          0        464       2179   stm32f4xx_hal_msp.o
      1528         68         16          0          0       6407   stm32f4xx_hal_rcc.o
       652         44          0          0          0       6246   stm32f4xx_hal_tim.o
         4          0          0          0          0       1510   stm32f4xx_hal_tim_ex.o
      1728         34          0          0          0      11512   stm32f4xx_hal_uart.o
        84         18          0          4          0       1303   system_stm32f4xx.o
      2046        162          0          0          0      12138   ublox.o

    ----------------------------------------------------------------------
     42010       3412       3388      56492     134864     954276   Object Totals
         0          0         64          0          0          0   (incl. Generated)
        36          0          1          0          0          0   (incl. Padding)

    ----------------------------------------------------------------------

      Code (inc. data)   RO Data    RW Data    ZI Data      Debug   Library Member Name

       864         94         80          0          0        280   asin.o
       744        106        152          0          0        352   atan.o
       496         64          0          0          0        192   atan2.o
       200         20          0          0          0        164   cos.o
       368         46         48          0          0        200   cos_i.o
        42          0          0          0          0        136   difftime.o
       184         44          0          0          0        744   dunder.o
       856        142         88          0          0        288   exp.o
        44          0          0          0          0        248   fabs.o
       280         28          0          0          0        156   floor.o
        48          0          0          0          0        124   fpclassify.o
       248          0          0          0          0        152   poly.o
      3152        296        136          0          0        352   pow.o
         0          0          8          0          0          0   qnan.o
      1080        142        200          0          0        188   rred.o
       200         20          0          0          0        164   sin.o
       304         24         40          0          0        208   sin_i.o
       232          0          0          0          0        296   sqrt.o
        86          0          0          0          0          0   __dczerorl2.o
        28          0          0          0          0         76   calloc.o
         0          0          0          0          0          0   entry.o
         0          0          0          0          0          0   entry10a.o
         0          0          0          0          0          0   entry11a.o
         8          4          0          0          0          0   entry2.o
         4          0          0          0          0          0   entry5.o
         0          0          0          0          0          0   entry7b.o
         0          0          0          0          0          0   entry8b.o
         8          4          0          0          0          0   entry9a.o
        12          6          0          4          0         68   errno.o
        18          0          0          0          0         80   fputc.o
        30          0          0          0          0          0   handlers.o
        36          8          0          0          0         68   init.o
         0          0          0          0          0          0   iusefp.o
         0          0          0          0          0          0   iusesemip.o
        30          0          0          0          0         68   llshl.o
        36          0          0          0          0         68   llsshr.o
        32          0          0          0          0         68   llushr.o
       188         20          0          0          0        160   malloc.o
        36          0          0          0          0         68   memcpya.o
        36          0          0          0          0        108   memseta.o
         0          0          0          8          0          0   mvars.o
      2304         92          0          0          0        604   printfa.o
         0          0          0          0          0          0   semi.o
         0          0          0          4          0          0   stderr.o
        18          0          0          0          0         68   strcpy.o
        14          0          0          0          0         68   strlen.o
        44          0          0          0          0         80   uidiv.o
        98          0          0          0          0         92   uldiv.o
        48          0          0          0          0         68   cdcmple.o
        48          0          0          0          0         68   cdrcmple.o
        56          0          0          0          0         88   d2f.o
       334          0          0          0          0        148   dadd.o
       222          0          0          0          0        100   ddiv.o
       186          0          0          0          0        176   depilogue.o
        62          0          0          0          0         80   dfixi.o
        50          0          0          0          0         76   dfixui.o
        48          0          0          0          0         68   dfixul.o
        34          0          0          0          0         76   dflti.o
        26          0          0          0          0         76   dfltui.o
       228          0          0          0          0         96   dmul.o
        46          0          0          0          0         80   dscalb.o
       162          0          0          0          0        100   dsqrt.o
        38          0          0          0          0         68   f2d.o
       110          0          0          0          0        168   fepilogue.o

    ----------------------------------------------------------------------
     14130       1160        752         16          4       7524   Library Totals
        24          0          0          0          4          0   (incl. Padding)

    ----------------------------------------------------------------------

      Code (inc. data)   RO Data    RW Data    ZI Data      Debug   Library Name

      9342       1026        752          0          0       4244   m_wm.l
      3066        134          0         16          0       1744   mc_w.l
      1698          0          0          0          0       1536   mf_w.l

    ----------------------------------------------------------------------
     14130       1160        752         16          4       7524   Library Totals

    ----------------------------------------------------------------------

==============================================================================


      Code (inc. data)   RO Data    RW Data    ZI Data      Debug   

     56140       4572       4140      56508     134868     939864   Grand Totals
     56140       4572       4140        488     134868     939864   ELF Image Totals (compressed)
     56140       4572       4140        488          0          0   ROM Totals

==============================================================================

    Total RO  Size (Code + RO Data)                60280 (  58.87kB)
    Total RW  Size (RW Data + ZI Data)            191376 ( 186.89kB)
    Total ROM Size (Code + RO Data + RW Data)      60768 (  59.34kB)

==============================================================================

