Component: ARM Compiler 5.06 update 2 (build 183) Tool: armlink [4d35b7]

==============================================================================

Section Cross References

    startup_stm32f427xx.o(STACK) refers (Special) to heapauxi.o(.text) for __use_two_region_memory
    startup_stm32f427xx.o(HEAP) refers (Special) to heapauxi.o(.text) for __use_two_region_memory
    startup_stm32f427xx.o(RESET) refers (Special) to heapauxi.o(.text) for __use_two_region_memory
    startup_stm32f427xx.o(RESET) refers to startup_stm32f427xx.o(STACK) for __initial_sp
    startup_stm32f427xx.o(RESET) refers to startup_stm32f427xx.o(.text) for Reset_Handler
    startup_stm32f427xx.o(RESET) refers to interrupt.o(i.NMI_Handler) for NMI_Handler
    startup_stm32f427xx.o(RESET) refers to interrupt.o(i.HardFault_Handler) for HardFault_Handler
    startup_stm32f427xx.o(RESET) refers to interrupt.o(i.MemManage_Handler) for MemManage_Handler
    startup_stm32f427xx.o(RESET) refers to interrupt.o(i.BusFault_Handler) for BusFault_Handler
    startup_stm32f427xx.o(RESET) refers to interrupt.o(i.UsageFault_Handler) for UsageFault_Handler
    startup_stm32f427xx.o(RESET) refers to interrupt.o(i.SVC_Handler) for SVC_Handler
    startup_stm32f427xx.o(RESET) refers to interrupt.o(i.DebugMon_Handler) for DebugMon_Handler
    startup_stm32f427xx.o(RESET) refers to interrupt.o(i.PendSV_Handler) for PendSV_Handler
    startup_stm32f427xx.o(RESET) refers to interrupt.o(i.SysTick_Handler) for SysTick_Handler
    startup_stm32f427xx.o(RESET) refers to interrupt.o(i.DMA1_Stream4_IRQHandler) for DMA1_Stream4_IRQHandler
    startup_stm32f427xx.o(RESET) refers to interrupt.o(i.DMA1_Stream5_IRQHandler) for DMA1_Stream5_IRQHandler
    startup_stm32f427xx.o(RESET) refers to interrupt.o(i.TIM3_IRQHandler) for TIM3_IRQHandler
    startup_stm32f427xx.o(RESET) refers to interrupt.o(i.DMA2_Stream1_IRQHandler) for DMA2_Stream1_IRQHandler
    startup_stm32f427xx.o(.text) refers (Special) to heapauxi.o(.text) for __use_two_region_memory
    startup_stm32f427xx.o(.text) refers to system_stm32f4xx.o(i.SystemInit) for SystemInit
    startup_stm32f427xx.o(.text) refers to __main.o(!!!main) for __main
    startup_stm32f427xx.o(.text) refers to startup_stm32f427xx.o(HEAP) for Heap_Mem
    startup_stm32f427xx.o(.text) refers to startup_stm32f427xx.o(STACK) for Stack_Mem
    main.o(i.ConfigLED) refers to stm32f4xx_hal_gpio.o(i.HAL_GPIO_Init) for HAL_GPIO_Init
    main.o(i.ConfigLED) refers to stm32f4xx_hal_gpio.o(i.HAL_GPIO_WritePin) for HAL_GPIO_WritePin
    main.o(i.ConfigTimer) refers to stm32f4xx_hal_tim.o(i.HAL_TIM_Base_Init) for HAL_TIM_Base_Init
    main.o(i.ConfigTimer) refers to stm32f4xx_hal_cortex.o(i.HAL_NVIC_SetPriority) for HAL_NVIC_SetPriority
    main.o(i.ConfigTimer) refers to stm32f4xx_hal_cortex.o(i.HAL_NVIC_EnableIRQ) for HAL_NVIC_EnableIRQ
    main.o(i.ConfigTimer) refers to stm32f4xx_hal_tim.o(i.HAL_TIM_Base_Start_IT) for HAL_TIM_Base_Start_IT
    main.o(i.ConfigTimer) refers to main.o(.bss) for .bss
    main.o(i.ConfigTimer) refers to system_stm32f4xx.o(.data) for SystemCoreClock
    main.o(i.ConfigUART) refers to stm32f4xx_hal_uart.o(i.HAL_UART_Init) for HAL_UART_Init
    main.o(i.ConfigUART) refers to main.o(.bss) for .bss
    main.o(i.HAL_TIM_PeriodElapsedCallback) refers to main.o(.data) for .data
    main.o(i.SendInt) refers to stm32f4xx_hal_uart.o(i.HAL_UART_Transmit) for HAL_UART_Transmit
    main.o(i.SendInt) refers to main.o(.bss) for .bss
    main.o(i.SendIntStr) refers to _printf_pad.o(.text) for _printf_pre_padding
    main.o(i.SendIntStr) refers to _printf_percent.o(.ARM.Collect$$_printf_percent$$00000000) for _printf_percent
    main.o(i.SendIntStr) refers to _printf_d.o(.ARM.Collect$$_printf_percent$$00000009) for _printf_d
    main.o(i.SendIntStr) refers to _printf_dec.o(.text) for _printf_int_dec
    main.o(i.SendIntStr) refers to __2sprintf.o(.text) for __2sprintf
    main.o(i.SendIntStr) refers to stm32f4xx_hal_uart.o(i.HAL_UART_Transmit) for HAL_UART_Transmit
    main.o(i.SendIntStr) refers to main.o(.bss) for .bss
    main.o(i.SendStr) refers to strlen.o(.text) for strlen
    main.o(i.SendStr) refers to stm32f4xx_hal_uart.o(i.HAL_UART_Transmit) for HAL_UART_Transmit
    main.o(i.SendStr) refers to main.o(.bss) for .bss
    main.o(i.SystemClockConfig) refers to stm32f4xx_hal_rcc.o(i.HAL_RCC_OscConfig) for HAL_RCC_OscConfig
    main.o(i.SystemClockConfig) refers to stm32f4xx_hal_rcc.o(i.HAL_RCC_ClockConfig) for HAL_RCC_ClockConfig
    main.o(i.decode_raw) refers to ublox.o(i.input_ubx) for input_ubx
    main.o(i.decode_raw) refers to rtksvr.o(i.updatesvr) for updatesvr
    main.o(i.main) refers to stm32f4xx_hal.o(i.HAL_Init) for HAL_Init
    main.o(i.main) refers to main.o(i.SystemClockConfig) for SystemClockConfig
    main.o(i.main) refers to main.o(i.ConfigLED) for ConfigLED
    main.o(i.main) refers to main.o(i.ConfigTimer) for ConfigTimer
    main.o(i.main) refers to rtksvr.o(i.rtksvrstart) for rtksvrstart
[...]
    DMA1_Stream1_IRQHandler                  0x080002db   Thumb Code     0  startup_stm32f427xx.o(.text)
    DMA1_Stream2_IRQHandler                  0x080002db   Thumb Code     0  startup_stm32f427xx.o(.text)
    DMA1_Stream3_IRQHandler                  0x080002db   Thumb Code     0  startup_stm32f427xx.o(.text)
    DMA1_Stream6_IRQHandler                  0x080002db   Thumb Code     0  startup_stm32f427xx.o(.text)
    DMA1_Stream7_IRQHandler                  0x080002db   Thumb Code     0  startup_stm32f427xx.o(.text)
    DMA2D_IRQHandler                         0x080002db   Thumb Code     0  startup_stm32f427xx.o(.text)
    DMA2_Stream0_IRQHandler                  0x080002db   Thumb Code     0  startup_stm32f427xx.o(.text)
    DMA2_Stream2_IRQHandler                  0x080002db   Thumb Code     0  startup_stm32f427xx.o(.text)
    DMA2_Stream3_IRQHandler                  0x080002db   Thumb Code     0  startup_stm32f427xx.o(.text)
    DMA2_Stream4_IRQHandler                  0x080002db   Thumb Code     0  startup_stm32f427xx.o(.text)
    DMA2_Stream5_IRQHandler                  0x080002db   Thumb Code     0  startup_stm32f427xx.o(.text)
    DMA2_Stream6_IRQHandler                  0x080002db   Thumb Code     0  startup_stm32f427xx.o(.text)
    DMA2_Stream7_IRQHandler                  0x080002db   Thumb Code     0  startup_stm32f427xx.o(.text)
    ETH_IRQHandler                           0x080002db   Thumb Code     0  startup_stm32f427xx.o(.text)
    ETH_WKUP_IRQHandler                      0x080002db   Thumb Code     0  startup_stm32f427xx.o(.text)
    EXTI0_IRQHandler                         0x080002db   Thumb Code     0  startup_stm32f427xx.o(.text)
    EXTI15_10_IRQHandler                     0x080002db   Thumb Code     0  startup_stm32f427xx.o(.text)
    EXTI1_IRQHandler                         0x080002db   Thumb Code     0  startup_stm32f427xx.o(.text)
    EXTI2_IRQHandler                         0x080002db   Thumb Code     0  startup_stm32f427xx.o(.text)
    EXTI3_IRQHandler                         0x080002db   Thumb Code     0  startup_stm32f427xx.o(.text)
    EXTI4_IRQHandler                         0x080002db   Thumb Code     0  startup_stm32f427xx.o(.text)
    EXTI9_5_IRQHandler                       0x080002db   Thumb Code     0  startup_stm32f427xx.o(.text)
    FLASH_IRQHandler                         0x080002db   Thumb Code     0  startup_stm32f427xx.o(.text)
    FMC_IRQHandler                           0x080002db   Thumb Code     0  startup_stm32f427xx.o(.text)
    FPU_IRQHandler                           0x080002db   Thumb Code     0  startup_stm32f427xx.o(.text)
    HASH_RNG_IRQHandler                      0x080002db   Thumb Code     0  startup_stm32f427xx.o(.text)
    I2C1_ER_IRQHandler                       0x080002db   Thumb Code     0  startup_stm32f427xx.o(.text)
    I2C1_EV_IRQHandler                       0x080002db   Thumb Code     0  startup_stm32f427xx.o(.text)
    I2C2_ER_IRQHandler                       0x080002db   Thumb Code     0  startup_stm32f427xx.o(.text)
    I2C2_EV_IRQHandler                       0x080002db   Thumb Code     0  startup_stm32f427xx.o(.text)
    I2C3_ER_IRQHandler                       0x080002db   Thumb Code     0  startup_stm32f427xx.o(.text)
    I2C3_EV_IRQHandler                       0x080002db   Thumb Code     0  startup_stm32f427xx.o(.text)
    OTG_FS_IRQHandler                        0x080002db   Thumb Code     0  startup_stm32f427xx.o(.text)
    OTG_FS_WKUP_IRQHandler                   0x080002db   Thumb Code     0  startup_stm32f427xx.o(.text)
    OTG_HS_EP1_IN_IRQHandler                 0x080002db   Thumb Code     0  startup_stm32f427xx.o(.text)
    OTG_HS_EP1_OUT_IRQHandler                0x080002db   Thumb Code     0  startup_stm32f427xx.o(.text)
    OTG_HS_IRQHandler                        0x080002db   Thumb Code     0  startup_stm32f427xx.o(.text)
    OTG_HS_WKUP_IRQHandler                   0x080002db   Thumb Code     0  startup_stm32f427xx.o(.text)
    PVD_IRQHandler                           0x080002db   Thumb Code     0  startup_stm32f427xx.o(.text)
    RCC_IRQHandler                           0x080002db   Thumb Code     0  startup_stm32f427xx.o(.text)
    RTC_Alarm_IRQHandler                     0x080002db   Thumb Code     0  startup_stm32f427xx.o(.text)
    RTC_WKUP_IRQHandler                      0x080002db   Thumb Code     0  startup_stm32f427xx.o(.text)
    SAI1_IRQHandler                          0x080002db   Thumb Code     0  startup_stm32f427xx.o(.text)
    SDIO_IRQHandler                          0x080002db   Thumb Code     0  startup_stm32f427xx.o(.text)
    SPI1_IRQHandler                          0x080002db   Thumb Code     0  startup_stm32f427xx.o(.text)
    SPI2_IRQHandler                          0x080002db   Thumb Code     0  startup_stm32f427xx.o(.text)
    SPI3_IRQHandler                          0x080002db   Thumb Code     0  startup_stm32f427xx.o(.text)
    SPI4_IRQHandler                          0x080002db   Thumb Code     0  startup_stm32f427xx.o(.text)
    SPI5_IRQHandler                          0x080002db   Thumb Code     0  startup_stm32f427xx.o(.text)
    SPI6_IRQHandler                          0x080002db   Thumb Code     0  startup_stm32f427xx.o(.text)
    TAMP_STAMP_IRQHandler                    0x080002db   Thumb Code     0  startup_stm32f427xx.o(.text)
    TIM1_BRK_TIM9_IRQHandler                 0x080002db   Thumb Code     0  startup_stm32f427xx.o(.text)
    TIM1_CC_IRQHandler                       0x080002db   Thumb Code     0  startup_stm32f427xx.o(.text)
    TIM1_TRG_COM_TIM11_IRQHandler            0x080002db   Thumb Code     0  startup_stm32f427xx.o(.text)
    TIM1_UP_TIM10_IRQHandler                 0x080002db   Thumb Code     0  startup_stm32f427xx.o(.text)
    TIM2_IRQHandler                          0x080002db   Thumb Code     0  startup_stm32f427xx.o(.text)
    TIM4_IRQHandler                          0x080002db   Thumb Code     0  startup_stm32f427xx.o(.text)
    TIM5_IRQHandler                          0x080002db   Thumb Code     0  startup_stm32f427xx.o(.text)
    TIM6_DAC_IRQHandler                      0x080002db   Thumb Code     0  startup_stm32f427xx.o(.text)
    TIM7_IRQHandler                          0x080002db   Thumb Code     0  startup_stm32f427xx.o(.text)
    TIM8_BRK_TIM12_IRQHandler                0x080002db   Thumb Code     0  startup_stm32f427xx.o(.text)
    TIM8_CC_IRQHandler                       0x080002db   Thumb Code     0  startup_stm32f427xx.o(.text)
    TIM8_TRG_COM_TIM14_IRQHandler            0x080002db   Thumb Code     0  startup_stm32f427xx.o(.text)
    TIM8_UP_TIM13_IRQHandler                 0x080002db   Thumb Code     0  startup_stm32f427xx.o(.text)
    UART4_IRQHandler                         0x080002db   Thumb Code     0  startup_stm32f427xx.o(.text)
    UART5_IRQHandler                         0x080002db   Thumb Code     0  startup_stm32f427xx.o(.text)
    UART7_IRQHandler                         0x080002db   Thumb Code     0  startup_stm32f427xx.o(.text)
    UART8_IRQHandler                         0x080002db   Thumb Code     0  startup_stm32f427xx.o(.text)
    USART1_IRQHandler                        0x080002db   Thumb Code     0  startup_stm32f427xx.o(.text)
    USART2_IRQHandler                        0x080002db   Thumb Code     0  startup_stm32f427xx.o(.text)
    USART3_IRQHandler                        0x080002db   Thumb Code     0  startup_stm32f427xx.o(.text)
    USART6_IRQHandler                        0x080002db   Thumb Code     0  startup_stm32f427xx.o(.text)
    WWDG_IRQHandler                          0x080002db   Thumb Code     0  startup_stm32f427xx.o(.text)
    __user_initial_stackheap                 0x080002dd   Thumb Code     0  startup_stm32f427xx.o(.text)
    calloc                                   0x08000301   Thumb Code    40  calloc.o(.text)
    malloc                                   0x08000329   Thumb Code    94  h1_alloc.o(.text)
    free                                     0x08000387   Thumb Code    78  h1_free.o(.text)
    __2fprintf                               0x080003d5   Thumb Code    20  __2fprintf.o(.text)
    __2sprintf                               0x080003e9   Thumb Code    38  __2sprintf.o(.text)
    _printf_pre_padding                      0x08000415   Thumb Code    44  _printf_pad.o(.text)
    _printf_post_padding                     0x08000441   Thumb Code    34  _printf_pad.o(.text)
    _printf_str                              0x08000463   Thumb Code    82  _printf_str.o(.text)
    _printf_int_dec                          0x080004b5   Thumb Code   104  _printf_dec.o(.text)
    __printf                                 0x0800052d   Thumb Code   308  __printf_flags_wp.o(.text)
    strcpy                                   0x08000665   Thumb Code    72  strcpy.o(.text)
    strlen                                   0x080006ad   Thumb Code    62  strlen.o(.text)
    __aeabi_memcpy4                          0x080006eb   Thumb Code     0  rt_memcpy_w.o(.text)
    __aeabi_memcpy8                          0x080006eb   Thumb Code     0  rt_memcpy_w.o(.text)
    __rt_memcpy_w                            0x080006eb   Thumb Code   100  rt_memcpy_w.o(.text)
    _memcpy_lastbytes_aligned                0x08000733   Thumb Code     0  rt_memcpy_w.o(.text)
    __aeabi_memclr4                          0x0800074f   Thumb Code     0  rt_memclr_w.o(.text)
    __aeabi_memclr8                          0x0800074f   Thumb Code     0  rt_memclr_w.o(.text)
    __rt_memclr_w                            0x0800074f   Thumb Code    78  rt_memclr_w.o(.text)
    _memset_w                                0x08000753   Thumb Code     0  rt_memclr_w.o(.text)
    __use_two_region_memory                  0x0800079d   Thumb Code     2  heapauxi.o(.text)
    __rt_heap_escrow                         0x0800079f   Thumb Code     2  heapauxi.o(.text)
    __rt_heap_expand                         0x080007a1   Thumb Code     2  heapauxi.o(.text)
    __rt_heap_descriptor                     0x080007a5   Thumb Code     8  rt_heap_descriptor_intlibspace.o(.text)
    __use_no_heap                            0x080007ad   Thumb Code     2  hguard.o(.text)
    __heap$guard                             0x080007af   Thumb Code     2  hguard.o(.text)
    _terminate_user_alloc                    0x080007b1   Thumb Code     2  init_alloc.o(.text)
    _init_user_alloc                         0x080007b3   Thumb Code     2  init_alloc.o(.text)
    __Heap_Full                              0x080007b5   Thumb Code    34  init_alloc.o(.text)
    __Heap_Broken                            0x080007d7   Thumb Code     6  init_alloc.o(.text)
    _init_alloc                              0x080007dd   Thumb Code    94  init_alloc.o(.text)
    __Heap_Initialize                        0x0800083b   Thumb Code    10  h1_init.o(.text)
    __Heap_DescSize                          0x08000845   Thumb Code     4  h1_init.o(.text)
    __read_errno                             0x08000849   Thumb Code    10  _rserrno.o(.text)
    __set_errno                              0x08000853   Thumb Code    12  _rserrno.o(.text)
    _printf_int_common                       0x0800085f   Thumb Code   178  _printf_intcommon.o(.text)
    __lib_sel_fp_printf                      0x08000911   Thumb Code     2  _printf_fp_dec.o(.text)
    _printf_fp_dec_real                      0x08000abf   Thumb Code   620  _printf_fp_dec.o(.text)
    _printf_char_common                      0x08000d37   Thumb Code    32  _printf_char_common.o(.text)
    _sputc                                   0x08000d5d   Thumb Code    10  _sputc.o(.text)
    _printf_cs_common                        0x08000d67   Thumb Code    20  _printf_char.o(.text)
    _printf_char                             0x08000d7b   Thumb Code    16  _printf_char.o(.text)
    _printf_string                           0x08000d8b   Thumb Code     8  _printf_char.o(.text)
    _printf_char_file                        0x08000d95   Thumb Code    32  _printf_char_file.o(.text)
    _initio                                  0x08000db9   Thumb Code   210  initio.o(.text)
    _terminateio                             0x08000e8b   Thumb Code    56  initio.o(.text)
    __aeabi_memclr                           0x08000ef1   Thumb Code     0  rt_memclr.o(.text)
    __rt_memclr                              0x08000ef1   Thumb Code    68  rt_memclr.o(.text)
    _memset                                  0x08000ef5   Thumb Code     0  rt_memclr.o(.text)
    _sys_open                                0x08000f35   Thumb Code    20  sys_io.o(.text)
    _sys_close                               0x08000f49   Thumb Code    12  sys_io.o(.text)
    _sys_write                               0x08000f55   Thumb Code    16  sys_io.o(.text)
    _sys_read                                0x08000f65   Thumb Code    14  sys_io.o(.text)
    _sys_istty                               0x08000f73   Thumb Code    12  sys_io.o(.text)
    _sys_seek                                0x08000f7f   Thumb Code    14  sys_io.o(.text)
    _sys_ensure                              0x08000f8d   Thumb Code     2  sys_io.o(.text)
    _sys_flen                                0x08000f8f   Thumb Code    12  sys_io.o(.text)
    __user_libspace                          0x08000f9d   Thumb Code     8  libspace.o(.text)
    __user_perproc_libspace                  0x08000f9d   Thumb Code     0  libspace.o(.text)
    __user_perthread_libspace                0x08000f9d   Thumb Code     0  libspace.o(.text)
    __rt_locale                              0x08000fa5   Thumb Code     8  rt_locale_intlibspace.o(.text)
    __aeabi_errno_addr                       0x08000fad   Thumb Code     8  rt_errno_addr_intlibspace.o(.text)
    __errno$intlibspace                      0x08000fad   Thumb Code     0  rt_errno_addr_intlibspace.o(.text)
    __rt_errno_addr$intlibspace              0x08000fad   Thumb Code     0  rt_errno_addr_intlibspace.o(.text)
    __Heap_ProvideMemory                     0x08000fb5   Thumb Code    52  h1_extend.o(.text)
    _ll_udiv10                               0x08000fe9   Thumb Code   138  lludiv10.o(.text)
    _printf_fp_infnan                        0x08001075   Thumb Code   112  _printf_fp_infnan.o(.text)
    _btod_etento                             0x080010f5   Thumb Code   216  bigflt0.o(.text)
    ferror                                   0x080011d1   Thumb Code     8  ferror.o(.text)
    setvbuf                                  0x080011d9   Thumb Code    70  setvbuf.o(.text)
    freopen                                  0x08001221   Thumb Code   158  fopen.o(.text)
    fopen                                    0x080012bf   Thumb Code    74  fopen.o(.text)
    _fclose_internal                         0x0800130d   Thumb Code    76  fclose.o(.text)
    fclose                                   0x0800130d   Thumb Code     0  fclose.o(.text)
    __rt_SIGRTRED                            0x08001359   Thumb Code    14  defsig_rtred_outer.o(.text)
    __rt_SIGRTMEM                            0x08001367   Thumb Code    14  defsig_rtmem_outer.o(.text)
    __I$use$semihosting                      0x08001375   Thumb Code     0  use_no_semi.o(.text)
    __use_no_semihosting_swi                 0x08001375   Thumb Code     2  use_no_semi.o(.text)
    __semihosting_library_function           0x08001377   Thumb Code     0  indicate_semi.o(.text)
    __user_setup_stackheap                   0x08001377   Thumb Code    74  sys_stackheap_outer.o(.text)
    __flsbuf                                 0x080013c1   Thumb Code   470  flsbuf.o(.text)
    __flsbuf_byte                            0x080013c1   Thumb Code     0  flsbuf.o(.text)
    __flsbuf_wide                            0x080013c1   Thumb Code     0  flsbuf.o(.text)
    _fseek                                   0x08001599   Thumb Code   242  fseek.o(.text)
    fseek                                    0x08001599   Thumb Code     0  fseek.o(.text)
    _seterr                                  0x08001691   Thumb Code    20  stdio.o(.text)
    _writebuf                                0x080016a5   Thumb Code    84  stdio.o(.text)
    _fflush                                  0x080016f9   Thumb Code    70  stdio.o(.text)
    _deferredlazyseek                        0x0800173f   Thumb Code    60  stdio.o(.text)
    exit                                     0x08001781   Thumb Code    18  exit.o(.text)
    __sig_exit                               0x08001793   Thumb Code    10  defsig_exit.o(.text)
    __rt_SIGRTRED_inner                      0x0800179d   Thumb Code    14  defsig_rtred_inner.o(.text)
    __rt_SIGRTMEM_inner                      0x080017d1   Thumb Code    22  defsig_rtmem_inner.o(.text)
    strcmp                                   0x08001821   Thumb Code   128  strcmpv7m.o(.text)
    _sys_exit                                0x080018a1   Thumb Code     8  sys_exit.o(.text)
    _ftell_internal                          0x080018ad   Thumb Code    66  ftell.o(.text)
    ftell                                    0x080018ad   Thumb Code     0  ftell.o(.text)
    __default_signal_display                 0x080018ef   Thumb Code    50  defsig_general.o(.text)
    _ttywrch                                 0x08001921   Thumb Code    14  sys_wrch.o(.text)
    _btod_d2e                                0x0800192f   Thumb Code    62  btod.o(CL$$btod_d2e)
    _d2e_denorm_low                          0x0800196d   Thumb Code    70  btod.o(CL$$btod_d2e_denorm_low)
    _d2e_norm_op1                            0x080019b3   Thumb Code    96  btod.o(CL$$btod_d2e_norm_op1)
    __btod_div_common                        0x08001a13   Thumb Code   696  btod.o(CL$$btod_div_common)
    _e2e                                     0x08001d4b   Thumb Code   198  btod.o(CL$$btod_e2e)
    _btod_ediv                               0x08001e11   Thumb Code    40  btod.o(CL$$btod_ediv)
    _btod_emul                               0x08001e39   Thumb Code    40  btod.o(CL$$btod_emul)
    __btod_mult_common                       0x08001e61   Thumb Code   580  btod.o(CL$$btod_mult_common)
    BusFault_Handler                         0x080020a5   Thumb Code     2  interrupt.o(i.BusFault_Handler)
    ConfigLED                                0x080020a9   Thumb Code   128  main.o(i.ConfigLED)
    ConfigTimer                              0x08002131   Thumb Code    86  main.o(i.ConfigTimer)
    ConfigUART                               0x08002199   Thumb Code   112  main.o(i.ConfigUART)
    DMA1_Stream4_IRQHandler                  0x08002219   Thumb Code     8  interrupt.o(i.DMA1_Stream4_IRQHandler)
    DMA1_Stream5_IRQHandler                  0x08002225   Thumb Code     8  interrupt.o(i.DMA1_Stream5_IRQHandler)
    DMA2_Stream1_IRQHandler                  0x08002231   Thumb Code     8  interrupt.o(i.DMA2_Stream1_IRQHandler)
    DebugMon_Handler                         0x0800231b   Thumb Code     2  interrupt.o(i.DebugMon_Handler)
    HAL_DMA_IRQHandler                       0x0800231d   Thumb Code   462  stm32f4xx_hal_dma.o(i.HAL_DMA_IRQHandler)
    HAL_DMA_Init                             0x080024f5   Thumb Code   204  stm32f4xx_hal_dma.o(i.HAL_DMA_Init)
    HAL_DMA_Start_IT                         0x080025c5   Thumb Code   120  stm32f4xx_hal_dma.o(i.HAL_DMA_Start_IT)
    HAL_Delay                                0x0800263d   Thumb Code    22  stm32f4xx_hal.o(i.HAL_Delay)
    HAL_GPIO_Init                            0x08002655   Thumb Code   426  stm32f4xx_hal_gpio.o(i.HAL_GPIO_Init)
    HAL_GPIO_TogglePin                       0x08002835   Thumb Code     8  stm32f4xx_hal_gpio.o(i.HAL_GPIO_TogglePin)
    HAL_GPIO_WritePin                        0x0800283d   Thumb Code    14  stm32f4xx_hal_gpio.o(i.HAL_GPIO_WritePin)
    HAL_GetTick                              0x0800284d   Thumb Code     6  stm32f4xx_hal.o(i.HAL_GetTick)
    HAL_IncTick                              0x08002859   Thumb Code    10  stm32f4xx_hal.o(i.HAL_IncTick)
    HAL_Init                                 0x08002869   Thumb Code    48  stm32f4xx_hal.o(i.HAL_Init)
    HAL_InitTick                             0x0800289d   Thumb Code    34  stm32f4xx_hal.o(i.HAL_InitTick)
    HAL_MspInit                              0x080028c5   Thumb Code     2  stm32f4xx_hal.o(i.HAL_MspInit)
    HAL_NVIC_EnableIRQ                       0x080028c7   Thumb Code    22  stm32f4xx_hal_cortex.o(i.HAL_NVIC_EnableIRQ)
    HAL_NVIC_SetPriority                     0x080028dd   Thumb Code    60  stm32f4xx_hal_cortex.o(i.HAL_NVIC_SetPriority)
    HAL_NVIC_SetPriorityGrouping             0x0800291d   Thumb Code    26  stm32f4xx_hal_cortex.o(i.HAL_NVIC_SetPriorityGrouping)
    HAL_RCC_ClockConfig                      0x08002941   Thumb Code   372  stm32f4xx_hal_rcc.o(i.HAL_RCC_ClockConfig)
    HAL_RCC_GetHCLKFreq                      0x08002ac5   Thumb Code     6  stm32f4xx_hal_rcc.o(i.HAL_RCC_GetHCLKFreq)
    HAL_RCC_GetPCLK1Freq                     0x08002ad1   Thumb Code    36  stm32f4xx_hal_rcc.o(i.HAL_RCC_GetPCLK1Freq)
    HAL_RCC_GetPCLK2Freq                     0x08002afd   Thumb Code    36  stm32f4xx_hal_rcc.o(i.HAL_RCC_GetPCLK2Freq)
    HAL_RCC_GetSysClockFreq                  0x08002b29   Thumb Code   120  stm32f4xx_hal_rcc.o(i.HAL_RCC_GetSysClockFreq)
    HAL_RCC_OscConfig                        0x08002bad   Thumb Code   890  stm32f4xx_hal_rcc.o(i.HAL_RCC_OscConfig)
    HAL_SYSTICK_Config                       0x08002f39   Thumb Code    40  stm32f4xx_hal_cortex.o(i.HAL_SYSTICK_Config)
    HAL_TIMEx_BreakCallback                  0x08002f61   Thumb Code     2  stm32f4xx_hal_tim_ex.o(i.HAL_TIMEx_BreakCallback)
    HAL_TIMEx_CommutationCallback            0x08002f63   Thumb Code     2  stm32f4xx_hal_tim_ex.o(i.HAL_TIMEx_CommutationCallback)
    HAL_TIM_Base_Init                        0x08002f65   Thumb Code    56  stm32f4xx_hal_tim.o(i.HAL_TIM_Base_Init)
    HAL_TIM_Base_MspInit                     0x08002f9d   Thumb Code     2  stm32f4xx_hal_tim.o(i.HAL_TIM_Base_MspInit)
    HAL_TIM_Base_Start_IT                    0x08002f9f   Thumb Code    24  stm32f4xx_hal_tim.o(i.HAL_TIM_Base_Start_IT)
    HAL_TIM_IC_CaptureCallback               0x08002fb7   Thumb Code     2  stm32f4xx_hal_tim.o(i.HAL_TIM_IC_CaptureCallback)
    HAL_TIM_IRQHandler                       0x08002fb9   Thumb Code   366  stm32f4xx_hal_tim.o(i.HAL_TIM_IRQHandler)
    HAL_TIM_OC_DelayElapsedCallback          0x08003127   Thumb Code     2  stm32f4xx_hal_tim.o(i.HAL_TIM_OC_DelayElapsedCallback)
    HAL_TIM_PWM_PulseFinishedCallback        0x08003129   Thumb Code     2  stm32f4xx_hal_tim.o(i.HAL_TIM_PWM_PulseFinishedCallback)
    HAL_TIM_PeriodElapsedCallback            0x0800312d   Thumb Code     8  main.o(i.HAL_TIM_PeriodElapsedCallback)
    HAL_TIM_TriggerCallback                  0x08003139   Thumb Code     2  stm32f4xx_hal_tim.o(i.HAL_TIM_TriggerCallback)
    HAL_UART_ErrorCallback                   0x0800313b   Thumb Code     2  stm32f4xx_hal_uart.o(i.HAL_UART_ErrorCallback)
    HAL_UART_Init                            0x0800313d   Thumb Code   100  stm32f4xx_hal_uart.o(i.HAL_UART_Init)
    HAL_UART_MspInit                         0x080031a1   Thumb Code   802  stm32f4xx_hal_msp.o(i.HAL_UART_MspInit)
    HAL_UART_Receive_DMA                     0x080034f5   Thumb Code   132  stm32f4xx_hal_uart.o(i.HAL_UART_Receive_DMA)
    HAL_UART_RxCpltCallback                  0x08003585   Thumb Code     2  main.o(i.HAL_UART_RxCpltCallback)
    HAL_UART_RxHalfCpltCallback              0x08003587   Thumb Code     2  stm32f4xx_hal_uart.o(i.HAL_UART_RxHalfCpltCallback)
    HAL_UART_Transmit                        0x08003589   Thumb Code   204  stm32f4xx_hal_uart.o(i.HAL_UART_Transmit)
    HAL_UART_Transmit_DMA                    0x08003655   Thumb Code   126  stm32f4xx_hal_uart.o(i.HAL_UART_Transmit_DMA)
    HAL_UART_TxCpltCallback                  0x080036e1   Thumb Code     2  main.o(i.HAL_UART_TxCpltCallback)
    HAL_UART_TxHalfCpltCallback              0x080036e3   Thumb Code     2  stm32f4xx_hal_uart.o(i.HAL_UART_TxHalfCpltCallback)
    HardFault_Handler                        0x080036e5   Thumb Code     2  interrupt.o(i.HardFault_Handler)
    MemManage_Handler                        0x080038b9   Thumb Code     2  interrupt.o(i.MemManage_Handler)
    NMI_Handler                              0x080038bb   Thumb Code     2  interrupt.o(i.NMI_Handler)
    PendSV_Handler                           0x080038dd   Thumb Code     2  interrupt.o(i.PendSV_Handler)
    SVC_Handler                              0x080038df   Thumb Code     2  interrupt.o(i.SVC_Handler)
    SendStr                                  0x080038e1   Thumb Code    26  main.o(i.SendStr)
    SysTick_Handler                          0x08003901   Thumb Code     4  interrupt.o(i.SysTick_Handler)
    SystemClockConfig                        0x08003905   Thumb Code   110  main.o(i.SystemClockConfig)
    SystemInit                               0x0800397d   Thumb Code    66  system_stm32f4xx.o(i.SystemInit)
    TIM3_IRQHandler                          0x080039d1   Thumb Code     6  interrupt.o(i.TIM3_IRQHandler)
    TIM_Base_SetConfig                       0x080039dd   Thumb Code   152  stm32f4xx_hal_tim.o(i.TIM_Base_SetConfig)
    UsageFault_Handler                       0x08003f21   Thumb Code     2  interrupt.o(i.UsageFault_Handler)
    __ARM_fpclassify                         0x08003f23   Thumb Code    48  fpclassify.o(i.__ARM_fpclassify)
    __hardfp_asin                            0x08003f59   Thumb Code   770  asin.o(i.__hardfp_asin)
    __hardfp_atan                            0x080042b9   Thumb Code   622  atan.o(i.__hardfp_atan)
    __hardfp_atan2                           0x08004591   Thumb Code   432  atan2.o(i.__hardfp_atan2)
    __hardfp_cos                             0x08004781   Thumb Code   180  cos.o(i.__hardfp_cos)
    __hardfp_difftime                        0x08004849   Thumb Code    42  difftime.o(i.__hardfp_difftime)
    __hardfp_exp                             0x08004879   Thumb Code   714  exp.o(i.__hardfp_exp)
    __hardfp_fabs                            0x08004bd1   Thumb Code    20  fabs.o(i.__hardfp_fabs)
    __hardfp_floor                           0x08004be9   Thumb Code   252  floor.o(i.__hardfp_floor)
    __hardfp_pow                             0x08004d01   Thumb Code  3072  pow.o(i.__hardfp_pow)
    __hardfp_sin                             0x08005951   Thumb Code   180  sin.o(i.__hardfp_sin)
    __hardfp_sqrt                            0x08005a19   Thumb Code   122  sqrt.o(i.__hardfp_sqrt)
    __ieee754_rem_pio2                       0x08005a99   Thumb Code   938  rred.o(i.__ieee754_rem_pio2)
    __kernel_cos                             0x08005ed1   Thumb Code   322  cos_i.o(i.__kernel_cos)
    __kernel_poly                            0x08006041   Thumb Code   248  poly.o(i.__kernel_poly)
    __kernel_sin                             0x08006139   Thumb Code   280  sin_i.o(i.__kernel_sin)
    __mathlib_dbl_divzero                    0x08006269   Thumb Code    28  dunder.o(i.__mathlib_dbl_divzero)
    __mathlib_dbl_infnan                     0x08006299   Thumb Code    20  dunder.o(i.__mathlib_dbl_infnan)
    __mathlib_dbl_infnan2                    0x080062ad   Thumb Code    20  dunder.o(i.__mathlib_dbl_infnan2)
    __mathlib_dbl_invalid                    0x080062c1   Thumb Code    24  dunder.o(i.__mathlib_dbl_invalid)
    __mathlib_dbl_overflow                   0x080062e1   Thumb Code    24  dunder.o(i.__mathlib_dbl_overflow)
    __mathlib_dbl_underflow                  0x08006301   Thumb Code    24  dunder.o(i.__mathlib_dbl_underflow)
    _is_digit                                0x08006321   Thumb Code    14  __printf_wp.o(i._is_digit)
    atan                                     0x0800632f   Thumb Code    16  atan.o(i.atan)
    covenu                                   0x080063b5   Thumb Code   104  rtkcmn.o(i.covenu)
    decode_raw                               0x08006f8d   Thumb Code   290  main.o(i.decode_raw)
    decode_subfrm1                           0x080070b1   Thumb Code   322  rcvraw.o(i.decode_subfrm1)
    decode_subfrm2                           0x0800721d   Thumb Code   352  rcvraw.o(i.decode_subfrm2)
    decode_subfrm3                           0x080073cd   Thumb Code   566  rcvraw.o(i.decode_subfrm3)
    decode_trksfrbx                          0x08007a71   Thumb Code    60  ublox.o(i.decode_trksfrbx)
    dops                                     0x08007b99   Thumb Code   644  rtkcmn.o(i.dops)
    dot                                      0x08007e31   Thumb Code    76  rtkcmn.o(i.dot)
    ecef2enu                                 0x08007e85   Thumb Code    46  rtkcmn.o(i.ecef2enu)
    ecef2pos                                 0x08007ec9   Thumb Code   446  rtkcmn.o(i.ecef2pos)
    eph2clk                                  0x080080c9   Thumb Code   184  ephemeris.o(i.eph2clk)
    eph2pos                                  0x08008181   Thumb Code  1262  ephemeris.o(i.eph2pos)
    epoch2time                               0x080087a1   Thumb Code   264  rtkcmn.o(i.epoch2time)
    eye                                      0x08008c9d   Thumb Code    44  rtkcmn.o(i.eye)
    fabs                                     0x08008cd1   Thumb Code    24  fabs.o(i.fabs)
    filter                                   0x08008ce9   Thumb Code   428  rtkcmn.o(i.filter)
    fputc                                    0x08009019   Thumb Code    26  fputc.o(i.fputc)
    geodist                                  0x08009119   Thumb Code   364  rtkcmn.o(i.geodist)
    getbits                                  0x080092a5   Thumb Code    40  rtkcmn.o(i.getbits)
    getbitu                                  0x080092cd   Thumb Code    48  rtkcmn.o(i.getbitu)
    gpst2time                                0x080092fd   Thumb Code   174  rtkcmn.o(i.gpst2time)
    imat                                     0x0800958d   Thumb Code    20  rtkcmn.o(i.imat)
    init_raw                                 0x080095a1   Thumb Code   270  rcvraw.o(i.init_raw)
    input_ubx                                0x08009715   Thumb Code   120  ublox.o(i.input_ubx)
    ionmodel                                 0x0800985d   Thumb Code  1180  rtkcmn.o(i.ionmodel)
    ionocorr                                 0x08009cf9   Thumb Code    92  pntpos.o(i.ionocorr)
    lambda                                   0x08009d5d   Thumb Code   216  lambda.o(i.lambda)
    lsq                                      0x08009e4d   Thumb Code   200  rtkcmn.o(i.lsq)
    main                                     0x0800a2b9   Thumb Code   460  main.o(i.main)
    mat                                      0x0800a575   Thumb Code    20  rtkcmn.o(i.mat)
    matcpy                                   0x0800a589   Thumb Code     8  rtkcmn.o(i.matcpy)
    matinv                                   0x0800a591   Thumb Code   174  rtkcmn.o(i.matinv)
    matmul                                   0x0800a651   Thumb Code   490  rtkcmn.o(i.matmul)
    norm                                     0x0800aa8d   Thumb Code    18  rtkcmn.o(i.norm)
    outsol                                   0x0800aaa1   Thumb Code   514  solution.o(i.outsol)
    pntpos                                   0x0800ae09   Thumb Code   290  pntpos.o(i.pntpos)
    pos2ecef                                 0x0800af59   Thumb Code   256  rtkcmn.o(i.pos2ecef)
    rtkinit                                  0x0800c29d   Thumb Code   480  rtkpos.o(i.rtkinit)
    rtkpos                                   0x0800c48d   Thumb Code   394  rtkpos.o(i.rtkpos)
    rtksvrstart                              0x0800c655   Thumb Code   206  rtksvr.o(i.rtksvrstart)
    satazel                                  0x0800c739   Thumb Code   226  rtkcmn.o(i.satazel)
    satno                                    0x0800c845   Thumb Code    96  rtkcmn.o(i.satno)
    satpos                                   0x0800c8a5   Thumb Code    64  ephemeris.o(i.satpos)
    satposs                                  0x0800c8e5   Thumb Code   410  ephemeris.o(i.satposs)
    seleph                                   0x0800d049   Thumb Code   200  ephemeris.o(i.seleph)
    sendRequest                              0x0800d1a1   Thumb Code    36  main.o(i.sendRequest)
    setbit                                   0x0800d1dd   Thumb Code    94  rtkcmn.o(i.setbit)
    solve                                    0x0800d369   Thumb Code   106  rtkcmn.o(i.solve)
    sqrt                                     0x0800d3ed   Thumb Code   110  sqrt.o(i.sqrt)
    testsnr                                  0x0800d4d5   Thumb Code   236  rtkcmn.o(i.testsnr)
    time2doy                                 0x0800d5e1   Thumb Code   108  rtkcmn.o(i.time2doy)
    time2epoch                               0x0800d665   Thumb Code   204  rtkcmn.o(i.time2epoch)
    time2gpst                                0x0800d739   Thumb Code    76  rtkcmn.o(i.time2gpst)
    timeadd                                  0x0800d78d   Thumb Code   106  rtkcmn.o(i.timeadd)
    timediff                                 0x0800d7f7   Thumb Code    44  rtkcmn.o(i.timediff)
    tropcorr                                 0x0800d825   Thumb Code   132  pntpos.o(i.tropcorr)
    tropmapf                                 0x0800d8c1   Thumb Code    86  rtkcmn.o(i.tropmapf)
    tropmodel                                0x0800d931   Thumb Code   598  rtkcmn.o(i.tropmodel)
    updatesvr                                0x0800e119   Thumb Code   196  rtksvr.o(i.updatesvr)
    var_uraeph                               0x0800e3c5   Thumb Code    46  ephemeris.o(i.var_uraeph)
    xyz2enu                                  0x0800e5e1   Thumb Code   188  rtkcmn.o(i.xyz2enu)
    zeros                                    0x0800e93d   Thumb Code    24  rtkcmn.o(i.zeros)
    _get_lc_numeric                          0x0800e955   Thumb Code    44  lc_numeric_c.o(locale$$code)
    __aeabi_dneg                             0x0800e981   Thumb Code     0  basic.o(x$fpl$basic)
    _dneg                                    0x0800e981   Thumb Code     6  basic.o(x$fpl$basic)
    __aeabi_fneg                             0x0800e987   Thumb Code     0  basic.o(x$fpl$basic)
    _fneg                                    0x0800e987   Thumb Code     6  basic.o(x$fpl$basic)
    _dabs                                    0x0800e98d   Thumb Code     6  basic.o(x$fpl$basic)
    _fabs                                    0x0800e993   Thumb Code     6  basic.o(x$fpl$basic)
    __aeabi_d2f                              0x0800e999   Thumb Code     0  d2f.o(x$fpl$d2f)
    _d2f                                     0x0800e999   Thumb Code    98  d2f.o(x$fpl$d2f)
    __aeabi_dadd                             0x0800e9fd   Thumb Code     0  daddsub_clz.o(x$fpl$dadd)
    _dadd                                    0x0800e9fd   Thumb Code   332  daddsub_clz.o(x$fpl$dadd)
    __fpl_dcheck_NaN1                        0x0800eb4d   Thumb Code    10  dcheck1.o(x$fpl$dcheck1)
    __fpl_dcmp_Inf                           0x0800eb5d   Thumb Code    24  dcmpi.o(x$fpl$dcmpinf)
    __aeabi_ddiv                             0x0800eb75   Thumb Code     0  ddiv.o(x$fpl$ddiv)
    _ddiv                                    0x0800eb75   Thumb Code   552  ddiv.o(x$fpl$ddiv)
    __aeabi_cdcmpeq                          0x0800ee25   Thumb Code     0  deqf.o(x$fpl$deqf)
    _dcmpeq                                  0x0800ee25   Thumb Code   120  deqf.o(x$fpl$deqf)
    __aeabi_d2iz                             0x0800ee9d   Thumb Code     0  dfix.o(x$fpl$dfix)
    _dfix                                    0x0800ee9d   Thumb Code    94  dfix.o(x$fpl$dfix)
    __aeabi_d2uiz                            0x0800eefd   Thumb Code     0  dfixu.o(x$fpl$dfixu)
    _dfixu                                   0x0800eefd   Thumb Code    90  dfixu.o(x$fpl$dfixu)
    __aeabi_i2d                              0x0800ef57   Thumb Code     0  dflt_clz.o(x$fpl$dflt)
    _dflt                                    0x0800ef57   Thumb Code    46  dflt_clz.o(x$fpl$dflt)
    __aeabi_ui2d                             0x0800ef85   Thumb Code     0  dflt_clz.o(x$fpl$dfltu)
    _dfltu                                   0x0800ef85   Thumb Code    38  dflt_clz.o(x$fpl$dfltu)
    __aeabi_cdcmple                          0x0800efad   Thumb Code     0  dleqf.o(x$fpl$dleqf)
    _dcmple                                  0x0800efad   Thumb Code   120  dleqf.o(x$fpl$dleqf)
    __fpl_dcmple_InfNaN                      0x0800f00f   Thumb Code     0  dleqf.o(x$fpl$dleqf)
    __aeabi_dmul                             0x0800f025   Thumb Code     0  dmul.o(x$fpl$dmul)
    _dmul                                    0x0800f025   Thumb Code   332  dmul.o(x$fpl$dmul)
    __fpl_dnaninf                            0x0800f179   Thumb Code   156  dnaninf.o(x$fpl$dnaninf)
    __fpl_dretinf                            0x0800f215   Thumb Code    12  dretinf.o(x$fpl$dretinf)
    __aeabi_cdrcmple                         0x0800f221   Thumb Code     0  drleqf.o(x$fpl$drleqf)
    _drcmple                                 0x0800f221   Thumb Code   108  drleqf.o(x$fpl$drleqf)
    __aeabi_drsub                            0x0800f28d   Thumb Code     0  daddsub_clz.o(x$fpl$drsb)
    _drsb                                    0x0800f28d   Thumb Code    22  daddsub_clz.o(x$fpl$drsb)
    _dsqrt                                   0x0800f2a5   Thumb Code   404  dsqrt_umaal.o(x$fpl$dsqrt)
    __aeabi_dsub                             0x0800f43d   Thumb Code     0  daddsub_clz.o(x$fpl$dsub)
    _dsub                                    0x0800f43d   Thumb Code   464  daddsub_clz.o(x$fpl$dsub)
    __aeabi_f2d                              0x0800f611   Thumb Code     0  f2d.o(x$fpl$f2d)
    _f2d                                     0x0800f611   Thumb Code    86  f2d.o(x$fpl$f2d)
    __fpl_fnaninf                            0x0800f667   Thumb Code   140  fnaninf.o(x$fpl$fnaninf)
    _fp_init                                 0x0800f6f3   Thumb Code    10  fpinit.o(x$fpl$fpinit)
    __fplib_config_fpu_vfp                   0x0800f6fb   Thumb Code     0  fpinit.o(x$fpl$fpinit)
    __fplib_config_pureend_doubles           0x0800f6fb   Thumb Code     0  fpinit.o(x$fpl$fpinit)
    __fpl_fretinf                            0x0800f6fd   Thumb Code    10  fretinf.o(x$fpl$fretinf)
    _printf_fp_dec                           0x0800f707   Thumb Code     4  printf1.o(x$fpl$printf1)
    __fpl_return_NaN                         0x0800f70b   Thumb Code   100  retnan.o(x$fpl$retnan)
    __ARM_scalbn                             0x0800f76f   Thumb Code    92  scalbn.o(x$fpl$scalbn)
    __fpl_cmpreturn                          0x0800f7cb   Thumb Code    48  trapv.o(x$fpl$trapveneer)
    __I$use$fp                               0x0800f7fa   Number         0  usenofp.o(x$fpl$usenofp)
    default_opt                              0x0800f9f0   Data         440  rtkcmn.o(.constdata)
    chisqr                                   0x0800fe88   Data         800  rtkcmn.o(.constdata)
    APBAHBPrescTable                         0x080102c8   Data          16  stm32f4xx_hal_rcc.o(.constdata)
    __mathlib_zero                           0x080104e8   Data           8  qnan.o(.constdata)
    __stdin_name                             0x080105e0   Data           4  sys_io.o(.constdata)
    __stdout_name                            0x080105e4   Data           4  sys_io.o(.constdata)
    __stderr_name                            0x080105e8   Data           4  sys_io.o(.constdata)
    Region$$Table$$Base                      0x080106f8   Number         0  anon$$obj.o(Region$$Table)
    Region$$Table$$Limit                     0x08010718   Number         0  anon$$obj.o(Region$$Table)
    uwTick                                   0x20000014   Data           4  stm32f4xx_hal.o(.data)
    SystemCoreClock                          0x20000018   Data           4  system_stm32f4xx.o(.data)
    __aeabi_stdin                            0x2000001c   Data           4  stdio_streams.o(.data)
    __aeabi_stdout                           0x20000020   Data           4  stdio_streams.o(.data)
    __aeabi_stderr                           0x20000024   Data           4  stdio_streams.o(.data)
    TimerHandle                              0x2000dcb8   Data          60  main.o(.bss)
    UartGPSHandle                            0x2000dcf4   Data          64  main.o(.bss)
    UartRFHandle                             0x2000dd34   Data          64  main.o(.bss)
    UartResultHandle                         0x2000dd74   Data          64  main.o(.bss)
    __stdin                                  0x20018b88   Data          84  stdio_streams.o(.bss)
    __stdout                                 0x20018bdc   Data          84  stdio_streams.o(.bss)
    __stderr                                 0x20018c30   Data          84  stdio_streams.o(.bss)
    __libspace_start                         0x20018c84   Data          96  libspace.o(.bss)
    __temporary_stack_top$libspace           0x20018ce4   Data           0  libspace.o(.bss)



==============================================================================

Memory Map of the image

  Image Entry point : 0x080001ad

  Load Region LR_IROM1 (Base: 0x08000000, Size: 0x0001e3ec, Max: 0x00200000, ABSOLUTE, COMPRESSED[0x000108f4])

    Execution Region ER_IROM1 (Base: 0x08000000, Size: 0x00010734, Max: 0x00200000, ABSOLUTE)

    Base Addr    Size         Type   Attr      Idx    E Section Name        Object

    0x08000000   0x000001ac   Data   RO            3    RESET               startup_stm32f427xx.o
    0x080001ac   0x00000008   Code   RO         4249  * !!!main             c_w.l(__main.o)
    0x080001b4   0x00000034   Code   RO         4795    !!!scatter          c_w.l(__scatter.o)
    0x080001e8   0x0000005a   Code   RO         4793    !!dczerorl2         c_w.l(__dczerorl2.o)
    0x08000242   0x00000002   PAD
    0x08000244   0x0000001c   Code   RO         4797    !!handler_zi        c_w.l(__scatter_zi.o)
    0x08000260   0x00000000   Code   RO         4232    .ARM.Collect$$_printf_percent$$00000000  c_w.l(_printf_percent.o)
    0x08000260   0x00000006   Code   RO         4231    .ARM.Collect$$_printf_percent$$00000003  c_w.l(_printf_f.o)
    0x08000266   0x00000006   Code   RO         4230    .ARM.Collect$$_printf_percent$$00000009  c_w.l(_printf_d.o)
    0x0800026c   0x00000006   Code   RO         4229    .ARM.Collect$$_printf_percent$$00000014  c_w.l(_printf_s.o)
    0x08000272   0x00000004   Code   RO         4455    .ARM.Collect$$_printf_percent$$00000017  c_w.l(_printf_percent_end.o)
    0x08000276   0x00000002   Code   RO         4724    .ARM.Collect$$libinit$$00000000  c_w.l(libinit.o)
    0x08000278   0x00000004   Code   RO         4464    .ARM.Collect$$libinit$$00000001  c_w.l(libinit2.o)
    0x0800027c   0x00000000   Code   RO         4467    .ARM.Collect$$libinit$$00000004  c_w.l(libinit2.o)
    0x0800027c   0x00000008   Code   RO         4468    .ARM.Collect$$libinit$$00000005  c_w.l(libinit2.o)
    0x08000284   0x00000000   Code   RO         4470    .ARM.Collect$$libinit$$0000000A  c_w.l(libinit2.o)
    0x08000284   0x00000000   Code   RO         4472    .ARM.Collect$$libinit$$0000000C  c_w.l(libinit2.o)
    0x08000284   0x00000000   Code   RO         4474    .ARM.Collect$$libinit$$0000000E  c_w.l(libinit2.o)
    0x08000284   0x00000006   Code   RO         4475    .ARM.Collect$$libinit$$0000000F  c_w.l(libinit2.o)
    0x0800028a   0x00000000   Code   RO         4477    .ARM.Collect$$libinit$$00000011  c_w.l(libinit2.o)
    0x0800028a   0x00000000   Code   RO         4479    .ARM.Collect$$libinit$$00000013  c_w.l(libinit2.o)
    0x0800028a   0x00000000   Code   RO         4481    .ARM.Collect$$libinit$$00000015  c_w.l(libinit2.o)
    0x0800028a   0x0000000a   Code   RO         4482    .ARM.Collect$$libinit$$00000016  c_w.l(libinit2.o)
    0x08000294   0x00000000   Code   RO         4483    .ARM.Collect$$libinit$$00000017  c_w.l(libinit2.o)
    0x08000294   0x00000000   Code   RO         4485    .ARM.Collect$$libinit$$00000019  c_w.l(libinit2.o)
    0x08000294   0x00000000   Code   RO         4487    .ARM.Collect$$libinit$$0000001B  c_w.l(libinit2.o)
    0x08000294   0x00000000   Code   RO         4489    .ARM.Collect$$libinit$$0000001D  c_w.l(libinit2.o)
    0x08000294   0x00000000   Code   RO         4491    .ARM.Collect$$libinit$$0000001F  c_w.l(libinit2.o)
    0x08000294   0x00000000   Code   RO         4493    .ARM.Collect$$libinit$$00000021  c_w.l(libinit2.o)
    0x08000294   0x00000000   Code   RO         4495    .ARM.Collect$$libinit$$00000023  c_w.l(libinit2.o)
    0x08000294   0x00000004   Code   RO         4496    .ARM.Collect$$libinit$$00000024  c_w.l(libinit2.o)
    0x08000298   0x00000000   Code   RO         4497    .ARM.Collect$$libinit$$00000025  c_w.l(libinit2.o)
    0x08000298   0x00000000   Code   RO         4501    .ARM.Collect$$libinit$$0000002C  c_w.l(libinit2.o)
    0x08000298   0x00000000   Code   RO         4503    .ARM.Collect$$libinit$$0000002E  c_w.l(libinit2.o)
    0x08000298   0x00000000   Code   RO         4505    .ARM.Collect$$libinit$$00000030  c_w.l(libinit2.o)
    0x08000298   0x00000000   Code   RO         4507    .ARM.Collect$$libinit$$00000032  c_w.l(libinit2.o)
    0x08000298   0x00000002   Code   RO         4508    .ARM.Collect$$libinit$$00000033  c_w.l(libinit2.o)
    0x0800029a   0x00000002   Code   RO         4790    .ARM.Collect$$libshutdown$$00000000  c_w.l(libshutdown.o)
    0x0800029c   0x00000000   Code   RO         4669    .ARM.Collect$$libshutdown$$00000002  c_w.l(libshutdown2.o)
    0x0800029c   0x00000004   Code   RO         4670    .ARM.Collect$$libshutdown$$00000003  c_w.l(libshutdown2.o)
    0x080002a0   0x00000000   Code   RO         4671    .ARM.Collect$$libshutdown$$00000004  c_w.l(libshutdown2.o)
    0x080002a0   0x00000000   Code   RO         4674    .ARM.Collect$$libshutdown$$00000007  c_w.l(libshutdown2.o)
    0x080002a0   0x00000000   Code   RO         4677    .ARM.Collect$$libshutdown$$0000000A  c_w.l(libshutdown2.o)
    0x080002a0   0x00000000   Code   RO         4679    .ARM.Collect$$libshutdown$$0000000C  c_w.l(libshutdown2.o)
    0x080002a0   0x00000000   Code   RO         4682    .ARM.Collect$$libshutdown$$0000000F  c_w.l(libshutdown2.o)
    0x080002a0   0x00000002   Code   RO         4683    .ARM.Collect$$libshutdown$$00000010  c_w.l(libshutdown2.o)
    0x080002a2   0x00000000   Code   RO         4415    .ARM.Collect$$rtentry$$00000000  c_w.l(__rtentry.o)
    0x080002a2   0x00000000   Code   RO         4568    .ARM.Collect$$rtentry$$00000002  c_w.l(__rtentry2.o)
    0x080002a2   0x00000006   Code   RO         4580    .ARM.Collect$$rtentry$$00000004  c_w.l(__rtentry4.o)
    0x080002a8   0x00000000   Code   RO         4570    .ARM.Collect$$rtentry$$00000009  c_w.l(__rtentry2.o)
    0x080002a8   0x00000004   Code   RO         4571    .ARM.Collect$$rtentry$$0000000A  c_w.l(__rtentry2.o)
    0x080002ac   0x00000000   Code   RO         4573    .ARM.Collect$$rtentry$$0000000C  c_w.l(__rtentry2.o)
    0x080002ac   0x00000008   Code   RO         4574    .ARM.Collect$$rtentry$$0000000D  c_w.l(__rtentry2.o)
    0x080002b4   0x00000002   Code   RO         4731    .ARM.Collect$$rtexit$$00000000  c_w.l(rtexit.o)
    0x080002b6   0x00000000   Code   RO         4756    .ARM.Collect$$rtexit$$00000002  c_w.l(rtexit2.o)
    0x080002b6   0x00000004   Code   RO         4757    .ARM.Collect$$rtexit$$00000003  c_w.l(rtexit2.o)
    0x080002ba   0x00000006   Code   RO         4758    .ARM.Collect$$rtexit$$00000004  c_w.l(rtexit2.o)
    0x080002c0   0x00000000   Code   RO         4594    .emb_text           c_w.l(maybetermalloc1.o)
    0x080002c0   0x00000040   Code   RO            4    .text               startup_stm32f427xx.o
    0x08000300   0x00000028   Code   RO         4133    .text               c_w.l(calloc.o)
    0x08000328   0x0000005e   Code   RO         4135    .text               c_w.l(h1_alloc.o)
    0x08000386   0x0000004e   Code   RO         4137    .text               c_w.l(h1_free.o)
    0x080003d4   0x00000014   Code   RO         4193    .text               c_w.l(__2fprintf.o)
    0x080003e8   0x0000002c   Code   RO         4195    .text               c_w.l(__2sprintf.o)
    0x08000414   0x0000004e   Code   RO         4203    .text               c_w.l(_printf_pad.o)
    0x08000462   0x00000052   Code   RO         4205    .text               c_w.l(_printf_str.o)
    0x080004b4   0x00000078   Code   RO         4207    .text               c_w.l(_printf_dec.o)
    0x0800052c   0x00000138   Code   RO         4221    .text               c_w.l(__printf_flags_wp.o)
    0x08000664   0x00000048   Code   RO         4239    .text               c_w.l(strcpy.o)
    0x080006ac   0x0000003e   Code   RO         4241    .text               c_w.l(strlen.o)
    0x080006ea   0x00000064   Code   RO         4243    .text               c_w.l(rt_memcpy_w.o)
    0x0800074e   0x0000004e   Code   RO         4245    .text               c_w.l(rt_memclr_w.o)
    0x0800079c   0x00000006   Code   RO         4247    .text               c_w.l(heapauxi.o)
    0x080007a2   0x00000002   PAD
    0x080007a4   0x00000008   Code   RO         4419    .text               c_w.l(rt_heap_descriptor_intlibspace.o)
    0x080007ac   0x00000004   Code   RO         4421    .text               c_w.l(hguard.o)
    0x080007b0   0x0000008a   Code   RO         4423    .text               c_w.l(init_alloc.o)
    0x0800083a   0x0000000e   Code   RO         4427    .text               c_w.l(h1_init.o)
    0x08000848   0x00000016   Code   RO         4441    .text               c_w.l(_rserrno.o)
    0x0800085e   0x000000b2   Code   RO         4443    .text               c_w.l(_printf_intcommon.o)
    0x08000910   0x0000041a   Code   RO         4445    .text               c_w.l(_printf_fp_dec.o)
    0x08000d2a   0x00000002   PAD
    0x08000d2c   0x00000030   Code   RO         4447    .text               c_w.l(_printf_char_common.o)
    0x08000d5c   0x0000000a   Code   RO         4449    .text               c_w.l(_sputc.o)
    0x08000d66   0x0000002c   Code   RO         4451    .text               c_w.l(_printf_char.o)
    0x08000d92   0x00000002   PAD
    0x08000d94   0x00000024   Code   RO         4453    .text               c_w.l(_printf_char_file.o)
    0x08000db8   0x00000138   Code   RO         4456    .text               c_w.l(initio.o)
    0x08000ef0   0x00000044   Code   RO         4460    .text               c_w.l(rt_memclr.o)
    0x08000f34   0x00000066   Code   RO         4557    .text               c_w.l(sys_io.o)
    0x08000f9a   0x00000002   PAD
    0x08000f9c   0x00000008   Code   RO         4564    .text               c_w.l(libspace.o)
    0x08000fa4   0x00000008   Code   RO         4585    .text               c_w.l(rt_locale_intlibspace.o)
    0x08000fac   0x00000008   Code   RO         4590    .text               c_w.l(rt_errno_addr_intlibspace.o)
    0x08000fb4   0x00000034   Code   RO         4596    .text               c_w.l(h1_extend.o)
    0x08000fe8   0x0000008a   Code   RO         4600    .text               c_w.l(lludiv10.o)
    0x08001072   0x00000002   PAD
    0x08001074   0x00000080   Code   RO         4602    .text               c_w.l(_printf_fp_infnan.o)
    0x080010f4   0x000000dc   Code   RO         4606    .text               c_w.l(bigflt0.o)
    0x080011d0   0x00000008   Code   RO         4631    .text               c_w.l(ferror.o)
    0x080011d8   0x00000046   Code   RO         4637    .text               c_w.l(setvbuf.o)
    0x0800121e   0x00000002   PAD
    0x08001220   0x000000ec   Code   RO         4640    .text               c_w.l(fopen.o)
    0x0800130c   0x0000004c   Code   RO         4642    .text               c_w.l(fclose.o)
    0x08001358   0x0000000e   Code   RO         4655    .text               c_w.l(defsig_rtred_outer.o)
    0x08001366   0x0000000e   Code   RO         4659    .text               c_w.l(defsig_rtmem_outer.o)
    0x08001374   0x00000002   Code   RO         4690    .text               c_w.l(use_no_semi.o)
    0x08001376   0x00000000   Code   RO         4692    .text               c_w.l(indicate_semi.o)
    0x08001376   0x0000004a   Code   RO         4693    .text               c_w.l(sys_stackheap_outer.o)
    0x080013c0   0x000001d6   Code   RO         4699    .text               c_w.l(flsbuf.o)
    0x08001596   0x00000002   PAD
    0x08001598   0x000000f8   Code   RO         4701    .text               c_w.l(fseek.o)
    0x08001690   0x000000f0   Code   RO         4703    .text               c_w.l(stdio.o)
    0x08001780   0x00000012   Code   RO         4705    .text               c_w.l(exit.o)
    0x08001792   0x0000000a   Code   RO         4707    .text               c_w.l(defsig_exit.o)
    0x0800179c   0x00000034   Code   RO         4709    .text               c_w.l(defsig_rtred_inner.o)
    0x080017d0   0x00000050   Code   RO         4711    .text               c_w.l(defsig_rtmem_inner.o)
    0x08001820   0x00000080   Code   RO         4713    .text               c_w.l(strcmpv7m.o)
    0x080018a0   0x0000000c   Code   RO         4729    .text               c_w.l(sys_exit.o)
    0x080018ac   0x00000042   Code   RO         4739    .text               c_w.l(ftell.o)
    0x080018ee   0x00000032   Code   RO         4747    .text               c_w.l(defsig_general.o)
    0x08001920   0x0000000e   Code   RO         4753    .text               c_w.l(sys_wrch.o)
    0x0800192e   0x0000003e   Code   RO         4609    CL$$btod_d2e        c_w.l(btod.o)
    0x0800196c   0x00000046   Code   RO         4611    CL$$btod_d2e_denorm_low  c_w.l(btod.o)
    0x080019b2   0x00000060   Code   RO         4610    CL$$btod_d2e_norm_op1  c_w.l(btod.o)
    0x08001a12   0x00000338   Code   RO         4619    CL$$btod_div_common  c_w.l(btod.o)
    0x08001d4a   0x000000c6   Code   RO         4616    CL$$btod_e2e        c_w.l(btod.o)
    0x08001e10   0x00000028   Code   RO         4613    CL$$btod_ediv       c_w.l(btod.o)
    0x08001e38   0x00000028   Code   RO         4612    CL$$btod_emul       c_w.l(btod.o)
    0x08001e60   0x00000244   Code   RO         4618    CL$$btod_mult_common  c_w.l(btod.o)
    0x080020a4   0x00000002   Code   RO          436    i.BusFault_Handler  interrupt.o
    0x080020a6   0x00000002   PAD
    0x080020a8   0x00000088   Code   RO           13    i.ConfigLED         main.o
    0x08002130   0x00000068   Code   RO           14    i.ConfigTimer       main.o
    0x08002198   0x00000080   Code   RO           15    i.ConfigUART        main.o
    0x08002218   0x0000000c   Code   RO          437    i.DMA1_Stream4_IRQHandler  interrupt.o
    0x08002224   0x0000000c   Code   RO          438    i.DMA1_Stream5_IRQHandler  interrupt.o
    0x08002230   0x0000000c   Code   RO          439    i.DMA2_Stream1_IRQHandler  interrupt.o
    0x0800223c   0x0000002c   Code   RO         1575    i.DMA_CalcBaseAndBitshift  stm32f4xx_hal_dma.o
    0x08002268   0x00000088   Code   RO         1576    i.DMA_CheckFifoParam  stm32f4xx_hal_dma.o
    0x080022f0   0x0000002a   Code   RO         1577    i.DMA_SetConfig     stm32f4xx_hal_dma.o
    0x0800231a   0x00000002   Code   RO          440    i.DebugMon_Handler  interrupt.o
    0x0800231c   0x000001d8   Code   RO         1583    i.HAL_DMA_IRQHandler  stm32f4xx_hal_dma.o
    0x080024f4   0x000000d0   Code   RO         1584    i.HAL_DMA_Init      stm32f4xx_hal_dma.o
    0x080025c4   0x00000078   Code   RO         1588    i.HAL_DMA_Start_IT  stm32f4xx_hal_dma.o
    0x0800263c   0x00000016   Code   RO         1423    i.HAL_Delay         stm32f4xx_hal.o
    0x08002652   0x00000002   PAD
    0x08002654   0x000001e0   Code   RO         1922    i.HAL_GPIO_Init     stm32f4xx_hal_gpio.o
    0x08002834   0x00000008   Code   RO         1925    i.HAL_GPIO_TogglePin  stm32f4xx_hal_gpio.o
    0x0800283c   0x0000000e   Code   RO         1926    i.HAL_GPIO_WritePin  stm32f4xx_hal_gpio.o
    0x0800284a   0x00000002   PAD
    0x0800284c   0x0000000c   Code   RO         1431    i.HAL_GetTick       stm32f4xx_hal.o
    0x08002858   0x00000010   Code   RO         1432    i.HAL_IncTick       stm32f4xx_hal.o
    0x08002868   0x00000034   Code   RO         1433    i.HAL_Init          stm32f4xx_hal.o
    0x0800289c   0x00000028   Code   RO         1434    i.HAL_InitTick      stm32f4xx_hal.o
    0x080028c4   0x00000002   Code   RO         1436    i.HAL_MspInit       stm32f4xx_hal.o
    0x080028c6   0x00000016   Code   RO         3972    i.HAL_NVIC_EnableIRQ  stm32f4xx_hal_cortex.o
    0x080028dc   0x00000040   Code   RO         3978    i.HAL_NVIC_SetPriority  stm32f4xx_hal_cortex.o
    0x0800291c   0x00000024   Code   RO         3979    i.HAL_NVIC_SetPriorityGrouping  stm32f4xx_hal_cortex.o
    0x08002940   0x00000184   Code   RO         2985    i.HAL_RCC_ClockConfig  stm32f4xx_hal_rcc.o
    0x08002ac4   0x0000000c   Code   RO         2990    i.HAL_RCC_GetHCLKFreq  stm32f4xx_hal_rcc.o
    0x08002ad0   0x0000002c   Code   RO         2992    i.HAL_RCC_GetPCLK1Freq  stm32f4xx_hal_rcc.o
    0x08002afc   0x0000002c   Code   RO         2993    i.HAL_RCC_GetPCLK2Freq  stm32f4xx_hal_rcc.o
    0x08002b28   0x00000084   Code   RO         2994    i.HAL_RCC_GetSysClockFreq  stm32f4xx_hal_rcc.o
    0x08002bac   0x0000038c   Code   RO         2997    i.HAL_RCC_OscConfig  stm32f4xx_hal_rcc.o
    0x08002f38   0x00000028   Code   RO         3983    i.HAL_SYSTICK_Config  stm32f4xx_hal_cortex.o
    0x08002f60   0x00000002   Code   RO         3730    i.HAL_TIMEx_BreakCallback  stm32f4xx_hal_tim_ex.o
    0x08002f62   0x00000002   Code   RO         3731    i.HAL_TIMEx_CommutationCallback  stm32f4xx_hal_tim_ex.o
    0x08002f64   0x00000038   Code   RO         3091    i.HAL_TIM_Base_Init  stm32f4xx_hal_tim.o
    0x08002f9c   0x00000002   Code   RO         3093    i.HAL_TIM_Base_MspInit  stm32f4xx_hal_tim.o
    0x08002f9e   0x00000018   Code   RO         3096    i.HAL_TIM_Base_Start_IT  stm32f4xx_hal_tim.o
    0x08002fb6   0x00000002   Code   RO         3120    i.HAL_TIM_IC_CaptureCallback  stm32f4xx_hal_tim.o
    0x08002fb8   0x0000016e   Code   RO         3133    i.HAL_TIM_IRQHandler  stm32f4xx_hal_tim.o
    0x08003126   0x00000002   Code   RO         3136    i.HAL_TIM_OC_DelayElapsedCallback  stm32f4xx_hal_tim.o
    0x08003128   0x00000002   Code   RO         3163    i.HAL_TIM_PWM_PulseFinishedCallback  stm32f4xx_hal_tim.o
    0x0800312a   0x00000002   PAD
    0x0800312c   0x0000000c   Code   RO           16    i.HAL_TIM_PeriodElapsedCallback  main.o
    0x08003138   0x00000002   Code   RO         3174    i.HAL_TIM_TriggerCallback  stm32f4xx_hal_tim.o
    0x0800313a   0x00000002   Code   RO         2408    i.HAL_UART_ErrorCallback  stm32f4xx_hal_uart.o
    0x0800313c   0x00000064   Code   RO         2412    i.HAL_UART_Init     stm32f4xx_hal_uart.o
    0x080031a0   0x00000354   Code   RO         1226    i.HAL_UART_MspInit  stm32f4xx_hal_msp.o
    0x080034f4   0x00000090   Code   RO         2416    i.HAL_UART_Receive_DMA  stm32f4xx_hal_uart.o
    0x08003584   0x00000002   Code   RO           17    i.HAL_UART_RxCpltCallback  main.o
    0x08003586   0x00000002   Code   RO         2419    i.HAL_UART_RxHalfCpltCallback  stm32f4xx_hal_uart.o
    0x08003588   0x000000cc   Code   RO         2420    i.HAL_UART_Transmit  stm32f4xx_hal_uart.o
    0x08003654   0x0000008c   Code   RO         2421    i.HAL_UART_Transmit_DMA  stm32f4xx_hal_uart.o
    0x080036e0   0x00000002   Code   RO           18    i.HAL_UART_TxCpltCallback  main.o
    0x080036e2   0x00000002   Code   RO         2424    i.HAL_UART_TxHalfCpltCallback  stm32f4xx_hal_uart.o
    0x080036e4   0x00000002   Code   RO          441    i.HardFault_Handler  interrupt.o
    0x080036e6   0x00000004   Code   RO         1251    i.I4                ublox.o
    0x080036ea   0x00000002   PAD
    0x080036ec   0x00000048   Code   RO         1252    i.I8                ublox.o
    0x08003734   0x00000184   Code   RO          533    i.LD                lambda.o
    0x080038b8   0x00000002   Code   RO          442    i.MemManage_Handler  interrupt.o
    0x080038ba   0x00000002   Code   RO          443    i.NMI_Handler       interrupt.o
    0x080038bc   0x00000020   Code   RO         3985    i.NVIC_SetPriority  stm32f4xx_hal_cortex.o
    0x080038dc   0x00000002   Code   RO          444    i.PendSV_Handler    interrupt.o
    0x080038de   0x00000002   Code   RO          445    i.SVC_Handler       interrupt.o
    0x080038e0   0x00000020   Code   RO           21    i.SendStr           main.o
    0x08003900   0x00000004   Code   RO          446    i.SysTick_Handler   interrupt.o
    0x08003904   0x00000078   Code   RO           22    i.SystemClockConfig  main.o
    0x0800397c   0x00000054   Code   RO         4093    i.SystemInit        system_stm32f4xx.o
    0x080039d0   0x0000000c   Code   RO          447    i.TIM3_IRQHandler   interrupt.o
    0x080039dc   0x000000c4   Code   RO         3175    i.TIM_Base_SetConfig  stm32f4xx_hal_tim.o
    0x08003aa0   0x0000000c   Code   RO         1253    i.U2                ublox.o
    0x08003aac   0x00000004   Code   RO         1254    i.U4                ublox.o
    0x08003ab0   0x0000004a   Code   RO         2426    i.UART_DMAError     stm32f4xx_hal_uart.o
    0x08003afa   0x0000003c   Code   RO         2427    i.UART_DMAReceiveCplt  stm32f4xx_hal_uart.o
    0x08003b36   0x0000000a   Code   RO         2429    i.UART_DMARxHalfCplt  stm32f4xx_hal_uart.o
    0x08003b40   0x0000002e   Code   RO         2431    i.UART_DMATransmitCplt  stm32f4xx_hal_uart.o
    0x08003b6e   0x0000000a   Code   RO         2433    i.UART_DMATxHalfCplt  stm32f4xx_hal_uart.o
    0x08003b78   0x0000001c   Code   RO         2435    i.UART_EndRxTransfer  stm32f4xx_hal_uart.o
    0x08003b94   0x00000012   Code   RO         2437    i.UART_EndTxTransfer  stm32f4xx_hal_uart.o
    0x08003ba6   0x00000002   PAD
    0x08003ba8   0x00000314   Code   RO         2439    i.UART_SetConfig    stm32f4xx_hal_uart.o
    0x08003ebc   0x00000064   Code   RO         2441    i.UART_WaitOnFlagUntilTimeout  stm32f4xx_hal_uart.o
    0x08003f20   0x00000002   Code   RO          448    i.UsageFault_Handler  interrupt.o
    0x08003f22   0x00000030   Code   RO         4541    i.__ARM_fpclassify  m_wm.l(fpclassify.o)
    0x08003f52   0x00000006   PAD
    0x08003f58   0x00000360   Code   RO         4291    i.__hardfp_asin     m_wm.l(asin.o)
    0x080042b8   0x000002d8   Code   RO         4305    i.__hardfp_atan     m_wm.l(atan.o)
    0x08004590   0x000001f0   Code   RO         4319    i.__hardfp_atan2    m_wm.l(atan2.o)
    0x08004780   0x000000c8   Code   RO         4331    i.__hardfp_cos      m_wm.l(cos.o)
    0x08004848   0x0000002a   Code   RO         4343    i.__hardfp_difftime  m_wm.l(difftime.o)
    0x08004872   0x00000006   PAD
    0x08004878   0x00000358   Code   RO         4349    i.__hardfp_exp      m_wm.l(exp.o)
    0x08004bd0   0x00000014   Code   RO         4363    i.__hardfp_fabs     m_wm.l(fabs.o)
    0x08004be4   0x00000004   PAD
    0x08004be8   0x00000118   Code   RO         4369    i.__hardfp_floor    m_wm.l(floor.o)
    0x08004d00   0x00000c50   Code   RO         4375    i.__hardfp_pow      m_wm.l(pow.o)
    0x08005950   0x000000c8   Code   RO         4389    i.__hardfp_sin      m_wm.l(sin.o)
    0x08005a18   0x0000007a   Code   RO         4401    i.__hardfp_sqrt     m_wm.l(sqrt.o)
    0x08005a92   0x00000006   PAD
    0x08005a98   0x00000438   Code   RO         4546    i.__ieee754_rem_pio2  m_wm.l(rred.o)
    0x08005ed0   0x00000170   Code   RO         4524    i.__kernel_cos      m_wm.l(cos_i.o)
    0x08006040   0x000000f8   Code   RO         4543    i.__kernel_poly     m_wm.l(poly.o)
    0x08006138   0x00000130   Code   RO         4551    i.__kernel_sin      m_wm.l(sin_i.o)
    0x08006268   0x00000030   Code   RO         4527    i.__mathlib_dbl_divzero  m_wm.l(dunder.o)
    0x08006298   0x00000014   Code   RO         4528    i.__mathlib_dbl_infnan  m_wm.l(dunder.o)
    0x080062ac   0x00000014   Code   RO         4529    i.__mathlib_dbl_infnan2  m_wm.l(dunder.o)
    0x080062c0   0x00000020   Code   RO         4530    i.__mathlib_dbl_invalid  m_wm.l(dunder.o)
    0x080062e0   0x00000020   Code   RO         4531    i.__mathlib_dbl_overflow  m_wm.l(dunder.o)
    0x08006300   0x00000020   Code   RO         4533    i.__mathlib_dbl_underflow  m_wm.l(dunder.o)
    0x08006320   0x0000000e   Code   RO         4219    i._is_digit         c_w.l(__printf_wp.o)
    0x0800632e   0x00000010   Code   RO         4307    i.atan              m_wm.l(atan.o)
    0x0800633e   0x00000040   Code   RO         1032    i.baseline          rtkpos.o
    0x0800637e   0x00000036   Code   RO         1255    i.checksum          ublox.o
    0x080063b4   0x00000080   Code   RO          743    i.covenu            rtkcmn.o
    0x08006434   0x000000ac   Code   RO         1033    i.ddcov             rtkpos.o
    0x080064e0   0x000001a0   Code   RO         1034    i.ddmat             rtkpos.o
    0x08006680   0x00000724   Code   RO         1035    i.ddres             rtkpos.o
    0x08006da4   0x000000a8   Code   RO         1256    i.decode_ephem      ublox.o
    0x08006e4c   0x000000ac   Code   RO         1257    i.decode_nav        ublox.o
    0x08006ef8   0x00000094   Code   RO         1258    i.decode_navsol     ublox.o
    0x08006f8c   0x00000122   Code   RO           23    i.decode_raw        main.o
    0x080070ae   0x00000002   PAD
    0x080070b0   0x0000016c   Code   RO          690    i.decode_subfrm1    rcvraw.o
    0x0800721c   0x000001b0   Code   RO          691    i.decode_subfrm2    rcvraw.o
    0x080073cc   0x00000270   Code   RO          692    i.decode_subfrm3    rcvraw.o
    0x0800763c   0x00000434   Code   RO         1259    i.decode_trkmeas    ublox.o
    0x08007a70   0x0000003c   Code   RO         1260    i.decode_trksfrbx   ublox.o
    0x08007aac   0x0000005a   Code   RO         1261    i.decode_ubx        ublox.o
    0x08007b06   0x00000002   PAD
    0x08007b08   0x00000090   Code   RO         1036    i.detslp_ll         rtkpos.o
    0x08007b98   0x00000298   Code   RO          744    i.dops              rtkcmn.o
    0x08007e30   0x00000054   Code   RO          745    i.dot               rtkcmn.o
    0x08007e84   0x00000044   Code   RO          746    i.ecef2enu          rtkcmn.o
    0x08007ec8   0x00000200   Code   RO          747    i.ecef2pos          rtkcmn.o
    0x080080c8   0x000000b8   Code   RO          380    i.eph2clk           ephemeris.o
    0x08008180   0x000004f8   Code   RO          381    i.eph2pos           ephemeris.o
    0x08008678   0x0000003a   Code   RO          382    i.ephclk            ephemeris.o
    0x080086b2   0x00000002   PAD
    0x080086b4   0x000000ec   Code   RO          383    i.ephpos            ephemeris.o
    0x080087a0   0x00000120   Code   RO          748    i.epoch2time        rtkcmn.o
    0x080088c0   0x000003dc   Code   RO          619    i.estpos            pntpos.o
    0x08008c9c   0x00000034   Code   RO          749    i.eye               rtkcmn.o
    0x08008cd0   0x00000018   Code   RO         4365    i.fabs              m_wm.l(fabs.o)
    0x08008ce8   0x000001b4   Code   RO          750    i.filter            rtkcmn.o
    0x08008e9c   0x0000017c   Code   RO          751    i.filter_           rtkcmn.o
    0x08009018   0x0000001a   Code   RO         4634    i.fputc             c_w.l(fputc.o)
    0x08009032   0x00000002   PAD
    0x08009034   0x000000e4   Code   RO          534    i.gauss             lambda.o
    0x08009118   0x0000018c   Code   RO          752    i.geodist           rtkcmn.o
    0x080092a4   0x00000028   Code   RO          753    i.getbits           rtkcmn.o
    0x080092cc   0x00000030   Code   RO          754    i.getbitu           rtkcmn.o
    0x080092fc   0x000000d0   Code   RO          755    i.gpst2time         rtkcmn.o
    0x080093cc   0x000001c0   Code   RO         1037    i.holdamb           rtkpos.o
    0x0800958c   0x00000014   Code   RO          757    i.imat              rtkcmn.o
    0x080095a0   0x0000011c   Code   RO          693    i.init_raw          rcvraw.o
    0x080096bc   0x00000058   Code   RO         1038    i.initx             rtkpos.o
    0x08009714   0x00000078   Code   RO         1262    i.input_ubx         ublox.o
    0x0800978c   0x000000d0   Code   RO          758    i.interpc           rtkcmn.o
    0x0800985c   0x0000049c   Code   RO          759    i.ionmodel          rtkcmn.o
    0x08009cf8   0x00000064   Code   RO          620    i.ionocorr          pntpos.o
    0x08009d5c   0x000000f0   Code   RO          535    i.lambda            lambda.o
    0x08009e4c   0x000000e0   Code   RO          760    i.lsq               rtkcmn.o
    0x08009f2c   0x00000104   Code   RO          761    i.lubksb            rtkcmn.o
    0x0800a030   0x00000288   Code   RO          762    i.ludcmp            rtkcmn.o
    0x0800a2b8   0x000001f8   Code   RO           24    i.main              main.o
    0x0800a4b0   0x000000c4   Code   RO          763    i.mapf              rtkcmn.o
    0x0800a574   0x00000014   Code   RO          764    i.mat               rtkcmn.o
    0x0800a588   0x00000008   Code   RO          765    i.matcpy            rtkcmn.o
    0x0800a590   0x000000c0   Code   RO          766    i.matinv            rtkcmn.o
    0x0800a650   0x000001f4   Code   RO          767    i.matmul            rtkcmn.o
    0x0800a844   0x00000248   Code   RO          768    i.nmf               rtkcmn.o
    0x0800aa8c   0x00000012   Code   RO          769    i.norm              rtkcmn.o
    0x0800aa9e   0x00000002   PAD
    0x0800aaa0   0x00000220   Code   RO         1196    i.outsol            solution.o
    0x0800acc0   0x00000148   Code   RO          536    i.perm              lambda.o
    0x0800ae08   0x00000150   Code   RO          621    i.pntpos            pntpos.o
    0x0800af58   0x00000120   Code   RO          770    i.pos2ecef          rtkcmn.o
    0x0800b078   0x000000d8   Code   RO          537    i.reduction         lambda.o
    0x0800b150   0x000008b0   Code   RO         1039    i.relpos            rtkpos.o
    0x0800ba00   0x000004f4   Code   RO         1040    i.resamb_LAMBDA     rtkpos.o
    0x0800bef4   0x000002cc   Code   RO          622    i.rescode           pntpos.o
    0x0800c1c0   0x000000dc   Code   RO         1041    i.restamb           rtkpos.o
    0x0800c29c   0x000001f0   Code   RO         1042    i.rtkinit           rtkpos.o
    0x0800c48c   0x000001c8   Code   RO         1043    i.rtkpos            rtkpos.o
    0x0800c654   0x000000e4   Code   RO         1163    i.rtksvrstart       rtksvr.o
    0x0800c738   0x0000010c   Code   RO          771    i.satazel           rtkcmn.o
    0x0800c844   0x00000060   Code   RO          772    i.satno             rtkcmn.o
    0x0800c8a4   0x00000040   Code   RO          384    i.satpos            ephemeris.o
    0x0800c8e4   0x000001b4   Code   RO          385    i.satposs           ephemeris.o
    0x0800ca98   0x00000078   Code   RO         1044    i.sdobs             rtkpos.o
    0x0800cb10   0x00000538   Code   RO          538    i.search            lambda.o
    0x0800d048   0x000000d8   Code   RO          386    i.seleph            ephemeris.o
    0x0800d120   0x0000007e   Code   RO         1045    i.selsat            rtkpos.o
    0x0800d19e   0x00000002   PAD
    0x0800d1a0   0x0000003c   Code   RO           25    i.sendRequest       main.o
    0x0800d1dc   0x0000005e   Code   RO          773    i.setbit            rtkcmn.o
    0x0800d23a   0x00000002   PAD
    0x0800d23c   0x0000012c   Code   RO          623    i.solval            pntpos.o
    0x0800d368   0x00000084   Code   RO          774    i.solve             rtkcmn.o
    0x0800d3ec   0x0000006e   Code   RO         4403    i.sqrt              m_wm.l(sqrt.o)
    0x0800d45a   0x00000002   PAD
    0x0800d45c   0x00000060   Code   RO         1197    i.sqvar             solution.o
    0x0800d4bc   0x00000016   Code   RO         1263    i.sync_ubx          ublox.o
    0x0800d4d2   0x00000002   PAD
    0x0800d4d4   0x0000010c   Code   RO          775    i.testsnr           rtkcmn.o
    0x0800d5e0   0x00000084   Code   RO          776    i.time2doy          rtkcmn.o
    0x0800d664   0x000000d4   Code   RO          777    i.time2epoch        rtkcmn.o
    0x0800d738   0x00000054   Code   RO          778    i.time2gpst         rtkcmn.o
    0x0800d78c   0x0000006a   Code   RO          780    i.timeadd           rtkcmn.o
    0x0800d7f6   0x0000002c   Code   RO          781    i.timediff          rtkcmn.o
    0x0800d822   0x00000002   PAD
    0x0800d824   0x0000009c   Code   RO          624    i.tropcorr          pntpos.o
    0x0800d8c0   0x00000070   Code   RO          782    i.tropmapf          rtkcmn.o
    0x0800d930   0x00000310   Code   RO          783    i.tropmodel         rtkcmn.o
    0x0800dc40   0x0000002c   Code   RO         1264    i.ubx_sys           ublox.o
    0x0800dc6c   0x00000410   Code   RO         1046    i.udbias            rtkpos.o
    0x0800e07c   0x0000003c   Code   RO         1047    i.udpos             rtkpos.o
    0x0800e0b8   0x0000005e   Code   RO         1048    i.udstate           rtkpos.o
    0x0800e116   0x00000002   PAD
    0x0800e118   0x000000c8   Code   RO         1164    i.updatesvr         rtksvr.o
    0x0800e1e0   0x000000a0   Code   RO         1049    i.validobs          rtkpos.o
    0x0800e280   0x00000144   Code   RO         1050    i.valpos            rtkpos.o
    0x0800e3c4   0x00000034   Code   RO          387    i.var_uraeph        ephemeris.o
    0x0800e3f8   0x0000008c   Code   RO          625    i.varerr            pntpos.o
    0x0800e484   0x0000015c   Code   RO         1051    i.varerr            rtkpos.o
    0x0800e5e0   0x000000c4   Code   RO          785    i.xyz2enu           rtkcmn.o
    0x0800e6a4   0x000001c4   Code   RO         1052    i.zdres             rtkpos.o
    0x0800e868   0x000000d4   Code   RO         1053    i.zdres_sat         rtkpos.o
    0x0800e93c   0x00000018   Code   RO          786    i.zeros             rtkcmn.o
    0x0800e954   0x0000002c   Code   RO         4653    locale$$code        c_w.l(lc_numeric_c.o)
    0x0800e980   0x00000018   Code   RO         4251    x$fpl$basic         fz_wm.l(basic.o)
    0x0800e998   0x00000062   Code   RO         4253    x$fpl$d2f           fz_wm.l(d2f.o)
    0x0800e9fa   0x00000002   PAD
    0x0800e9fc   0x00000150   Code   RO         4255    x$fpl$dadd          fz_wm.l(daddsub_clz.o)
    0x0800eb4c   0x00000010   Code   RO         4684    x$fpl$dcheck1       fz_wm.l(dcheck1.o)
    0x0800eb5c   0x00000018   Code   RO         4509    x$fpl$dcmpinf       fz_wm.l(dcmpi.o)
    0x0800eb74   0x000002b0   Code   RO         4262    x$fpl$ddiv          fz_wm.l(ddiv.o)
    0x0800ee24   0x00000078   Code   RO         4265    x$fpl$deqf          fz_wm.l(deqf.o)
    0x0800ee9c   0x0000005e   Code   RO         4267    x$fpl$dfix          fz_wm.l(dfix.o)
    0x0800eefa   0x00000002   PAD
    0x0800eefc   0x0000005a   Code   RO         4271    x$fpl$dfixu         fz_wm.l(dfixu.o)
    0x0800ef56   0x0000002e   Code   RO         4276    x$fpl$dflt          fz_wm.l(dflt_clz.o)
    0x0800ef84   0x00000026   Code   RO         4275    x$fpl$dfltu         fz_wm.l(dflt_clz.o)
    0x0800efaa   0x00000002   PAD
    0x0800efac   0x00000078   Code   RO         4281    x$fpl$dleqf         fz_wm.l(dleqf.o)
    0x0800f024   0x00000154   Code   RO         4283    x$fpl$dmul          fz_wm.l(dmul.o)
    0x0800f178   0x0000009c   Code   RO         4511    x$fpl$dnaninf       fz_wm.l(dnaninf.o)
    0x0800f214   0x0000000c   Code   RO         4513    x$fpl$dretinf       fz_wm.l(dretinf.o)
    0x0800f220   0x0000006c   Code   RO         4285    x$fpl$drleqf        fz_wm.l(drleqf.o)
    0x0800f28c   0x00000016   Code   RO         4256    x$fpl$drsb          fz_wm.l(daddsub_clz.o)
    0x0800f2a2   0x00000002   PAD
    0x0800f2a4   0x00000198   Code   RO         4515    x$fpl$dsqrt         fz_wm.l(dsqrt_umaal.o)
    0x0800f43c   0x000001d4   Code   RO         4257    x$fpl$dsub          fz_wm.l(daddsub_clz.o)
    0x0800f610   0x00000056   Code   RO         4287    x$fpl$f2d           fz_wm.l(f2d.o)
    0x0800f666   0x0000008c   Code   RO         4517    x$fpl$fnaninf       fz_wm.l(fnaninf.o)
    0x0800f6f2   0x0000000a   Code   RO         4686    x$fpl$fpinit        fz_wm.l(fpinit.o)
    0x0800f6fc   0x0000000a   Code   RO         4519    x$fpl$fretinf       fz_wm.l(fretinf.o)
    0x0800f706   0x00000004   Code   RO         4289    x$fpl$printf1       fz_wm.l(printf1.o)
    0x0800f70a   0x00000064   Code   RO         4727    x$fpl$retnan        fz_wm.l(retnan.o)
    0x0800f76e   0x0000005c   Code   RO         4521    x$fpl$scalbn        fz_wm.l(scalbn.o)
    0x0800f7ca   0x00000030   Code   RO         4751    x$fpl$trapveneer    fz_wm.l(trapv.o)
    0x0800f7fa   0x00000000   Code   RO         4523    x$fpl$usenofp       fz_wm.l(usenofp.o)
    0x0800f7fa   0x00000006   PAD
    0x0800f800   0x00000078   Data   RO          388    .constdata          ephemeris.o
    0x0800f878   0x00000178   Data   RO          694    .constdata          rcvraw.o
    0x0800f9f0   0x000001b8   Data   RO          787    .constdata          rtkcmn.o
    0x0800fba8   0x000002e0   Data   RO          788    .constdata          rtkcmn.o
    0x0800fe88   0x00000320   Data   RO          790    .constdata          rtkcmn.o
    0x080101a8   0x00000010   Data   RO         1054    .constdata          rtkpos.o
    0x080101b8   0x00000108   Data   RO         1166    .constdata          rtksvr.o
    0x080102c0   0x00000008   Data   RO         1590    .constdata          stm32f4xx_hal_dma.o
    0x080102c8   0x00000010   Data   RO         2998    .constdata          stm32f4xx_hal_rcc.o
    0x080102d8   0x00000011   Data   RO         4222    .constdata          c_w.l(__printf_flags_wp.o)
    0x080102e9   0x00000007   PAD
    0x080102f0   0x00000050   Data   RO         4294    .constdata          m_wm.l(asin.o)
    0x08010340   0x00000098   Data   RO         4308    .constdata          m_wm.l(atan.o)
    0x080103d8   0x00000058   Data   RO         4352    .constdata          m_wm.l(exp.o)
    0x08010430   0x00000088   Data   RO         4378    .constdata          m_wm.l(pow.o)
    0x080104b8   0x00000030   Data   RO         4525    .constdata          m_wm.l(cos_i.o)
    0x080104e8   0x00000008   Data   RO         4545    .constdata          m_wm.l(qnan.o)
    0x080104f0   0x000000c8   Data   RO         4548    .constdata          m_wm.l(rred.o)
    0x080105b8   0x00000028   Data   RO         4552    .constdata          m_wm.l(sin_i.o)
    0x080105e0   0x00000004   Data   RO         4558    .constdata          c_w.l(sys_io.o)
    0x080105e4   0x00000004   Data   RO         4559    .constdata          c_w.l(sys_io.o)
    0x080105e8   0x00000004   Data   RO         4560    .constdata          c_w.l(sys_io.o)
    0x080105ec   0x00000094   Data   RO         4607    .constdata          c_w.l(bigflt0.o)
    0x08010680   0x00000077   Data   RO         1198    .conststring        solution.o
    0x080106f7   0x00000001   PAD
    0x080106f8   0x00000020   Data   RO         4791    Region$$Table       anon$$obj.o
    0x08010718   0x0000001c   Data   RO         4652    locale$$data        c_w.l(lc_numeric_c.o)


    Execution Region RW_IRAM1 (Base: 0x20000000, Size: 0x000192e8, Max: 0x00030000, ABSOLUTE, COMPRESSED[0x000001c0])

    Base Addr    Size         Type   Attr      Idx    E Section Name        Object

    0x20000000   0x00000014   Data   RW           29    .data               main.o
    0x20000014   0x00000004   Data   RW         1439    .data               stm32f4xx_hal.o
    0x20000018   0x00000004   Data   RW         4096    .data               system_stm32f4xx.o
    0x2000001c   0x00000004   Data   RW         4236    .data               c_w.l(stdio_streams.o)
    0x20000020   0x00000004   Data   RW         4237    .data               c_w.l(stdio_streams.o)
    0x20000024   0x00000004   Data   RW         4238    .data               c_w.l(stdio_streams.o)
    0x20000028   0x0000dc90   Data   RW           30    IRAM1               main.o
    0x2000dcb8   0x00000d00   Zero   RW           26    .bss                main.o
    0x2000e9b8   0x0000a000   Zero   RW         1165    .bss                rtksvr.o
    0x200189b8   0x000001d0   Zero   RW         1227    .bss                stm32f4xx_hal_msp.o
    0x20018b88   0x00000054   Zero   RW         4233    .bss                c_w.l(stdio_streams.o)
    0x20018bdc   0x00000054   Zero   RW         4234    .bss                c_w.l(stdio_streams.o)
    0x20018c30   0x00000054   Zero   RW         4235    .bss                c_w.l(stdio_streams.o)
    0x20018c84   0x00000060   Zero   RW         4565    .bss                c_w.l(libspace.o)
    0x20018ce4   0x00000004   PAD
    0x20018ce8   0x00000200   Zero   RW            2    HEAP                startup_stm32f427xx.o
    0x20018ee8   0x00000400   Zero   RW            1    STACK               startup_stm32f427xx.o


==============================================================================

Image component sizes


      Code (inc. data)   RO Data    RW Data    ZI Data      Debug   Object Name

      2518        116        120          0          0       7777   ephemeris.o
        68         18          0          0          0       5390   interrupt.o
      2736        190          0          0          0       6889   lambda.o
      1390        130          0      56484       3328     355355   main.o
      2736        296          0          0          0      16764   pntpos.o
      1704        194        376          0          0      11799   rcvraw.o
     10202       1046       1976          0          0      42001   rtkcmn.o
     10760        862         16          0          0      26555   rtkpos.o
       428         26        264          0      40960       2086   rtksvr.o
       640         40        119          0          0       1837   solution.o
        64         26        428          0       1536        836   startup_stm32f427xx.o
       144         22          0          4          0       4341   stm32f4xx_hal.o
       194         14          0          0          0      30087   stm32f4xx_hal_cortex.o
      1022         20          8          0          0       5619   stm32f4xx_hal_dma.o
       502         54          0          0          0       2925   stm32f4xx_hal_gpio.o
       852         50          0          0        464       2067   stm32f4xx_hal_msp.o
      1528         68         16          0          0       5959   stm32f4xx_hal_rcc.o
       652         44          0          0          0       5686   stm32f4xx_hal_tim.o
         4          0          0          0          0       1342   stm32f4xx_hal_tim_ex.o
      1728         34          0          0          0      10560   stm32f4xx_hal_uart.o
        84         18          0          4          0       1139   system_stm32f4xx.o
      2046        162          0          0          0      11254   ublox.o

    ----------------------------------------------------------------------
     42032       3430       3356      56492      46288     558268   Object Totals
         0          0         32          0          0          0   (incl. Generated)
        30          0          1          0          0          0   (incl. Padding)

    ----------------------------------------------------------------------

      Code (inc. data)   RO Data    RW Data    ZI Data      Debug   Library Member Name

        20          0          0          0          0         84   __2fprintf.o
        44          6          0          0          0         84   __2sprintf.o
        90          0          0          0          0          0   __dczerorl2.o
         8          0          0          0          0         68   __main.o
       312          4         17          0          0         92   __printf_flags_wp.o
        14          0          0          0          0         68   __printf_wp.o
         0          0          0          0          0          0   __rtentry.o
        12          0          0          0          0          0   __rtentry2.o
         6          0          0          0          0          0   __rtentry4.o
        52          8          0          0          0          0   __scatter.o
        28          0          0          0          0          0   __scatter_zi.o
        44          0          0          0          0        108   _printf_char.o
        48          6          0          0          0         96   _printf_char_common.o
        36          4          0          0          0         80   _printf_char_file.o
         6          0          0          0          0          0   _printf_d.o
       120         16          0          0          0         92   _printf_dec.o
         6          0          0          0          0          0   _printf_f.o
      1050          0          0          0          0        216   _printf_fp_dec.o
       128         16          0          0          0         84   _printf_fp_infnan.o
       178          0          0          0          0         88   _printf_intcommon.o
        78          0          0          0          0        108   _printf_pad.o
         0          0          0          0          0          0   _printf_percent.o
         4          0          0          0          0          0   _printf_percent_end.o
         6          0          0          0          0          0   _printf_s.o
        82          0          0          0          0         80   _printf_str.o
        22          0          0          0          0        100   _rserrno.o
        10          0          0          0          0         68   _sputc.o
       220          4        148          0          0         96   bigflt0.o
      1910        128          0          0          0        672   btod.o
        40          0          0          0          0         80   calloc.o
        10          0          0          0          0         68   defsig_exit.o
        50          0          0          0          0         88   defsig_general.o
        80         58          0          0          0         76   defsig_rtmem_inner.o
        14          0          0          0          0         80   defsig_rtmem_outer.o
        52         38          0          0          0         76   defsig_rtred_inner.o
        14          0          0          0          0         80   defsig_rtred_outer.o
        18          0          0          0          0         80   exit.o
        76          0          0          0          0         88   fclose.o
         8          0          0          0          0         68   ferror.o
       470          0          0          0          0         88   flsbuf.o
       236          4          0          0          0        128   fopen.o
        26          0          0          0          0         68   fputc.o
       248          6          0          0          0         84   fseek.o
        66          0          0          0          0         76   ftell.o
        94          0          0          0          0         80   h1_alloc.o
        52          0          0          0          0         68   h1_extend.o
        78          0          0          0          0         80   h1_free.o
        14          0          0          0          0         84   h1_init.o
         6          0          0          0          0        152   heapauxi.o
         4          0          0          0          0        136   hguard.o
         0          0          0          0          0          0   indicate_semi.o
       138          0          0          0          0        168   init_alloc.o
       312         46          0          0          0        112   initio.o
        44         10         28          0          0         76   lc_numeric_c.o
         2          0          0          0          0          0   libinit.o
        34          0          0          0          0          0   libinit2.o
         2          0          0          0          0          0   libshutdown.o
         6          0          0          0          0          0   libshutdown2.o
         8          4          0          0         96         68   libspace.o
       138          0          0          0          0         80   lludiv10.o
         0          0          0          0          0          0   maybetermalloc1.o
         8          4          0          0          0         68   rt_errno_addr_intlibspace.o
         8          4          0          0          0         68   rt_heap_descriptor_intlibspace.o
         8          4          0          0          0         68   rt_locale_intlibspace.o
        68          0          0          0          0         68   rt_memclr.o
        78          0          0          0          0         80   rt_memclr_w.o
       100          0          0          0          0         80   rt_memcpy_w.o
         2          0          0          0          0          0   rtexit.o
        10          0          0          0          0          0   rtexit2.o
        70          0          0          0          0         80   setvbuf.o
       240          6          0          0          0        156   stdio.o
         0          0          0         12        252          0   stdio_streams.o
       128          0          0          0          0         68   strcmpv7m.o
        72          0          0          0          0         80   strcpy.o
        62          0          0          0          0         76   strlen.o
        12          4          0          0          0         68   sys_exit.o
       102          0         12          0          0        240   sys_io.o
        74          0          0          0          0         80   sys_stackheap_outer.o
        14          0          0          0          0         76   sys_wrch.o
         2          0          0          0          0         68   use_no_semi.o
        24          0          0          0          0        164   basic.o
        98          4          0          0          0        140   d2f.o
       826         16          0          0          0        492   daddsub_clz.o
        16          4          0          0          0        116   dcheck1.o
        24          0          0          0          0        116   dcmpi.o
       688        140          0          0          0        256   ddiv.o
       120          4          0          0          0        140   deqf.o
        94          4          0          0          0        140   dfix.o
        90          4          0          0          0        140   dfixu.o
        84          0          0          0          0        232   dflt_clz.o
       120          4          0          0          0        140   dleqf.o
       340         12          0          0          0        152   dmul.o
       156          4          0          0          0        140   dnaninf.o
        12          0          0          0          0        116   dretinf.o
       108          0          0          0          0        128   drleqf.o
       408         56          0          0          0        168   dsqrt_umaal.o
        86          4          0          0          0        132   f2d.o
       140          4          0          0          0        132   fnaninf.o
        10          0          0          0          0        116   fpinit.o
        10          0          0          0          0        116   fretinf.o
         4          0          0          0          0        116   printf1.o
       100          0          0          0          0        116   retnan.o
        92          0          0          0          0        116   scalbn.o
        48          0          0          0          0        116   trapv.o
         0          0          0          0          0          0   usenofp.o
       864         94         80          0          0        280   asin.o
       744        106        152          0          0        352   atan.o
       496         64          0          0          0        192   atan2.o
       200         20          0          0          0        164   cos.o
       368         46         48          0          0        200   cos_i.o
        42          0          0          0          0        136   difftime.o
       184         44          0          0          0        744   dunder.o
       856        142         88          0          0        288   exp.o
        44          0          0          0          0        248   fabs.o
       280         28          0          0          0        156   floor.o
        48          0          0          0          0        124   fpclassify.o
       248          0          0          0          0        152   poly.o
      3152        296        136          0          0        352   pow.o
         0          0          8          0          0          0   qnan.o
      1080        142        200          0          0        188   rred.o
       200         20          0          0          0        164   sin.o
       304         24         40          0          0        208   sin_i.o
       232          0          0          0          0        296   sqrt.o

    ----------------------------------------------------------------------
     21028       1666        964         12        352      14024   Library Totals
        56          0          7          0          4          0   (incl. Padding)

    ----------------------------------------------------------------------

      Code (inc. data)   RO Data    RW Data    ZI Data      Debug   Library Name

      7932        380        205         12        348       6040   c_w.l
      3698        260          0          0          0       3740   fz_wm.l
      9342       1026        752          0          0       4244   m_wm.l

    ----------------------------------------------------------------------
     21028       1666        964         12        352      14024   Library Totals

    ----------------------------------------------------------------------

==============================================================================


      Code (inc. data)   RO Data    RW Data    ZI Data      Debug   

     63060       5096       4320      56504      46640     545912   Grand Totals
     63060       5096       4320        448      46640     545912   ELF Image Totals (compressed)
     63060       5096       4320        448          0          0   ROM Totals

==============================================================================

    Total RO  Size (Code + RO Data)                67380 (  65.80kB)
    Total RW  Size (RW Data + ZI Data)            103144 ( 100.73kB)
    Total ROM Size (Code + RO Data + RW Data)      67828 (  66.24kB)

==============================================================================

